Using greedy single algorithm!
Graph Data file used: SP-CARP_O17_g_graph.dat
Vehicle Data file used: SP-CARP_2-2.veh

Program starting at: 2026-08-09 01:35:26.084339
Greedy algorithm time: 0.001807 seconds
Cost of initial solution: 11095335.0
Total number of edges: 171
Number of unsatisfied edges: 3
0 edges were not serviced at all!
Running Local Search with top 50 operations according to estimation



Phase 1 ended! Current time: 2026-08-09 01:35:26.209349
Phase 1 Report:
Iteration count: 2
Last iteration time: 0.0
Average iteration time: 0.0
Current score: 9089564.0


Phase 2 (only move_services) mid-report:
Iteration count: 1
Last iteration time: 0.1875014305114746
Average iteration time: 0.1875014305114746
Current score: 8089738.0


Phase 2 (only move_services) ended! Current time: 2026-08-09 01:35:27.396840
Phase 2 (only move_services) Report:
Iteration count: 4
Last iteration time: 0.062497615814208984
Average iteration time: 0.2539061903953552
Current score: 6092776.0


Phase 3 (using only swap_services) mid-report:
Iteration count: 1
Last iteration time: 0.1875007152557373
Average iteration time: 0.1875007152557373
Current score: 6092153.0


Phase 3 (using only swap_services) ended! Current time: 2026-08-09 01:35:38.568715
Phase 3 (using only swap_services) Report:
Iteration count: 25
Last iteration time: 0.04687690734863281
Average iteration time: 0.186875114440918
Current score: 6088444.0


Phase 4 (routing operators) mid-report:
Current day: 0
Iteration count: 1
Last iteration time: 2.0625033378601074
Average iteration time: 2.0625033378601074
Current score: 6088410.0


Phase 4 (routing operators) day 0 ended!
Phase 4 (routing operators) day report:
Current Iteration count: 2
Last iteration time: 0.015618324279785156
Average iteration time: 1.0390608310699463
Current score: 6088410.0


Phase 4 (routing operators) day 1 ended!
Phase 4 (routing operators) day report:
Current Iteration count: 3
Last iteration time: 0.015624046325683594
Average iteration time: 0.697915236155192
Current score: 6088410.0


Phase 4 (routing operators) day 2 ended!
Phase 4 (routing operators) day report:
Current Iteration count: 5
Last iteration time: 0.01563239097595215
Average iteration time: 0.4718757152557373
Current score: 6088358.0


Phase 4 (routing operators) day 3 ended!
Phase 4 (routing operators) day report:
Current Iteration count: 6
Last iteration time: 0.0
Average iteration time: 0.39322976271311444
Current score: 6088358.0


Phase 4 (routing operators) day 4 ended!
Phase 4 (routing operators) day report:
Current Iteration count: 7
Last iteration time: 0.0
Average iteration time: 0.33705408232552664
Current score: 6088358.0


Phase 4 (routing operators) day 7 ended!
Phase 4 (routing operators) day report:
Current Iteration count: 8
Last iteration time: 0.0
Average iteration time: 0.2949223220348358
Current score: 6088358.0


Phase 4 (routing operators) day 8 ended!
Phase 4 (routing operators) day report:
Current Iteration count: 9
Last iteration time: 0.0
Average iteration time: 0.26215317514207626
Current score: 6088358.0


Phase 4 (routing operators) day 9 ended!
Phase 4 (routing operators) day report:
Current Iteration count: 10
Last iteration time: 0.0
Average iteration time: 0.23593785762786865
Current score: 6088358.0


Phase 4 (routing operators) day 10 ended!
Phase 4 (routing operators) day report:
Current Iteration count: 11
Last iteration time: 0.0
Average iteration time: 0.21448896147988059
Current score: 6088358.0


Phase 4 (routing operators) day 11 ended!
Phase 4 (routing operators) day report:
Current Iteration count: 14
Last iteration time: 0.0
Average iteration time: 0.16852704116276332
Current score: 6085146.0


Phase 4 (routing operators) ended! Current time: 2026-08-09 01:35:46.662470
Phase 4 (routing operators) Report:
Iteration count: 14
Last iteration time: 0.0
Average iteration time: 0.16852704116276332
Current score: 6085146.0


Local search report:
Iteration count: 1 iterations
Last iteration time: 20.453120708465576 seconds
Iteration average time: 20.453120708465576 seconds
Current score: 6085146.0

Solution after going through each phase once:


Day 0, number of edges 88, number of routes 6

	Edges:

	Edge: 46 <--> 47 	 Freq: 14.0 	 Demand: 111
	Edge: 37 <--> 38 	 Freq: 14.0 	 Demand: 366
	Edge: 95 <--> 203 	 Freq: 14.0 	 Demand: 553
	Edge: 7 <--> 171 	 Freq: 14.0 	 Demand: 986
	Edge: 107 <--> 161 	 Freq: 14.0 	 Demand: 111
	Edge: 185 <--> 222 	 Freq: 14.0 	 Demand: 204
	Edge: 122 <--> 37 	 Freq: 14.0 	 Demand: 493
	Edge: 204 <--> 95 	 Freq: 14.0 	 Demand: 222
	Edge: 151 <--> 55 	 Freq: 14.0 	 Demand: 204
	Edge: 214 <--> 180 	 Freq: 14.0 	 Demand: 315
	Edge: 216 <--> 214 	 Freq: 14.0 	 Demand: 162
	Edge: 38 <--> 95 	 Freq: 14.0 	 Demand: 111
	Edge: 217 <--> 216 	 Freq: 14.0 	 Demand: 221
	Edge: 216 <--> 220 	 Freq: 14.0 	 Demand: 323
	Edge: 173 <--> 31 	 Freq: 14.0 	 Demand: 111
	Edge: 191 <--> 193 	 Freq: 14.0 	 Demand: 935
	Edge: 187 <--> 217 	 Freq: 14.0 	 Demand: 111
	Edge: 5 <--> 6 	 Freq: 14.0 	 Demand: 162
	Edge: 180 <--> 218 	 Freq: 14.0 	 Demand: 323
	Edge: 140 <--> 126 	 Freq: 14.0 	 Demand: 204
	Edge: 214 <--> 215 	 Freq: 14.0 	 Demand: 272
	Edge: 217 <--> 219 	 Freq: 14.0 	 Demand: 323
	Edge: 188 <--> 190 	 Freq: 14.0 	 Demand: 162
	Edge: 88 <--> 90 	 Freq: 14.0 	 Demand: 978
	Edge: 139 <--> 137 	 Freq: 14.0 	 Demand: 315
	Edge: 32 <--> 30 	 Freq: 14.0 	 Demand: 162
	Edge: 41 <--> 42 	 Freq: 14.0 	 Demand: 765
	Edge: 182 <--> 183 	 Freq: 14.0 	 Demand: 476
	Edge: 208 <--> 210 	 Freq: 14.0 	 Demand: 408
	Edge: 42 <--> 151 	 Freq: 14.0 	 Demand: 757
	Edge: 1 <--> 27 	 Freq: 14.0 	 Demand: 833
	Edge: 52 <--> 135 	 Freq: 14.0 	 Demand: 1020
	Edge: 24 <--> 25 	 Freq: 14.0 	 Demand: 221
	Edge: 126 <--> 107 	 Freq: 14.0 	 Demand: 111
	Edge: 212 <--> 213 	 Freq: 14.0 	 Demand: 1012
	Edge: 115 <--> 53 	 Freq: 14.0 	 Demand: 757
	Edge: 8 <--> 9 	 Freq: 14.0 	 Demand: 544
	Edge: 185 <--> 221 	 Freq: 14.0 	 Demand: 1590
	Edge: 147 <--> 196 	 Freq: 14.0 	 Demand: 272
	Edge: 76 <--> 169 	 Freq: 14.0 	 Demand: 408
	Edge: 45 <--> 33 	 Freq: 14.0 	 Demand: 680
	Edge: 33 <--> 34 	 Freq: 14.0 	 Demand: 1207
	Edge: 141 <--> 223 	 Freq: 14.0 	 Demand: 3103
	Edge: 147 <--> 148 	 Freq: 14.0 	 Demand: 204
	Edge: 191 <--> 192 	 Freq: 14.0 	 Demand: 1003
	Edge: 184 <--> 185 	 Freq: 14.0 	 Demand: 1343
	Edge: 169 <--> 170 	 Freq: 14.0 	 Demand: 680
	Edge: 180 <--> 181 	 Freq: 14.0 	 Demand: 383
	Edge: 53 <--> 54 	 Freq: 14.0 	 Demand: 111
	Edge: 105 <--> 106 	 Freq: 14.0 	 Demand: 340
	Edge: 161 <--> 13 	 Freq: 14.0 	 Demand: 162
	Edge: 131 <--> 132 	 Freq: 14.0 	 Demand: 791
	Edge: 11 <--> 113 	 Freq: 14.0 	 Demand: 536
	Edge: 17 <--> 147 	 Freq: 14.0 	 Demand: 366
	Edge: 135 <--> 94 	 Freq: 14.0 	 Demand: 544
	Edge: 84 <--> 85 	 Freq: 14.0 	 Demand: 3273
	Edge: 227 <--> 197 	 Freq: 14.0 	 Demand: 893
	Edge: 10 <--> 11 	 Freq: 14.0 	 Demand: 536
	Edge: 48 <--> 47 	 Freq: 14.0 	 Demand: 162
	Edge: 163 <--> 115 	 Freq: 14.0 	 Demand: 162
	Edge: 54 <--> 103 	 Freq: 14.0 	 Demand: 111
	Edge: 11 <--> 12 	 Freq: 14.0 	 Demand: 799
	Edge: 225 <--> 149 	 Freq: 14.0 	 Demand: 799
	Edge: 69 <--> 70 	 Freq: 14.0 	 Demand: 111
	Edge: 94 <--> 178 	 Freq: 14.0 	 Demand: 1896
	Edge: 88 <--> 89 	 Freq: 14.0 	 Demand: 1411
	Edge: 37 <--> 176 	 Freq: 14.0 	 Demand: 1097
	Edge: 224 <--> 138 	 Freq: 14.0 	 Demand: 527
	Edge: 92 <--> 93 	 Freq: 14.0 	 Demand: 680
	Edge: 194 <--> 47 	 Freq: 14.0 	 Demand: 111
	Edge: 72 <--> 73 	 Freq: 14.0 	 Demand: 485
	Edge: 12 <--> 111 	 Freq: 14.0 	 Demand: 910
	Edge: 26 <--> 25 	 Freq: 14.0 	 Demand: 485
	Edge: 77 <--> 78 	 Freq: 14.0 	 Demand: 1811
	Edge: 34 <--> 41 	 Freq: 14.0 	 Demand: 3771
	Edge: 21 <--> 22 	 Freq: 14.0 	 Demand: 1981
	Edge: 89 <--> 91 	 Freq: 14.0 	 Demand: 3919
	Edge: 50 <--> 200 	 Freq: 14.0 	 Demand: 2363
	Edge: 71 <--> 208 	 Freq: 14.0 	 Demand: 323
	Edge: 13 <--> 172 	 Freq: 14.0 	 Demand: 204
	Edge: 16 <--> 146 	 Freq: 14.0 	 Demand: 2244
	Edge: 18 <--> 21 	 Freq: 14.0 	 Demand: 366
	Edge: 39 <--> 40 	 Freq: 14.0 	 Demand: 323
	Edge: 41 <--> 60 	 Freq: 14.0 	 Demand: 1624
	Edge: 75 <--> 76 	 Freq: 14.0 	 Demand: 162
	Edge: 87 <--> 94 	 Freq: 14.0 	 Demand: 1513
	Edge: 188 <--> 189 	 Freq: 14.0 	 Demand: 842
	Edge: 86 <--> 89 	 Freq: 14.0 	 Demand: 111

	Routes:

	Route: 1
	Route length (4342.0) and demand (10977)
	Edge: 151 <--> 55 	 Freq: 14.0 	 Demand: 204
	Edge: 33 <--> 34 	 Freq: 14.0 	 Demand: 1207
	Edge: 45 <--> 33 	 Freq: 14.0 	 Demand: 680
	Edge: 50 <--> 200 	 Freq: 14.0 	 Demand: 2363
	Edge: 52 <--> 135 	 Freq: 14.0 	 Demand: 1020
	Edge: 135 <--> 94 	 Freq: 14.0 	 Demand: 544
	Edge: 94 <--> 178 	 Freq: 14.0 	 Demand: 1896
	Edge: 37 <--> 38 	 Freq: 14.0 	 Demand: 366
	Edge: 37 <--> 176 	 Freq: 14.0 	 Demand: 1097
	Edge: 122 <--> 37 	 Freq: 14.0 	 Demand: 493
	Edge: 95 <--> 203 	 Freq: 14.0 	 Demand: 553
	Edge: 204 <--> 95 	 Freq: 14.0 	 Demand: 222
	Edge: 38 <--> 95 	 Freq: 14.0 	 Demand: 111
	Edge: 24 <--> 25 	 Freq: 14.0 	 Demand: 221
	Route: 2
	Route length (4838.0) and demand (11268)
	Edge: 169 <--> 170 	 Freq: 14.0 	 Demand: 680
	Edge: 76 <--> 169 	 Freq: 14.0 	 Demand: 408
	Edge: 12 <--> 111 	 Freq: 14.0 	 Demand: 910
	Edge: 32 <--> 30 	 Freq: 14.0 	 Demand: 162
	Edge: 140 <--> 126 	 Freq: 14.0 	 Demand: 204
	Edge: 126 <--> 107 	 Freq: 14.0 	 Demand: 111
	Edge: 107 <--> 161 	 Freq: 14.0 	 Demand: 111
	Edge: 161 <--> 13 	 Freq: 14.0 	 Demand: 162
	Edge: 13 <--> 172 	 Freq: 14.0 	 Demand: 204
	Edge: 184 <--> 185 	 Freq: 14.0 	 Demand: 1343
	Edge: 185 <--> 222 	 Freq: 14.0 	 Demand: 204
	Edge: 185 <--> 221 	 Freq: 14.0 	 Demand: 1590
	Edge: 77 <--> 78 	 Freq: 14.0 	 Demand: 1811
	Edge: 224 <--> 138 	 Freq: 14.0 	 Demand: 527
	Edge: 139 <--> 137 	 Freq: 14.0 	 Demand: 315
	Edge: 173 <--> 31 	 Freq: 14.0 	 Demand: 111
	Edge: 11 <--> 12 	 Freq: 14.0 	 Demand: 799
	Edge: 11 <--> 113 	 Freq: 14.0 	 Demand: 536
	Edge: 10 <--> 11 	 Freq: 14.0 	 Demand: 536
	Edge: 8 <--> 9 	 Freq: 14.0 	 Demand: 544
	Route: 3
	Route length (5243.0) and demand (11286)
	Edge: 163 <--> 115 	 Freq: 14.0 	 Demand: 162
	Edge: 115 <--> 53 	 Freq: 14.0 	 Demand: 757
	Edge: 53 <--> 54 	 Freq: 14.0 	 Demand: 111
	Edge: 54 <--> 103 	 Freq: 14.0 	 Demand: 111
	Edge: 131 <--> 132 	 Freq: 14.0 	 Demand: 791
	Edge: 5 <--> 6 	 Freq: 14.0 	 Demand: 162
	Edge: 7 <--> 171 	 Freq: 14.0 	 Demand: 986
	Edge: 105 <--> 106 	 Freq: 14.0 	 Demand: 340
	Edge: 141 <--> 223 	 Freq: 14.0 	 Demand: 3103
	Edge: 92 <--> 93 	 Freq: 14.0 	 Demand: 680
	Edge: 212 <--> 213 	 Freq: 14.0 	 Demand: 1012
	Edge: 182 <--> 183 	 Freq: 14.0 	 Demand: 476
	Edge: 187 <--> 217 	 Freq: 14.0 	 Demand: 111
	Edge: 217 <--> 219 	 Freq: 14.0 	 Demand: 323
	Edge: 217 <--> 216 	 Freq: 14.0 	 Demand: 221
	Edge: 216 <--> 220 	 Freq: 14.0 	 Demand: 323
	Edge: 216 <--> 214 	 Freq: 14.0 	 Demand: 162
	Edge: 214 <--> 215 	 Freq: 14.0 	 Demand: 272
	Edge: 180 <--> 218 	 Freq: 14.0 	 Demand: 323
	Edge: 180 <--> 181 	 Freq: 14.0 	 Demand: 383
	Edge: 214 <--> 180 	 Freq: 14.0 	 Demand: 315
	Edge: 75 <--> 76 	 Freq: 14.0 	 Demand: 162
	Route: 4
	Route length (3777.0) and demand (9573)
	Edge: 1 <--> 27 	 Freq: 14.0 	 Demand: 833
	Edge: 26 <--> 25 	 Freq: 14.0 	 Demand: 485
	Edge: 39 <--> 40 	 Freq: 14.0 	 Demand: 323
	Edge: 86 <--> 89 	 Freq: 14.0 	 Demand: 111
	Edge: 89 <--> 91 	 Freq: 14.0 	 Demand: 3919
	Edge: 88 <--> 89 	 Freq: 14.0 	 Demand: 1411
	Edge: 88 <--> 90 	 Freq: 14.0 	 Demand: 978
	Edge: 87 <--> 94 	 Freq: 14.0 	 Demand: 1513
	Route: 5
	Route length (4073.0) and demand (10301)
	Edge: 42 <--> 151 	 Freq: 14.0 	 Demand: 757
	Edge: 41 <--> 42 	 Freq: 14.0 	 Demand: 765
	Edge: 41 <--> 60 	 Freq: 14.0 	 Demand: 1624
	Edge: 69 <--> 70 	 Freq: 14.0 	 Demand: 111
	Edge: 84 <--> 85 	 Freq: 14.0 	 Demand: 3273
	Edge: 34 <--> 41 	 Freq: 14.0 	 Demand: 3771
	Route: 6
	Route length (5868.0) and demand (11667)
	Edge: 208 <--> 210 	 Freq: 14.0 	 Demand: 408
	Edge: 71 <--> 208 	 Freq: 14.0 	 Demand: 323
	Edge: 191 <--> 193 	 Freq: 14.0 	 Demand: 935
	Edge: 191 <--> 192 	 Freq: 14.0 	 Demand: 1003
	Edge: 72 <--> 73 	 Freq: 14.0 	 Demand: 485
	Edge: 147 <--> 196 	 Freq: 14.0 	 Demand: 272
	Edge: 227 <--> 197 	 Freq: 14.0 	 Demand: 893
	Edge: 225 <--> 149 	 Freq: 14.0 	 Demand: 799
	Edge: 147 <--> 148 	 Freq: 14.0 	 Demand: 204
	Edge: 17 <--> 147 	 Freq: 14.0 	 Demand: 366
	Edge: 48 <--> 47 	 Freq: 14.0 	 Demand: 162
	Edge: 194 <--> 47 	 Freq: 14.0 	 Demand: 111
	Edge: 46 <--> 47 	 Freq: 14.0 	 Demand: 111
	Edge: 16 <--> 146 	 Freq: 14.0 	 Demand: 2244
	Edge: 188 <--> 189 	 Freq: 14.0 	 Demand: 842
	Edge: 188 <--> 190 	 Freq: 14.0 	 Demand: 162
	Edge: 21 <--> 22 	 Freq: 14.0 	 Demand: 1981
	Edge: 18 <--> 21 	 Freq: 14.0 	 Demand: 366

Day 1, number of edges 44, number of routes 6

	Edges:

	Edge: 67 <--> 68 	 Freq: 14.0 	 Demand: 204
	Edge: 60 <--> 199 	 Freq: 14.0 	 Demand: 2253
	Edge: 153 <--> 154 	 Freq: 14.0 	 Demand: 910
	Edge: 63 <--> 128 	 Freq: 14.0 	 Demand: 2703
	Edge: 157 <--> 158 	 Freq: 14.0 	 Demand: 3800
	Edge: 145 <--> 17 	 Freq: 14.0 	 Demand: 927
	Edge: 168 <--> 0 	 Freq: 14.0 	 Demand: 850
	Edge: 60 <--> 61 	 Freq: 14.0 	 Demand: 4631
	Edge: 159 <--> 160 	 Freq: 14.0 	 Demand: 4059
	Edge: 161 <--> 162 	 Freq: 14.0 	 Demand: 3586
	Edge: 74 <--> 1 	 Freq: 14.0 	 Demand: 383
	Edge: 7 <--> 5 	 Freq: 14.0 	 Demand: 1114
	Edge: 26 <--> 153 	 Freq: 14.0 	 Demand: 927
	Edge: 109 <--> 110 	 Freq: 14.0 	 Demand: 1071
	Edge: 25 <--> 74 	 Freq: 14.0 	 Demand: 1343
	Edge: 1 <--> 26 	 Freq: 14.0 	 Demand: 689
	Edge: 205 <--> 207 	 Freq: 14.0 	 Demand: 1054
	Edge: 119 <--> 8 	 Freq: 14.0 	 Demand: 1029
	Edge: 15 <--> 49 	 Freq: 14.0 	 Demand: 221
	Edge: 62 <--> 28 	 Freq: 14.0 	 Demand: 272
	Edge: 46 <--> 49 	 Freq: 14.0 	 Demand: 638
	Edge: 17 <--> 18 	 Freq: 14.0 	 Demand: 1063
	Edge: 63 <--> 96 	 Freq: 14.0 	 Demand: 2721
	Edge: 205 <--> 206 	 Freq: 14.0 	 Demand: 1658
	Edge: 3 <--> 4 	 Freq: 14.0 	 Demand: 689
	Edge: 179 <--> 136 	 Freq: 14.0 	 Demand: 2712
	Edge: 46 <--> 15 	 Freq: 14.0 	 Demand: 485
	Edge: 32 <--> 175 	 Freq: 14.0 	 Demand: 1513
	Edge: 49 <--> 142 	 Freq: 14.0 	 Demand: 859
	Edge: 16 <--> 145 	 Freq: 14.0 	 Demand: 162
	Edge: 145 <--> 177 	 Freq: 14.0 	 Demand: 1173
	Edge: 119 <--> 3 	 Freq: 14.0 	 Demand: 5148
	Edge: 173 <--> 195 	 Freq: 14.0 	 Demand: 2185
	Edge: 51 <--> 52 	 Freq: 14.0 	 Demand: 1938
	Edge: 15 <--> 16 	 Freq: 14.0 	 Demand: 1029
	Edge: 109 <--> 32 	 Freq: 14.0 	 Demand: 595
	Edge: 12 <--> 112 	 Freq: 14.0 	 Demand: 655
	Edge: 3 <--> 10 	 Freq: 14.0 	 Demand: 323
	Edge: 12 <--> 109 	 Freq: 14.0 	 Demand: 595
	Edge: 19 <--> 164 	 Freq: 14.0 	 Demand: 162
	Edge: 62 <--> 30 	 Freq: 14.0 	 Demand: 952
	Edge: 33 <--> 104 	 Freq: 14.0 	 Demand: 2457
	Edge: 143 <--> 156 	 Freq: 14.0 	 Demand: 3929
	Edge: 65 <--> 66 	 Freq: 14.0 	 Demand: 162

	Routes:

	Route: 1
	Route length (3715.0) and demand (11477)
	Edge: 12 <--> 112 	 Freq: 14.0 	 Demand: 655
	Edge: 161 <--> 162 	 Freq: 14.0 	 Demand: 3586
	Edge: 143 <--> 156 	 Freq: 14.0 	 Demand: 3929
	Edge: 205 <--> 206 	 Freq: 14.0 	 Demand: 1658
	Edge: 205 <--> 207 	 Freq: 14.0 	 Demand: 1054
	Edge: 12 <--> 109 	 Freq: 14.0 	 Demand: 595
	Route: 2
	Route length (2986.0) and demand (11264)
	Edge: 109 <--> 32 	 Freq: 14.0 	 Demand: 595
	Edge: 32 <--> 175 	 Freq: 14.0 	 Demand: 1513
	Edge: 173 <--> 195 	 Freq: 14.0 	 Demand: 2185
	Edge: 63 <--> 96 	 Freq: 14.0 	 Demand: 2721
	Edge: 63 <--> 128 	 Freq: 14.0 	 Demand: 2703
	Edge: 62 <--> 28 	 Freq: 14.0 	 Demand: 272
	Edge: 62 <--> 30 	 Freq: 14.0 	 Demand: 952
	Edge: 3 <--> 10 	 Freq: 14.0 	 Demand: 323
	Route: 3
	Route length (1573.0) and demand (7980)
	Edge: 119 <--> 3 	 Freq: 14.0 	 Demand: 5148
	Edge: 3 <--> 4 	 Freq: 14.0 	 Demand: 689
	Edge: 7 <--> 5 	 Freq: 14.0 	 Demand: 1114
	Edge: 119 <--> 8 	 Freq: 14.0 	 Demand: 1029
	Route: 4
	Route length (4566.0) and demand (11821)
	Edge: 168 <--> 0 	 Freq: 14.0 	 Demand: 850
	Edge: 25 <--> 74 	 Freq: 14.0 	 Demand: 1343
	Edge: 19 <--> 164 	 Freq: 14.0 	 Demand: 162
	Edge: 17 <--> 18 	 Freq: 14.0 	 Demand: 1063
	Edge: 145 <--> 17 	 Freq: 14.0 	 Demand: 927
	Edge: 145 <--> 177 	 Freq: 14.0 	 Demand: 1173
	Edge: 16 <--> 145 	 Freq: 14.0 	 Demand: 162
	Edge: 15 <--> 49 	 Freq: 14.0 	 Demand: 221
	Edge: 49 <--> 142 	 Freq: 14.0 	 Demand: 859
	Edge: 46 <--> 49 	 Freq: 14.0 	 Demand: 638
	Edge: 46 <--> 15 	 Freq: 14.0 	 Demand: 485
	Edge: 15 <--> 16 	 Freq: 14.0 	 Demand: 1029
	Edge: 153 <--> 154 	 Freq: 14.0 	 Demand: 910
	Edge: 26 <--> 153 	 Freq: 14.0 	 Demand: 927
	Edge: 1 <--> 26 	 Freq: 14.0 	 Demand: 689
	Edge: 74 <--> 1 	 Freq: 14.0 	 Demand: 383
	Route: 5
	Route length (5394.0) and demand (11645)
	Edge: 65 <--> 66 	 Freq: 14.0 	 Demand: 162
	Edge: 67 <--> 68 	 Freq: 14.0 	 Demand: 204
	Edge: 51 <--> 52 	 Freq: 14.0 	 Demand: 1938
	Edge: 33 <--> 104 	 Freq: 14.0 	 Demand: 2457
	Edge: 60 <--> 61 	 Freq: 14.0 	 Demand: 4631
	Edge: 60 <--> 199 	 Freq: 14.0 	 Demand: 2253
	Route: 6
	Route length (3069.0) and demand (11642)
	Edge: 109 <--> 110 	 Freq: 14.0 	 Demand: 1071
	Edge: 179 <--> 136 	 Freq: 14.0 	 Demand: 2712
	Edge: 159 <--> 160 	 Freq: 14.0 	 Demand: 4059
	Edge: 157 <--> 158 	 Freq: 14.0 	 Demand: 3800

Day 2, number of edges 32, number of routes 5

	Edges:

	Edge: 43 <--> 44 	 Freq: 14.0 	 Demand: 408
	Edge: 0 <--> 75 	 Freq: 14.0 	 Demand: 842
	Edge: 126 <--> 127 	 Freq: 14.0 	 Demand: 2159
	Edge: 183 <--> 211 	 Freq: 14.0 	 Demand: 1649
	Edge: 44 <--> 40 	 Freq: 14.0 	 Demand: 111
	Edge: 13 <--> 14 	 Freq: 14.0 	 Demand: 1811
	Edge: 109 <--> 114 	 Freq: 14.0 	 Demand: 1607
	Edge: 74 <--> 2 	 Freq: 14.0 	 Demand: 680
	Edge: 107 <--> 108 	 Freq: 14.0 	 Demand: 1564
	Edge: 166 <--> 167 	 Freq: 14.0 	 Demand: 204
	Edge: 22 <--> 166 	 Freq: 14.0 	 Demand: 3664
	Edge: 82 <--> 186 	 Freq: 14.0 	 Demand: 3549
	Edge: 140 <--> 139 	 Freq: 14.0 	 Demand: 1505
	Edge: 72 <--> 191 	 Freq: 14.0 	 Demand: 2635
	Edge: 32 <--> 134 	 Freq: 14.0 	 Demand: 1496
	Edge: 80 <--> 83 	 Freq: 14.0 	 Demand: 1836
	Edge: 98 <--> 123 	 Freq: 14.0 	 Demand: 204
	Edge: 81 <--> 97 	 Freq: 14.0 	 Demand: 2355
	Edge: 28 <--> 29 	 Freq: 14.0 	 Demand: 2865
	Edge: 124 <--> 125 	 Freq: 14.0 	 Demand: 723
	Edge: 5 <--> 106 	 Freq: 14.0 	 Demand: 366
	Edge: 124 <--> 202 	 Freq: 14.0 	 Demand: 3732
	Edge: 64 <--> 65 	 Freq: 14.0 	 Demand: 2720
	Edge: 31 <--> 174 	 Freq: 14.0 	 Demand: 1751
	Edge: 208 <--> 209 	 Freq: 14.0 	 Demand: 1615
	Edge: 150 <--> 143 	 Freq: 14.0 	 Demand: 162
	Edge: 53 <--> 76 	 Freq: 14.0 	 Demand: 646
	Edge: 19 <--> 20 	 Freq: 14.0 	 Demand: 485
	Edge: 10 <--> 198 	 Freq: 14.0 	 Demand: 655
	Edge: 155 <--> 79 	 Freq: 14.0 	 Demand: 3550
	Edge: 165 <--> 166 	 Freq: 14.0 	 Demand: 315
	Edge: 120 <--> 24 	 Freq: 14.0 	 Demand: 1097

	Routes:

	Route: 1
	Route length (3421.0) and demand (11893)
	Edge: 109 <--> 114 	 Freq: 14.0 	 Demand: 1607
	Edge: 32 <--> 134 	 Freq: 14.0 	 Demand: 1496
	Edge: 140 <--> 139 	 Freq: 14.0 	 Demand: 1505
	Edge: 126 <--> 127 	 Freq: 14.0 	 Demand: 2159
	Edge: 13 <--> 14 	 Freq: 14.0 	 Demand: 1811
	Edge: 107 <--> 108 	 Freq: 14.0 	 Demand: 1564
	Edge: 31 <--> 174 	 Freq: 14.0 	 Demand: 1751
	Route: 2
	Route length (3687.0) and demand (5016)
	Edge: 74 <--> 2 	 Freq: 14.0 	 Demand: 680
	Edge: 44 <--> 40 	 Freq: 14.0 	 Demand: 111
	Edge: 43 <--> 44 	 Freq: 14.0 	 Demand: 408
	Edge: 64 <--> 65 	 Freq: 14.0 	 Demand: 2720
	Edge: 120 <--> 24 	 Freq: 14.0 	 Demand: 1097
	Route: 3
	Route length (4607.0) and demand (11682)
	Edge: 10 <--> 198 	 Freq: 14.0 	 Demand: 655
	Edge: 28 <--> 29 	 Freq: 14.0 	 Demand: 2865
	Edge: 183 <--> 211 	 Freq: 14.0 	 Demand: 1649
	Edge: 124 <--> 125 	 Freq: 14.0 	 Demand: 723
	Edge: 124 <--> 202 	 Freq: 14.0 	 Demand: 3732
	Edge: 98 <--> 123 	 Freq: 14.0 	 Demand: 204
	Edge: 5 <--> 106 	 Freq: 14.0 	 Demand: 366
	Edge: 53 <--> 76 	 Freq: 14.0 	 Demand: 646
	Edge: 0 <--> 75 	 Freq: 14.0 	 Demand: 842
	Route: 4
	Route length (3992.0) and demand (8918)
	Edge: 208 <--> 209 	 Freq: 14.0 	 Demand: 1615
	Edge: 72 <--> 191 	 Freq: 14.0 	 Demand: 2635
	Edge: 22 <--> 166 	 Freq: 14.0 	 Demand: 3664
	Edge: 166 <--> 167 	 Freq: 14.0 	 Demand: 204
	Edge: 165 <--> 166 	 Freq: 14.0 	 Demand: 315
	Edge: 19 <--> 20 	 Freq: 14.0 	 Demand: 485
	Route: 5
	Route length (4198.0) and demand (11452)
	Edge: 150 <--> 143 	 Freq: 14.0 	 Demand: 162
	Edge: 82 <--> 186 	 Freq: 14.0 	 Demand: 3549
	Edge: 81 <--> 97 	 Freq: 14.0 	 Demand: 2355
	Edge: 80 <--> 83 	 Freq: 14.0 	 Demand: 1836
	Edge: 155 <--> 79 	 Freq: 14.0 	 Demand: 3550

Day 3, number of edges 7, number of routes 2

	Edges:

	Edge: 35 <--> 36 	 Freq: 7.0 	 Demand: 3460
	Edge: 92 <--> 93 	 Freq: 7.0 	 Demand: 3836
	Edge: 226 <--> 152 	 Freq: 7.0 	 Demand: 3587
	Edge: 115 <--> 116 	 Freq: 14.0 	 Demand: 493
	Edge: 117 <--> 118 	 Freq: 14.0 	 Demand: 1156
	Edge: 201 <--> 101 	 Freq: 14.0 	 Demand: 111
	Edge: 25 <--> 121 	 Freq: 14.0 	 Demand: 408

	Routes:

	Route: 1
	Route length (3638.0) and demand (7455)
	Edge: 25 <--> 121 	 Freq: 14.0 	 Demand: 408
	Edge: 226 <--> 152 	 Freq: 7.0 	 Demand: 3587
	Edge: 35 <--> 36 	 Freq: 7.0 	 Demand: 3460
	Route: 2
	Route length (6388.0) and demand (5596)
	Edge: 115 <--> 116 	 Freq: 14.0 	 Demand: 493
	Edge: 201 <--> 101 	 Freq: 14.0 	 Demand: 111
	Edge: 117 <--> 118 	 Freq: 14.0 	 Demand: 1156
	Edge: 92 <--> 93 	 Freq: 7.0 	 Demand: 3836

Day 4, number of edges 0, number of routes 0

	Edges:


	Routes:


Day 5, number of edges 0, number of routes 0

	Edges:


	Routes:


Day 6, number of edges 0, number of routes 0

	Edges:


	Routes:


Day 7, number of edges 0, number of routes 0

	Edges:


	Routes:


Day 8, number of edges 0, number of routes 0

	Edges:


	Routes:


Day 9, number of edges 0, number of routes 0

	Edges:


	Routes:


Day 10, number of edges 0, number of routes 0

	Edges:


	Routes:


Day 11, number of edges 3, number of routes 1

	Edges:

	Edge: 35 <--> 36 	 Freq: 7.0 	 Demand: 3460
	Edge: 92 <--> 93 	 Freq: 7.0 	 Demand: 3836
	Edge: 226 <--> 152 	 Freq: 7.0 	 Demand: 3587

	Routes:

	Route: 1
	Route length (5771.0) and demand (10883)
	Edge: 226 <--> 152 	 Freq: 7.0 	 Demand: 3587
	Edge: 35 <--> 36 	 Freq: 7.0 	 Demand: 3460
	Edge: 92 <--> 93 	 Freq: 7.0 	 Demand: 3836

Day 12, number of edges 0, number of routes 0

	Edges:


	Routes:


Day 13, number of edges 0, number of routes 0

	Edges:


	Routes:





Phase 1 ended! Current time: 2026-08-09 01:35:46.662470
Phase 1 Report:
Iteration count: 1
Last iteration time: 0.0
Average iteration time: 0.0
Current score: 6085146.0


Phase 2 (only move_services) mid-report:
Iteration count: 1
Last iteration time: 0.07813096046447754
Average iteration time: 0.07813096046447754
Current score: 6085146.0


Phase 2 (only move_services) ended! Current time: 2026-08-09 01:35:46.943720
Phase 2 (only move_services) Report:
Iteration count: 1
Last iteration time: 0.07813096046447754
Average iteration time: 0.07813096046447754
Current score: 6085146.0


Phase 3 (using only swap_services) mid-report:
Iteration count: 1
Last iteration time: 0.2187492847442627
Average iteration time: 0.2187492847442627
Current score: 6085044.0


Phase 3 (using only swap_services) ended! Current time: 2026-08-09 01:35:54.021841
Phase 3 (using only swap_services) Report:
Iteration count: 5
Last iteration time: 0.046874046325683594
Average iteration time: 0.16250061988830566
Current score: 6084830.0


Phase 4 (routing operators) mid-report:
Current day: 0
Iteration count: 1
Last iteration time: 2.0468764305114746
Average iteration time: 2.0468764305114746
Current score: 6084792.0


Phase 4 (routing operators) day 0 ended!
Phase 4 (routing operators) day report:
Current Iteration count: 2
Last iteration time: 0.015623092651367188
Average iteration time: 1.031249761581421
Current score: 6084792.0


Phase 4 (routing operators) day 1 ended!
Phase 4 (routing operators) day report:
Current Iteration count: 3
Last iteration time: 0.0
Average iteration time: 0.6874998410542806
Current score: 6084792.0


Phase 4 (routing operators) day 2 ended!
Phase 4 (routing operators) day report:
Current Iteration count: 4
Last iteration time: 0.015619277954101562
Average iteration time: 0.5195297002792358
Current score: 6084792.0


Phase 4 (routing operators) day 3 ended!
Phase 4 (routing operators) day report:
Current Iteration count: 5
Last iteration time: 0.0
Average iteration time: 0.41562376022338865
Current score: 6084792.0


Phase 4 (routing operators) day 4 ended!
Phase 4 (routing operators) day report:
Current Iteration count: 6
Last iteration time: 0.0
Average iteration time: 0.34635313351949054
Current score: 6084792.0


Phase 4 (routing operators) day 7 ended!
Phase 4 (routing operators) day report:
Current Iteration count: 7
Last iteration time: 0.0
Average iteration time: 0.2968741144452776
Current score: 6084792.0


Phase 4 (routing operators) day 8 ended!
Phase 4 (routing operators) day report:
Current Iteration count: 8
Last iteration time: 0.0
Average iteration time: 0.2597648501396179
Current score: 6084792.0


Phase 4 (routing operators) day 9 ended!
Phase 4 (routing operators) day report:
Current Iteration count: 9
Last iteration time: 0.0
Average iteration time: 0.2309020890129937
Current score: 6084792.0


Phase 4 (routing operators) day 10 ended!
Phase 4 (routing operators) day report:
Current Iteration count: 10
Last iteration time: 0.0
Average iteration time: 0.20781188011169432
Current score: 6084792.0


Phase 4 (routing operators) day 11 ended!
Phase 4 (routing operators) day report:
Current Iteration count: 11
Last iteration time: 0.0
Average iteration time: 0.18891989101063122
Current score: 6084792.0


Phase 4 (routing operators) ended! Current time: 2026-08-09 01:36:01.474962
Phase 4 (routing operators) Report:
Iteration count: 11
Last iteration time: 0.0
Average iteration time: 0.18891989101063122
Current score: 6084792.0


Local search report:
Iteration count: 2 iterations
Last iteration time: 14.812492847442627 seconds
Iteration average time: 17.6328067779541 seconds
Current score: 6084792.0

Phase 1 ended! Current time: 2026-08-09 01:36:01.474962
Phase 1 Report:
Iteration count: 1
Last iteration time: 0.0
Average iteration time: 0.0
Current score: 6084792.0


Phase 2 (only move_services) mid-report:
Iteration count: 1
Last iteration time: 0.0624995231628418
Average iteration time: 0.0624995231628418
Current score: 6084792.0


Phase 2 (only move_services) ended! Current time: 2026-08-09 01:36:01.818713
Phase 2 (only move_services) Report:
Iteration count: 1
Last iteration time: 0.0624995231628418
Average iteration time: 0.0624995231628418
Current score: 6084792.0


Phase 3 (using only swap_services) mid-report:
Iteration count: 1
Last iteration time: 0.10938239097595215
Average iteration time: 0.10938239097595215
Current score: 6084764.0


Phase 3 (using only swap_services) ended! Current time: 2026-08-09 01:36:08.615588
Phase 3 (using only swap_services) Report:
Iteration count: 2
Last iteration time: 0.031243562698364258
Average iteration time: 0.0703129768371582
Current score: 6084764.0


Phase 4 (routing operators) mid-report:
Current day: 0
Iteration count: 1
Last iteration time: 0.015620946884155273
Average iteration time: 0.015620946884155273
Current score: 6084764.0


Phase 4 (routing operators) day 0 ended!
Phase 4 (routing operators) day report:
Current Iteration count: 1
Last iteration time: 0.015620946884155273
Average iteration time: 0.015620946884155273
Current score: 6084764.0


Phase 4 (routing operators) day 1 ended!
Phase 4 (routing operators) day report:
Current Iteration count: 2
Last iteration time: 0.0
Average iteration time: 0.007810473442077637
Current score: 6084764.0


Phase 4 (routing operators) day 2 ended!
Phase 4 (routing operators) day report:
Current Iteration count: 3
Last iteration time: 0.01562047004699707
Average iteration time: 0.010413805643717449
Current score: 6084764.0


Phase 4 (routing operators) day 3 ended!
Phase 4 (routing operators) day report:
Current Iteration count: 4
Last iteration time: 0.0
Average iteration time: 0.007810354232788087
Current score: 6084764.0


Phase 4 (routing operators) day 4 ended!
Phase 4 (routing operators) day report:
Current Iteration count: 5
Last iteration time: 0.0
Average iteration time: 0.00624828338623047
Current score: 6084764.0


Phase 4 (routing operators) day 7 ended!
Phase 4 (routing operators) day report:
Current Iteration count: 6
Last iteration time: 0.0
Average iteration time: 0.005206902821858725
Current score: 6084764.0


Phase 4 (routing operators) day 8 ended!
Phase 4 (routing operators) day report:
Current Iteration count: 7
Last iteration time: 0.0
Average iteration time: 0.004463059561593193
Current score: 6084764.0


Phase 4 (routing operators) day 9 ended!
Phase 4 (routing operators) day report:
Current Iteration count: 8
Last iteration time: 0.0
Average iteration time: 0.003905177116394044
Current score: 6084764.0


Phase 4 (routing operators) day 10 ended!
Phase 4 (routing operators) day report:
Current Iteration count: 9
Last iteration time: 0.0
Average iteration time: 0.0034712685479058166
Current score: 6084764.0


Phase 4 (routing operators) day 11 ended!
Phase 4 (routing operators) day report:
Current Iteration count: 10
Last iteration time: 0.0
Average iteration time: 0.003124141693115235
Current score: 6084764.0


Phase 4 (routing operators) ended! Current time: 2026-08-09 01:36:14.381215
Phase 4 (routing operators) Report:
Iteration count: 10
Last iteration time: 0.0
Average iteration time: 0.003124141693115235
Current score: 6084764.0


Local search report:
Iteration count: 3 iterations
Last iteration time: 12.906252384185791 seconds
Iteration average time: 16.057288646697998 seconds
Current score: 6084764.0

Phase 1 ended! Current time: 2026-08-09 01:36:14.381215
Phase 1 Report:
Iteration count: 1
Last iteration time: 0.0
Average iteration time: 0.0
Current score: 6084764.0


Phase 2 (only move_services) mid-report:
Iteration count: 1
Last iteration time: 0.0625
Average iteration time: 0.0625
Current score: 6084764.0


Phase 2 (only move_services) ended! Current time: 2026-08-09 01:36:14.709342
Phase 2 (only move_services) Report:
Iteration count: 1
Last iteration time: 0.0625
Average iteration time: 0.0625
Current score: 6084764.0


Phase 3 (using only swap_services) mid-report:
Iteration count: 1
Last iteration time: 0.23436808586120605
Average iteration time: 0.23436808586120605
Current score: 6084333.0


Phase 3 (using only swap_services) ended! Current time: 2026-08-09 01:36:21.876566
Phase 3 (using only swap_services) Report:
Iteration count: 2
Last iteration time: 0.0781242847442627
Average iteration time: 0.15624618530273438
Current score: 6084333.0


Phase 4 (routing operators) mid-report:
Current day: 0
Iteration count: 1
Last iteration time: 0.015625
Average iteration time: 0.015625
Current score: 6084333.0


Phase 4 (routing operators) day 0 ended!
Phase 4 (routing operators) day report:
Current Iteration count: 1
Last iteration time: 0.015625
Average iteration time: 0.015625
Current score: 6084333.0


Phase 4 (routing operators) day 1 ended!
Phase 4 (routing operators) day report:
Current Iteration count: 2
Last iteration time: 0.0
Average iteration time: 0.0078125
Current score: 6084333.0


Phase 4 (routing operators) day 2 ended!
Phase 4 (routing operators) day report:
Current Iteration count: 3
Last iteration time: 0.0
Average iteration time: 0.005208333333333333
Current score: 6084333.0


Phase 4 (routing operators) day 3 ended!
Phase 4 (routing operators) day report:
Current Iteration count: 4
Last iteration time: 0.0
Average iteration time: 0.00390625
Current score: 6084333.0


Phase 4 (routing operators) day 4 ended!
Phase 4 (routing operators) day report:
Current Iteration count: 5
Last iteration time: 0.0
Average iteration time: 0.003125
Current score: 6084333.0


Phase 4 (routing operators) day 7 ended!
Phase 4 (routing operators) day report:
Current Iteration count: 6
Last iteration time: 0.0
Average iteration time: 0.0026041666666666665
Current score: 6084333.0


Phase 4 (routing operators) day 8 ended!
Phase 4 (routing operators) day report:
Current Iteration count: 7
Last iteration time: 0.0
Average iteration time: 0.002232142857142857
Current score: 6084333.0


Phase 4 (routing operators) day 9 ended!
Phase 4 (routing operators) day report:
Current Iteration count: 8
Last iteration time: 0.0
Average iteration time: 0.001953125
Current score: 6084333.0


Phase 4 (routing operators) day 10 ended!
Phase 4 (routing operators) day report:
Current Iteration count: 9
Last iteration time: 0.0
Average iteration time: 0.001736111111111111
Current score: 6084333.0


Phase 4 (routing operators) day 11 ended!
Phase 4 (routing operators) day report:
Current Iteration count: 10
Last iteration time: 0.0
Average iteration time: 0.0015625
Current score: 6084333.0


Phase 4 (routing operators) ended! Current time: 2026-08-09 01:36:27.700672
Phase 4 (routing operators) Report:
Iteration count: 10
Last iteration time: 0.0
Average iteration time: 0.0015625
Current score: 6084333.0


Local search report:
Iteration count: 4 iterations
Last iteration time: 13.319457292556763 seconds
Iteration average time: 15.37283080816269 seconds
Current score: 6084333.0

Phase 1 ended! Current time: 2026-08-09 01:36:27.700672
Phase 1 Report:
Iteration count: 1
Last iteration time: 0.0
Average iteration time: 0.0
Current score: 6084333.0


Phase 2 (only move_services) mid-report:
Iteration count: 1
Last iteration time: 0.06249737739562988
Average iteration time: 0.06249737739562988
Current score: 6084333.0


Phase 2 (only move_services) ended! Current time: 2026-08-09 01:36:28.075674
Phase 2 (only move_services) Report:
Iteration count: 1
Last iteration time: 0.06249737739562988
Average iteration time: 0.06249737739562988
Current score: 6084333.0


Phase 3 (using only swap_services) mid-report:
Iteration count: 1
Last iteration time: 0.0625009536743164
Average iteration time: 0.0625009536743164
Current score: 6084333.0


Phase 3 (using only swap_services) ended! Current time: 2026-08-09 01:36:34.606924
Phase 3 (using only swap_services) Report:
Iteration count: 1
Last iteration time: 0.0625009536743164
Average iteration time: 0.0625009536743164
Current score: 6084333.0


Phase 4 (routing operators) mid-report:
Current day: 0
Iteration count: 1
Last iteration time: 0.015626192092895508
Average iteration time: 0.015626192092895508
Current score: 6084333.0


Phase 4 (routing operators) day 0 ended!
Phase 4 (routing operators) day report:
Current Iteration count: 1
Last iteration time: 0.015626192092895508
Average iteration time: 0.015626192092895508
Current score: 6084333.0


Phase 4 (routing operators) day 1 ended!
Phase 4 (routing operators) day report:
Current Iteration count: 2
Last iteration time: 0.01562356948852539
Average iteration time: 0.01562488079071045
Current score: 6084333.0


Phase 4 (routing operators) day 2 ended!
Phase 4 (routing operators) day report:
Current Iteration count: 3
Last iteration time: 0.0
Average iteration time: 0.010416587193806967
Current score: 6084333.0


Phase 4 (routing operators) day 3 ended!
Phase 4 (routing operators) day report:
Current Iteration count: 4
Last iteration time: 0.0
Average iteration time: 0.007812440395355225
Current score: 6084333.0


Phase 4 (routing operators) day 4 ended!
Phase 4 (routing operators) day report:
Current Iteration count: 5
Last iteration time: 0.0
Average iteration time: 0.00624995231628418
Current score: 6084333.0


Phase 4 (routing operators) day 7 ended!
Phase 4 (routing operators) day report:
Current Iteration count: 6
Last iteration time: 0.0
Average iteration time: 0.005208293596903483
Current score: 6084333.0


Phase 4 (routing operators) day 8 ended!
Phase 4 (routing operators) day report:
Current Iteration count: 7
Last iteration time: 0.0
Average iteration time: 0.0044642516544887
Current score: 6084333.0


Phase 4 (routing operators) day 9 ended!
Phase 4 (routing operators) day report:
Current Iteration count: 8
Last iteration time: 0.0
Average iteration time: 0.0039062201976776123
Current score: 6084333.0


Phase 4 (routing operators) day 10 ended!
Phase 4 (routing operators) day report:
Current Iteration count: 9
Last iteration time: 0.0
Average iteration time: 0.003472195731268989
Current score: 6084333.0


Phase 4 (routing operators) day 11 ended!
Phase 4 (routing operators) day report:
Current Iteration count: 10
Last iteration time: 0.0
Average iteration time: 0.00312497615814209
Current score: 6084333.0


Phase 4 (routing operators) ended! Current time: 2026-08-09 01:36:40.372546
Phase 4 (routing operators) Report:
Iteration count: 10
Last iteration time: 0.0
Average iteration time: 0.00312497615814209
Current score: 6084333.0


Local search report:
Iteration count: 5 iterations
Last iteration time: 12.671874284744263 seconds
Iteration average time: 14.832639503479005 seconds
Current score: 6084333.0

Local search ended after 5 iterations.
Last iteration time: 12.671874284744263 seconds
Iteration average time: 14.832639503479005 seconds
Original score: 11095335.0
Current score: 6084333.0

----- MARKER - SOLUTION PRINTED BELOW -------

Day 0, number of edges 88, number of routes 6

	Edges:

	Edge: 46 <--> 47 	 Freq: 14.0 	 Demand: 111
	Edge: 37 <--> 38 	 Freq: 14.0 	 Demand: 366
	Edge: 86 <--> 89 	 Freq: 14.0 	 Demand: 111
	Edge: 95 <--> 203 	 Freq: 14.0 	 Demand: 553
	Edge: 7 <--> 171 	 Freq: 14.0 	 Demand: 986
	Edge: 107 <--> 161 	 Freq: 14.0 	 Demand: 111
	Edge: 185 <--> 222 	 Freq: 14.0 	 Demand: 204
	Edge: 122 <--> 37 	 Freq: 14.0 	 Demand: 493
	Edge: 204 <--> 95 	 Freq: 14.0 	 Demand: 222
	Edge: 151 <--> 55 	 Freq: 14.0 	 Demand: 204
	Edge: 214 <--> 180 	 Freq: 14.0 	 Demand: 315
	Edge: 216 <--> 214 	 Freq: 14.0 	 Demand: 162
	Edge: 38 <--> 95 	 Freq: 14.0 	 Demand: 111
	Edge: 217 <--> 216 	 Freq: 14.0 	 Demand: 221
	Edge: 216 <--> 220 	 Freq: 14.0 	 Demand: 323
	Edge: 191 <--> 193 	 Freq: 14.0 	 Demand: 935
	Edge: 187 <--> 217 	 Freq: 14.0 	 Demand: 111
	Edge: 5 <--> 6 	 Freq: 14.0 	 Demand: 162
	Edge: 180 <--> 218 	 Freq: 14.0 	 Demand: 323
	Edge: 140 <--> 126 	 Freq: 14.0 	 Demand: 204
	Edge: 214 <--> 215 	 Freq: 14.0 	 Demand: 272
	Edge: 217 <--> 219 	 Freq: 14.0 	 Demand: 323
	Edge: 188 <--> 190 	 Freq: 14.0 	 Demand: 162
	Edge: 88 <--> 90 	 Freq: 14.0 	 Demand: 978
	Edge: 139 <--> 137 	 Freq: 14.0 	 Demand: 315
	Edge: 50 <--> 200 	 Freq: 14.0 	 Demand: 2363
	Edge: 182 <--> 183 	 Freq: 14.0 	 Demand: 476
	Edge: 208 <--> 210 	 Freq: 14.0 	 Demand: 408
	Edge: 52 <--> 135 	 Freq: 14.0 	 Demand: 1020
	Edge: 71 <--> 208 	 Freq: 14.0 	 Demand: 323
	Edge: 126 <--> 107 	 Freq: 14.0 	 Demand: 111
	Edge: 212 <--> 213 	 Freq: 14.0 	 Demand: 1012
	Edge: 115 <--> 53 	 Freq: 14.0 	 Demand: 757
	Edge: 185 <--> 221 	 Freq: 14.0 	 Demand: 1590
	Edge: 147 <--> 196 	 Freq: 14.0 	 Demand: 272
	Edge: 76 <--> 169 	 Freq: 14.0 	 Demand: 408
	Edge: 45 <--> 33 	 Freq: 14.0 	 Demand: 680
	Edge: 89 <--> 91 	 Freq: 14.0 	 Demand: 3919
	Edge: 33 <--> 34 	 Freq: 14.0 	 Demand: 1207
	Edge: 141 <--> 223 	 Freq: 14.0 	 Demand: 3103
	Edge: 147 <--> 148 	 Freq: 14.0 	 Demand: 204
	Edge: 191 <--> 192 	 Freq: 14.0 	 Demand: 1003
	Edge: 184 <--> 185 	 Freq: 14.0 	 Demand: 1343
	Edge: 188 <--> 189 	 Freq: 14.0 	 Demand: 842
	Edge: 169 <--> 170 	 Freq: 14.0 	 Demand: 680
	Edge: 21 <--> 22 	 Freq: 14.0 	 Demand: 1981
	Edge: 180 <--> 181 	 Freq: 14.0 	 Demand: 383
	Edge: 53 <--> 54 	 Freq: 14.0 	 Demand: 111
	Edge: 105 <--> 106 	 Freq: 14.0 	 Demand: 340
	Edge: 161 <--> 13 	 Freq: 14.0 	 Demand: 162
	Edge: 11 <--> 113 	 Freq: 14.0 	 Demand: 536
	Edge: 17 <--> 147 	 Freq: 14.0 	 Demand: 366
	Edge: 135 <--> 94 	 Freq: 14.0 	 Demand: 544
	Edge: 13 <--> 172 	 Freq: 14.0 	 Demand: 204
	Edge: 84 <--> 85 	 Freq: 14.0 	 Demand: 3273
	Edge: 227 <--> 197 	 Freq: 14.0 	 Demand: 893
	Edge: 10 <--> 11 	 Freq: 14.0 	 Demand: 536
	Edge: 48 <--> 47 	 Freq: 14.0 	 Demand: 162
	Edge: 163 <--> 115 	 Freq: 14.0 	 Demand: 162
	Edge: 54 <--> 103 	 Freq: 14.0 	 Demand: 111
	Edge: 11 <--> 12 	 Freq: 14.0 	 Demand: 799
	Edge: 225 <--> 149 	 Freq: 14.0 	 Demand: 799
	Edge: 69 <--> 70 	 Freq: 14.0 	 Demand: 111
	Edge: 94 <--> 178 	 Freq: 14.0 	 Demand: 1896
	Edge: 88 <--> 89 	 Freq: 14.0 	 Demand: 1411
	Edge: 37 <--> 176 	 Freq: 14.0 	 Demand: 1097
	Edge: 39 <--> 40 	 Freq: 14.0 	 Demand: 323
	Edge: 224 <--> 138 	 Freq: 14.0 	 Demand: 527
	Edge: 92 <--> 93 	 Freq: 14.0 	 Demand: 680
	Edge: 194 <--> 47 	 Freq: 14.0 	 Demand: 111
	Edge: 72 <--> 73 	 Freq: 14.0 	 Demand: 485
	Edge: 12 <--> 111 	 Freq: 14.0 	 Demand: 910
	Edge: 33 <--> 104 	 Freq: 14.0 	 Demand: 2457
	Edge: 7 <--> 5 	 Freq: 14.0 	 Demand: 1114
	Edge: 26 <--> 25 	 Freq: 14.0 	 Demand: 485
	Edge: 51 <--> 52 	 Freq: 14.0 	 Demand: 1938
	Edge: 18 <--> 21 	 Freq: 14.0 	 Demand: 366
	Edge: 77 <--> 78 	 Freq: 14.0 	 Demand: 1811
	Edge: 87 <--> 94 	 Freq: 14.0 	 Demand: 1513
	Edge: 16 <--> 146 	 Freq: 14.0 	 Demand: 2244
	Edge: 34 <--> 41 	 Freq: 14.0 	 Demand: 3771
	Edge: 75 <--> 76 	 Freq: 14.0 	 Demand: 162
	Edge: 173 <--> 31 	 Freq: 14.0 	 Demand: 111
	Edge: 32 <--> 30 	 Freq: 14.0 	 Demand: 162
	Edge: 42 <--> 151 	 Freq: 14.0 	 Demand: 757
	Edge: 1 <--> 27 	 Freq: 14.0 	 Demand: 833
	Edge: 24 <--> 25 	 Freq: 14.0 	 Demand: 221
	Edge: 8 <--> 9 	 Freq: 14.0 	 Demand: 544

	Routes:

	Route: 1
	Route length (4185.0) and demand (11780)
	Edge: 151 <--> 55 	 Freq: 14.0 	 Demand: 204
	Edge: 42 <--> 151 	 Freq: 14.0 	 Demand: 757
	Edge: 33 <--> 34 	 Freq: 14.0 	 Demand: 1207
	Edge: 33 <--> 104 	 Freq: 14.0 	 Demand: 2457
	Edge: 69 <--> 70 	 Freq: 14.0 	 Demand: 111
	Edge: 84 <--> 85 	 Freq: 14.0 	 Demand: 3273
	Edge: 34 <--> 41 	 Freq: 14.0 	 Demand: 3771
	Route: 2
	Route length (3777.0) and demand (9573)
	Edge: 1 <--> 27 	 Freq: 14.0 	 Demand: 833
	Edge: 26 <--> 25 	 Freq: 14.0 	 Demand: 485
	Edge: 39 <--> 40 	 Freq: 14.0 	 Demand: 323
	Edge: 86 <--> 89 	 Freq: 14.0 	 Demand: 111
	Edge: 89 <--> 91 	 Freq: 14.0 	 Demand: 3919
	Edge: 88 <--> 89 	 Freq: 14.0 	 Demand: 1411
	Edge: 88 <--> 90 	 Freq: 14.0 	 Demand: 978
	Edge: 87 <--> 94 	 Freq: 14.0 	 Demand: 1513
	Route: 3
	Route length (5868.0) and demand (11667)
	Edge: 208 <--> 210 	 Freq: 14.0 	 Demand: 408
	Edge: 71 <--> 208 	 Freq: 14.0 	 Demand: 323
	Edge: 191 <--> 193 	 Freq: 14.0 	 Demand: 935
	Edge: 191 <--> 192 	 Freq: 14.0 	 Demand: 1003
	Edge: 72 <--> 73 	 Freq: 14.0 	 Demand: 485
	Edge: 147 <--> 196 	 Freq: 14.0 	 Demand: 272
	Edge: 227 <--> 197 	 Freq: 14.0 	 Demand: 893
	Edge: 225 <--> 149 	 Freq: 14.0 	 Demand: 799
	Edge: 147 <--> 148 	 Freq: 14.0 	 Demand: 204
	Edge: 17 <--> 147 	 Freq: 14.0 	 Demand: 366
	Edge: 48 <--> 47 	 Freq: 14.0 	 Demand: 162
	Edge: 194 <--> 47 	 Freq: 14.0 	 Demand: 111
	Edge: 46 <--> 47 	 Freq: 14.0 	 Demand: 111
	Edge: 16 <--> 146 	 Freq: 14.0 	 Demand: 2244
	Edge: 188 <--> 189 	 Freq: 14.0 	 Demand: 842
	Edge: 188 <--> 190 	 Freq: 14.0 	 Demand: 162
	Edge: 21 <--> 22 	 Freq: 14.0 	 Demand: 1981
	Edge: 18 <--> 21 	 Freq: 14.0 	 Demand: 366
	Route: 4
	Route length (4478.0) and demand (11504)
	Edge: 52 <--> 135 	 Freq: 14.0 	 Demand: 1020
	Edge: 45 <--> 33 	 Freq: 14.0 	 Demand: 680
	Edge: 50 <--> 200 	 Freq: 14.0 	 Demand: 2363
	Edge: 51 <--> 52 	 Freq: 14.0 	 Demand: 1938
	Edge: 135 <--> 94 	 Freq: 14.0 	 Demand: 544
	Edge: 94 <--> 178 	 Freq: 14.0 	 Demand: 1896
	Edge: 37 <--> 38 	 Freq: 14.0 	 Demand: 366
	Edge: 37 <--> 176 	 Freq: 14.0 	 Demand: 1097
	Edge: 122 <--> 37 	 Freq: 14.0 	 Demand: 493
	Edge: 95 <--> 203 	 Freq: 14.0 	 Demand: 553
	Edge: 204 <--> 95 	 Freq: 14.0 	 Demand: 222
	Edge: 38 <--> 95 	 Freq: 14.0 	 Demand: 111
	Edge: 24 <--> 25 	 Freq: 14.0 	 Demand: 221
	Route: 5
	Route length (4838.0) and demand (11268)
	Edge: 169 <--> 170 	 Freq: 14.0 	 Demand: 680
	Edge: 76 <--> 169 	 Freq: 14.0 	 Demand: 408
	Edge: 12 <--> 111 	 Freq: 14.0 	 Demand: 910
	Edge: 32 <--> 30 	 Freq: 14.0 	 Demand: 162
	Edge: 140 <--> 126 	 Freq: 14.0 	 Demand: 204
	Edge: 126 <--> 107 	 Freq: 14.0 	 Demand: 111
	Edge: 107 <--> 161 	 Freq: 14.0 	 Demand: 111
	Edge: 161 <--> 13 	 Freq: 14.0 	 Demand: 162
	Edge: 13 <--> 172 	 Freq: 14.0 	 Demand: 204
	Edge: 184 <--> 185 	 Freq: 14.0 	 Demand: 1343
	Edge: 185 <--> 222 	 Freq: 14.0 	 Demand: 204
	Edge: 185 <--> 221 	 Freq: 14.0 	 Demand: 1590
	Edge: 77 <--> 78 	 Freq: 14.0 	 Demand: 1811
	Edge: 224 <--> 138 	 Freq: 14.0 	 Demand: 527
	Edge: 139 <--> 137 	 Freq: 14.0 	 Demand: 315
	Edge: 173 <--> 31 	 Freq: 14.0 	 Demand: 111
	Edge: 11 <--> 12 	 Freq: 14.0 	 Demand: 799
	Edge: 11 <--> 113 	 Freq: 14.0 	 Demand: 536
	Edge: 10 <--> 11 	 Freq: 14.0 	 Demand: 536
	Edge: 8 <--> 9 	 Freq: 14.0 	 Demand: 544
	Route: 6
	Route length (5061.0) and demand (11609)
	Edge: 163 <--> 115 	 Freq: 14.0 	 Demand: 162
	Edge: 115 <--> 53 	 Freq: 14.0 	 Demand: 757
	Edge: 53 <--> 54 	 Freq: 14.0 	 Demand: 111
	Edge: 54 <--> 103 	 Freq: 14.0 	 Demand: 111
	Edge: 5 <--> 6 	 Freq: 14.0 	 Demand: 162
	Edge: 7 <--> 5 	 Freq: 14.0 	 Demand: 1114
	Edge: 7 <--> 171 	 Freq: 14.0 	 Demand: 986
	Edge: 105 <--> 106 	 Freq: 14.0 	 Demand: 340
	Edge: 141 <--> 223 	 Freq: 14.0 	 Demand: 3103
	Edge: 92 <--> 93 	 Freq: 14.0 	 Demand: 680
	Edge: 212 <--> 213 	 Freq: 14.0 	 Demand: 1012
	Edge: 182 <--> 183 	 Freq: 14.0 	 Demand: 476
	Edge: 187 <--> 217 	 Freq: 14.0 	 Demand: 111
	Edge: 217 <--> 219 	 Freq: 14.0 	 Demand: 323
	Edge: 217 <--> 216 	 Freq: 14.0 	 Demand: 221
	Edge: 216 <--> 220 	 Freq: 14.0 	 Demand: 323
	Edge: 216 <--> 214 	 Freq: 14.0 	 Demand: 162
	Edge: 214 <--> 215 	 Freq: 14.0 	 Demand: 272
	Edge: 180 <--> 218 	 Freq: 14.0 	 Demand: 323
	Edge: 180 <--> 181 	 Freq: 14.0 	 Demand: 383
	Edge: 214 <--> 180 	 Freq: 14.0 	 Demand: 315
	Edge: 75 <--> 76 	 Freq: 14.0 	 Demand: 162

Day 1, number of edges 44, number of routes 6

	Edges:

	Edge: 67 <--> 68 	 Freq: 14.0 	 Demand: 204
	Edge: 60 <--> 199 	 Freq: 14.0 	 Demand: 2253
	Edge: 153 <--> 154 	 Freq: 14.0 	 Demand: 910
	Edge: 131 <--> 132 	 Freq: 14.0 	 Demand: 791
	Edge: 63 <--> 128 	 Freq: 14.0 	 Demand: 2703
	Edge: 157 <--> 158 	 Freq: 14.0 	 Demand: 3800
	Edge: 173 <--> 195 	 Freq: 14.0 	 Demand: 2185
	Edge: 109 <--> 32 	 Freq: 14.0 	 Demand: 595
	Edge: 145 <--> 17 	 Freq: 14.0 	 Demand: 927
	Edge: 41 <--> 60 	 Freq: 14.0 	 Demand: 1624
	Edge: 168 <--> 0 	 Freq: 14.0 	 Demand: 850
	Edge: 60 <--> 61 	 Freq: 14.0 	 Demand: 4631
	Edge: 159 <--> 160 	 Freq: 14.0 	 Demand: 4059
	Edge: 161 <--> 162 	 Freq: 14.0 	 Demand: 3586
	Edge: 65 <--> 66 	 Freq: 14.0 	 Demand: 162
	Edge: 74 <--> 1 	 Freq: 14.0 	 Demand: 383
	Edge: 19 <--> 164 	 Freq: 14.0 	 Demand: 162
	Edge: 26 <--> 153 	 Freq: 14.0 	 Demand: 927
	Edge: 15 <--> 16 	 Freq: 14.0 	 Demand: 1029
	Edge: 109 <--> 110 	 Freq: 14.0 	 Demand: 1071
	Edge: 25 <--> 74 	 Freq: 14.0 	 Demand: 1343
	Edge: 205 <--> 207 	 Freq: 14.0 	 Demand: 1054
	Edge: 15 <--> 49 	 Freq: 14.0 	 Demand: 221
	Edge: 62 <--> 28 	 Freq: 14.0 	 Demand: 272
	Edge: 46 <--> 49 	 Freq: 14.0 	 Demand: 638
	Edge: 17 <--> 18 	 Freq: 14.0 	 Demand: 1063
	Edge: 63 <--> 96 	 Freq: 14.0 	 Demand: 2721
	Edge: 205 <--> 206 	 Freq: 14.0 	 Demand: 1658
	Edge: 3 <--> 4 	 Freq: 14.0 	 Demand: 689
	Edge: 179 <--> 136 	 Freq: 14.0 	 Demand: 2712
	Edge: 46 <--> 15 	 Freq: 14.0 	 Demand: 485
	Edge: 32 <--> 175 	 Freq: 14.0 	 Demand: 1513
	Edge: 49 <--> 142 	 Freq: 14.0 	 Demand: 859
	Edge: 16 <--> 145 	 Freq: 14.0 	 Demand: 162
	Edge: 143 <--> 156 	 Freq: 14.0 	 Demand: 3929
	Edge: 62 <--> 30 	 Freq: 14.0 	 Demand: 952
	Edge: 145 <--> 177 	 Freq: 14.0 	 Demand: 1173
	Edge: 119 <--> 3 	 Freq: 14.0 	 Demand: 5148
	Edge: 12 <--> 109 	 Freq: 14.0 	 Demand: 595
	Edge: 12 <--> 112 	 Freq: 14.0 	 Demand: 655
	Edge: 41 <--> 42 	 Freq: 14.0 	 Demand: 765
	Edge: 1 <--> 26 	 Freq: 14.0 	 Demand: 689
	Edge: 3 <--> 10 	 Freq: 14.0 	 Demand: 323
	Edge: 119 <--> 8 	 Freq: 14.0 	 Demand: 1029

	Routes:

	Route: 1
	Route length (1554.0) and demand (7657)
	Edge: 119 <--> 3 	 Freq: 14.0 	 Demand: 5148
	Edge: 3 <--> 4 	 Freq: 14.0 	 Demand: 689
	Edge: 131 <--> 132 	 Freq: 14.0 	 Demand: 791
	Edge: 119 <--> 8 	 Freq: 14.0 	 Demand: 1029
	Route: 2
	Route length (4566.0) and demand (11821)
	Edge: 168 <--> 0 	 Freq: 14.0 	 Demand: 850
	Edge: 25 <--> 74 	 Freq: 14.0 	 Demand: 1343
	Edge: 19 <--> 164 	 Freq: 14.0 	 Demand: 162
	Edge: 17 <--> 18 	 Freq: 14.0 	 Demand: 1063
	Edge: 145 <--> 17 	 Freq: 14.0 	 Demand: 927
	Edge: 145 <--> 177 	 Freq: 14.0 	 Demand: 1173
	Edge: 16 <--> 145 	 Freq: 14.0 	 Demand: 162
	Edge: 15 <--> 49 	 Freq: 14.0 	 Demand: 221
	Edge: 49 <--> 142 	 Freq: 14.0 	 Demand: 859
	Edge: 46 <--> 49 	 Freq: 14.0 	 Demand: 638
	Edge: 46 <--> 15 	 Freq: 14.0 	 Demand: 485
	Edge: 15 <--> 16 	 Freq: 14.0 	 Demand: 1029
	Edge: 153 <--> 154 	 Freq: 14.0 	 Demand: 910
	Edge: 26 <--> 153 	 Freq: 14.0 	 Demand: 927
	Edge: 1 <--> 26 	 Freq: 14.0 	 Demand: 689
	Edge: 74 <--> 1 	 Freq: 14.0 	 Demand: 383
	Route: 3
	Route length (4534.0) and demand (9639)
	Edge: 65 <--> 66 	 Freq: 14.0 	 Demand: 162
	Edge: 67 <--> 68 	 Freq: 14.0 	 Demand: 204
	Edge: 41 <--> 42 	 Freq: 14.0 	 Demand: 765
	Edge: 41 <--> 60 	 Freq: 14.0 	 Demand: 1624
	Edge: 60 <--> 61 	 Freq: 14.0 	 Demand: 4631
	Edge: 60 <--> 199 	 Freq: 14.0 	 Demand: 2253
	Route: 4
	Route length (3069.0) and demand (11642)
	Edge: 109 <--> 110 	 Freq: 14.0 	 Demand: 1071
	Edge: 179 <--> 136 	 Freq: 14.0 	 Demand: 2712
	Edge: 159 <--> 160 	 Freq: 14.0 	 Demand: 4059
	Edge: 157 <--> 158 	 Freq: 14.0 	 Demand: 3800
	Route: 5
	Route length (3715.0) and demand (11477)
	Edge: 12 <--> 112 	 Freq: 14.0 	 Demand: 655
	Edge: 161 <--> 162 	 Freq: 14.0 	 Demand: 3586
	Edge: 143 <--> 156 	 Freq: 14.0 	 Demand: 3929
	Edge: 205 <--> 206 	 Freq: 14.0 	 Demand: 1658
	Edge: 205 <--> 207 	 Freq: 14.0 	 Demand: 1054
	Edge: 12 <--> 109 	 Freq: 14.0 	 Demand: 595
	Route: 6
	Route length (2986.0) and demand (11264)
	Edge: 109 <--> 32 	 Freq: 14.0 	 Demand: 595
	Edge: 32 <--> 175 	 Freq: 14.0 	 Demand: 1513
	Edge: 173 <--> 195 	 Freq: 14.0 	 Demand: 2185
	Edge: 63 <--> 96 	 Freq: 14.0 	 Demand: 2721
	Edge: 63 <--> 128 	 Freq: 14.0 	 Demand: 2703
	Edge: 62 <--> 28 	 Freq: 14.0 	 Demand: 272
	Edge: 62 <--> 30 	 Freq: 14.0 	 Demand: 952
	Edge: 3 <--> 10 	 Freq: 14.0 	 Demand: 323

Day 2, number of edges 32, number of routes 5

	Edges:

	Edge: 43 <--> 44 	 Freq: 14.0 	 Demand: 408
	Edge: 165 <--> 166 	 Freq: 14.0 	 Demand: 315
	Edge: 0 <--> 75 	 Freq: 14.0 	 Demand: 842
	Edge: 19 <--> 20 	 Freq: 14.0 	 Demand: 485
	Edge: 126 <--> 127 	 Freq: 14.0 	 Demand: 2159
	Edge: 155 <--> 79 	 Freq: 14.0 	 Demand: 3550
	Edge: 183 <--> 211 	 Freq: 14.0 	 Demand: 1649
	Edge: 44 <--> 40 	 Freq: 14.0 	 Demand: 111
	Edge: 13 <--> 14 	 Freq: 14.0 	 Demand: 1811
	Edge: 109 <--> 114 	 Freq: 14.0 	 Demand: 1607
	Edge: 107 <--> 108 	 Freq: 14.0 	 Demand: 1564
	Edge: 208 <--> 209 	 Freq: 14.0 	 Demand: 1615
	Edge: 150 <--> 143 	 Freq: 14.0 	 Demand: 162
	Edge: 166 <--> 167 	 Freq: 14.0 	 Demand: 204
	Edge: 22 <--> 166 	 Freq: 14.0 	 Demand: 3664
	Edge: 31 <--> 174 	 Freq: 14.0 	 Demand: 1751
	Edge: 82 <--> 186 	 Freq: 14.0 	 Demand: 3549
	Edge: 140 <--> 139 	 Freq: 14.0 	 Demand: 1505
	Edge: 72 <--> 191 	 Freq: 14.0 	 Demand: 2635
	Edge: 32 <--> 134 	 Freq: 14.0 	 Demand: 1496
	Edge: 80 <--> 83 	 Freq: 14.0 	 Demand: 1836
	Edge: 98 <--> 123 	 Freq: 14.0 	 Demand: 204
	Edge: 120 <--> 24 	 Freq: 14.0 	 Demand: 1097
	Edge: 81 <--> 97 	 Freq: 14.0 	 Demand: 2355
	Edge: 28 <--> 29 	 Freq: 14.0 	 Demand: 2865
	Edge: 124 <--> 125 	 Freq: 14.0 	 Demand: 723
	Edge: 5 <--> 106 	 Freq: 14.0 	 Demand: 366
	Edge: 124 <--> 202 	 Freq: 14.0 	 Demand: 3732
	Edge: 64 <--> 65 	 Freq: 14.0 	 Demand: 2720
	Edge: 74 <--> 2 	 Freq: 14.0 	 Demand: 680
	Edge: 10 <--> 198 	 Freq: 14.0 	 Demand: 655
	Edge: 53 <--> 76 	 Freq: 14.0 	 Demand: 646

	Routes:

	Route: 1
	Route length (3992.0) and demand (8918)
	Edge: 208 <--> 209 	 Freq: 14.0 	 Demand: 1615
	Edge: 72 <--> 191 	 Freq: 14.0 	 Demand: 2635
	Edge: 22 <--> 166 	 Freq: 14.0 	 Demand: 3664
	Edge: 166 <--> 167 	 Freq: 14.0 	 Demand: 204
	Edge: 165 <--> 166 	 Freq: 14.0 	 Demand: 315
	Edge: 19 <--> 20 	 Freq: 14.0 	 Demand: 485
	Route: 2
	Route length (4198.0) and demand (11452)
	Edge: 150 <--> 143 	 Freq: 14.0 	 Demand: 162
	Edge: 82 <--> 186 	 Freq: 14.0 	 Demand: 3549
	Edge: 81 <--> 97 	 Freq: 14.0 	 Demand: 2355
	Edge: 80 <--> 83 	 Freq: 14.0 	 Demand: 1836
	Edge: 155 <--> 79 	 Freq: 14.0 	 Demand: 3550
	Route: 3
	Route length (3421.0) and demand (11893)
	Edge: 109 <--> 114 	 Freq: 14.0 	 Demand: 1607
	Edge: 32 <--> 134 	 Freq: 14.0 	 Demand: 1496
	Edge: 140 <--> 139 	 Freq: 14.0 	 Demand: 1505
	Edge: 126 <--> 127 	 Freq: 14.0 	 Demand: 2159
	Edge: 13 <--> 14 	 Freq: 14.0 	 Demand: 1811
	Edge: 107 <--> 108 	 Freq: 14.0 	 Demand: 1564
	Edge: 31 <--> 174 	 Freq: 14.0 	 Demand: 1751
	Route: 4
	Route length (3687.0) and demand (5016)
	Edge: 74 <--> 2 	 Freq: 14.0 	 Demand: 680
	Edge: 44 <--> 40 	 Freq: 14.0 	 Demand: 111
	Edge: 43 <--> 44 	 Freq: 14.0 	 Demand: 408
	Edge: 64 <--> 65 	 Freq: 14.0 	 Demand: 2720
	Edge: 120 <--> 24 	 Freq: 14.0 	 Demand: 1097
	Route: 5
	Route length (4607.0) and demand (11682)
	Edge: 10 <--> 198 	 Freq: 14.0 	 Demand: 655
	Edge: 28 <--> 29 	 Freq: 14.0 	 Demand: 2865
	Edge: 183 <--> 211 	 Freq: 14.0 	 Demand: 1649
	Edge: 124 <--> 125 	 Freq: 14.0 	 Demand: 723
	Edge: 124 <--> 202 	 Freq: 14.0 	 Demand: 3732
	Edge: 98 <--> 123 	 Freq: 14.0 	 Demand: 204
	Edge: 5 <--> 106 	 Freq: 14.0 	 Demand: 366
	Edge: 53 <--> 76 	 Freq: 14.0 	 Demand: 646
	Edge: 0 <--> 75 	 Freq: 14.0 	 Demand: 842

Day 3, number of edges 7, number of routes 2

	Edges:

	Edge: 35 <--> 36 	 Freq: 7.0 	 Demand: 3460
	Edge: 92 <--> 93 	 Freq: 7.0 	 Demand: 3836
	Edge: 226 <--> 152 	 Freq: 7.0 	 Demand: 3587
	Edge: 115 <--> 116 	 Freq: 14.0 	 Demand: 493
	Edge: 117 <--> 118 	 Freq: 14.0 	 Demand: 1156
	Edge: 201 <--> 101 	 Freq: 14.0 	 Demand: 111
	Edge: 25 <--> 121 	 Freq: 14.0 	 Demand: 408

	Routes:

	Route: 1
	Route length (3638.0) and demand (7455)
	Edge: 25 <--> 121 	 Freq: 14.0 	 Demand: 408
	Edge: 226 <--> 152 	 Freq: 7.0 	 Demand: 3587
	Edge: 35 <--> 36 	 Freq: 7.0 	 Demand: 3460
	Route: 2
	Route length (6388.0) and demand (5596)
	Edge: 115 <--> 116 	 Freq: 14.0 	 Demand: 493
	Edge: 201 <--> 101 	 Freq: 14.0 	 Demand: 111
	Edge: 117 <--> 118 	 Freq: 14.0 	 Demand: 1156
	Edge: 92 <--> 93 	 Freq: 7.0 	 Demand: 3836

Day 4, number of edges 0, number of routes 0

	Edges:


	Routes:


Day 5, number of edges 0, number of routes 0

	Edges:


	Routes:


Day 6, number of edges 0, number of routes 0

	Edges:


	Routes:


Day 7, number of edges 0, number of routes 0

	Edges:


	Routes:


Day 8, number of edges 0, number of routes 0

	Edges:


	Routes:


Day 9, number of edges 0, number of routes 0

	Edges:


	Routes:


Day 10, number of edges 0, number of routes 0

	Edges:


	Routes:


Day 11, number of edges 3, number of routes 1

	Edges:

	Edge: 35 <--> 36 	 Freq: 7.0 	 Demand: 3460
	Edge: 92 <--> 93 	 Freq: 7.0 	 Demand: 3836
	Edge: 226 <--> 152 	 Freq: 7.0 	 Demand: 3587

	Routes:

	Route: 1
	Route length (5771.0) and demand (10883)
	Edge: 226 <--> 152 	 Freq: 7.0 	 Demand: 3587
	Edge: 35 <--> 36 	 Freq: 7.0 	 Demand: 3460
	Edge: 92 <--> 93 	 Freq: 7.0 	 Demand: 3836

Day 12, number of edges 0, number of routes 0

	Edges:


	Routes:


Day 13, number of edges 0, number of routes 0

	Edges:


	Routes:


----- MARKER - SOLUTION PRINTED ABOVE -------

Printing greedy algorithm time to avoid scrolling or ctrl+f
Greedy algorithm time: 0:00:00.001807 seconds
LS time: 0:01:14.163198
Greedy algorithm score: 11095335.0
LS return score: 6084333.0
Final solution score: 6084333.0
Maximum routes among all days: 6
Minimum routes among all days: 0

Penalties count:
Overloaded route count: 0
Irregular services count: 0
Irregular spacing count: 0
