Using greedy dynamic clusters algorithm with cluster limit == infinity!
Graph Data file used: SP-CARP_O17_g_graph.dat
Vehicle Data file used: SP-CARP_2-2.veh

Program starting at: 2026-08-09 01:35:43.521844
Greedy algorithm time: 0.071488 seconds
Cost of initial solution: 9257935.0
Total number of edges: 171
Number of unsatisfied edges: 3
0 edges were not serviced at all!
Running Local Search with top 50 operations according to estimation



Phase 1 ended! Current time: 2026-08-09 01:35:43.693724
Phase 1 Report:
Iteration count: 2
Last iteration time: 0.0
Average iteration time: 0.0
Current score: 8088554.0


Phase 2 (only move_services) mid-report:
Iteration count: 1
Last iteration time: 0.3437485694885254
Average iteration time: 0.3437485694885254
Current score: 7091592.0


Phase 2 (only move_services) ended! Current time: 2026-08-09 01:35:44.646845
Phase 2 (only move_services) Report:
Iteration count: 3
Last iteration time: 0.06250762939453125
Average iteration time: 0.25000087420145667
Current score: 6091592.0


Phase 3 (using only swap_services) mid-report:
Iteration count: 1
Last iteration time: 0.1406252384185791
Average iteration time: 0.1406252384185791
Current score: 6090690.0


Phase 3 (using only swap_services) ended! Current time: 2026-08-09 01:35:52.662467
Phase 3 (using only swap_services) Report:
Iteration count: 12
Last iteration time: 0.06250429153442383
Average iteration time: 0.1614582339922587
Current score: 6088631.0


Phase 4 (routing operators) mid-report:
Current day: 0
Iteration count: 1
Last iteration time: 0.015618324279785156
Average iteration time: 0.015618324279785156
Current score: 6088631.0


Phase 4 (routing operators) day 0 ended!
Phase 4 (routing operators) day report:
Current Iteration count: 1
Last iteration time: 0.015618324279785156
Average iteration time: 0.015618324279785156
Current score: 6088631.0


Phase 4 (routing operators) day 1 ended!
Phase 4 (routing operators) day report:
Current Iteration count: 2
Last iteration time: 0.015626192092895508
Average iteration time: 0.015622258186340332
Current score: 6088631.0


Phase 4 (routing operators) day 2 ended!
Phase 4 (routing operators) day report:
Current Iteration count: 6
Last iteration time: 0.0
Average iteration time: 0.104164719581604
Current score: 6086017.0


Phase 4 (routing operators) day 3 ended!
Phase 4 (routing operators) day report:
Current Iteration count: 7
Last iteration time: 0.0
Average iteration time: 0.08928404535566058
Current score: 6086017.0


Phase 4 (routing operators) day 4 ended!
Phase 4 (routing operators) day report:
Current Iteration count: 8
Last iteration time: 0.0
Average iteration time: 0.078123539686203
Current score: 6086017.0


Phase 4 (routing operators) day 7 ended!
Phase 4 (routing operators) day report:
Current Iteration count: 9
Last iteration time: 0.0
Average iteration time: 0.06944314638773601
Current score: 6086017.0


Phase 4 (routing operators) day 8 ended!
Phase 4 (routing operators) day report:
Current Iteration count: 10
Last iteration time: 0.0
Average iteration time: 0.062498831748962404
Current score: 6086017.0


Phase 4 (routing operators) day 9 ended!
Phase 4 (routing operators) day report:
Current Iteration count: 11
Last iteration time: 0.0
Average iteration time: 0.056817119771784004
Current score: 6086017.0


Phase 4 (routing operators) day 10 ended!
Phase 4 (routing operators) day report:
Current Iteration count: 12
Last iteration time: 0.0
Average iteration time: 0.052082359790802
Current score: 6086017.0


Phase 4 (routing operators) day 11 ended!
Phase 4 (routing operators) day report:
Current Iteration count: 14
Last iteration time: 0.0
Average iteration time: 0.04464202267783029
Current score: 6082979.0


Phase 4 (routing operators) ended! Current time: 2026-08-09 01:35:57.771837
Phase 4 (routing operators) Report:
Iteration count: 14
Last iteration time: 0.0
Average iteration time: 0.04464202267783029
Current score: 6082979.0


Local search report:
Iteration count: 1 iterations
Last iteration time: 14.078112840652466 seconds
Iteration average time: 14.078112840652466 seconds
Current score: 6082979.0

Solution after going through each phase once:


Day 0, number of edges 74, number of routes 6

	Edges:

	Edge: 46 <--> 47 	 Freq: 14.0 	 Demand: 111
	Edge: 194 <--> 47 	 Freq: 14.0 	 Demand: 111
	Edge: 46 <--> 49 	 Freq: 14.0 	 Demand: 638
	Edge: 15 <--> 16 	 Freq: 14.0 	 Demand: 1029
	Edge: 46 <--> 15 	 Freq: 14.0 	 Demand: 485
	Edge: 49 <--> 142 	 Freq: 14.0 	 Demand: 859
	Edge: 16 <--> 145 	 Freq: 14.0 	 Demand: 162
	Edge: 145 <--> 17 	 Freq: 14.0 	 Demand: 927
	Edge: 18 <--> 21 	 Freq: 14.0 	 Demand: 366
	Edge: 21 <--> 22 	 Freq: 14.0 	 Demand: 1981
	Edge: 22 <--> 166 	 Freq: 14.0 	 Demand: 3664
	Edge: 165 <--> 166 	 Freq: 14.0 	 Demand: 315
	Edge: 166 <--> 167 	 Freq: 14.0 	 Demand: 204
	Edge: 145 <--> 177 	 Freq: 14.0 	 Demand: 1173
	Edge: 16 <--> 146 	 Freq: 14.0 	 Demand: 2244
	Edge: 43 <--> 44 	 Freq: 14.0 	 Demand: 408
	Edge: 44 <--> 40 	 Freq: 14.0 	 Demand: 111
	Edge: 75 <--> 76 	 Freq: 14.0 	 Demand: 162
	Edge: 76 <--> 169 	 Freq: 14.0 	 Demand: 408
	Edge: 0 <--> 75 	 Freq: 14.0 	 Demand: 842
	Edge: 169 <--> 170 	 Freq: 14.0 	 Demand: 680
	Edge: 115 <--> 53 	 Freq: 14.0 	 Demand: 757
	Edge: 53 <--> 54 	 Freq: 14.0 	 Demand: 111
	Edge: 163 <--> 115 	 Freq: 14.0 	 Demand: 162
	Edge: 115 <--> 116 	 Freq: 14.0 	 Demand: 493
	Edge: 37 <--> 38 	 Freq: 14.0 	 Demand: 366
	Edge: 122 <--> 37 	 Freq: 14.0 	 Demand: 493
	Edge: 38 <--> 95 	 Freq: 14.0 	 Demand: 111
	Edge: 95 <--> 203 	 Freq: 14.0 	 Demand: 553
	Edge: 204 <--> 95 	 Freq: 14.0 	 Demand: 222
	Edge: 37 <--> 176 	 Freq: 14.0 	 Demand: 1097
	Edge: 86 <--> 89 	 Freq: 14.0 	 Demand: 111
	Edge: 89 <--> 91 	 Freq: 14.0 	 Demand: 3919
	Edge: 88 <--> 89 	 Freq: 14.0 	 Demand: 1411
	Edge: 88 <--> 90 	 Freq: 14.0 	 Demand: 978
	Edge: 7 <--> 171 	 Freq: 14.0 	 Demand: 986
	Edge: 7 <--> 5 	 Freq: 14.0 	 Demand: 1114
	Edge: 5 <--> 6 	 Freq: 14.0 	 Demand: 162
	Edge: 5 <--> 106 	 Freq: 14.0 	 Demand: 366
	Edge: 185 <--> 222 	 Freq: 14.0 	 Demand: 204
	Edge: 185 <--> 221 	 Freq: 14.0 	 Demand: 1590
	Edge: 184 <--> 185 	 Freq: 14.0 	 Demand: 1343
	Edge: 107 <--> 161 	 Freq: 14.0 	 Demand: 111
	Edge: 126 <--> 107 	 Freq: 14.0 	 Demand: 111
	Edge: 140 <--> 126 	 Freq: 14.0 	 Demand: 204
	Edge: 161 <--> 13 	 Freq: 14.0 	 Demand: 162
	Edge: 13 <--> 172 	 Freq: 14.0 	 Demand: 204
	Edge: 126 <--> 127 	 Freq: 14.0 	 Demand: 2159
	Edge: 161 <--> 162 	 Freq: 14.0 	 Demand: 3586
	Edge: 13 <--> 14 	 Freq: 14.0 	 Demand: 1811
	Edge: 107 <--> 108 	 Freq: 14.0 	 Demand: 1564
	Edge: 140 <--> 139 	 Freq: 14.0 	 Demand: 1505
	Edge: 151 <--> 55 	 Freq: 14.0 	 Demand: 204
	Edge: 42 <--> 151 	 Freq: 14.0 	 Demand: 757
	Edge: 41 <--> 42 	 Freq: 14.0 	 Demand: 765
	Edge: 41 <--> 60 	 Freq: 14.0 	 Demand: 1624
	Edge: 60 <--> 199 	 Freq: 14.0 	 Demand: 2253
	Edge: 216 <--> 214 	 Freq: 14.0 	 Demand: 162
	Edge: 131 <--> 132 	 Freq: 14.0 	 Demand: 791
	Edge: 60 <--> 61 	 Freq: 14.0 	 Demand: 4631
	Edge: 64 <--> 65 	 Freq: 14.0 	 Demand: 2720
	Edge: 17 <--> 147 	 Freq: 14.0 	 Demand: 366
	Edge: 17 <--> 18 	 Freq: 14.0 	 Demand: 1063
	Edge: 39 <--> 40 	 Freq: 14.0 	 Demand: 323
	Edge: 168 <--> 0 	 Freq: 14.0 	 Demand: 850
	Edge: 53 <--> 76 	 Freq: 14.0 	 Demand: 646
	Edge: 54 <--> 103 	 Freq: 14.0 	 Demand: 111
	Edge: 139 <--> 137 	 Freq: 14.0 	 Demand: 315
	Edge: 216 <--> 220 	 Freq: 14.0 	 Demand: 323
	Edge: 225 <--> 149 	 Freq: 14.0 	 Demand: 799
	Edge: 217 <--> 216 	 Freq: 14.0 	 Demand: 221
	Edge: 15 <--> 49 	 Freq: 14.0 	 Demand: 221
	Edge: 48 <--> 47 	 Freq: 14.0 	 Demand: 162
	Edge: 147 <--> 148 	 Freq: 14.0 	 Demand: 204

	Routes:

	Route: 1
	Route length (4258.0) and demand (11981)
	Edge: 86 <--> 89 	 Freq: 14.0 	 Demand: 111
	Edge: 89 <--> 91 	 Freq: 14.0 	 Demand: 3919
	Edge: 88 <--> 89 	 Freq: 14.0 	 Demand: 1411
	Edge: 88 <--> 90 	 Freq: 14.0 	 Demand: 978
	Edge: 38 <--> 95 	 Freq: 14.0 	 Demand: 111
	Edge: 204 <--> 95 	 Freq: 14.0 	 Demand: 222
	Edge: 95 <--> 203 	 Freq: 14.0 	 Demand: 553
	Edge: 122 <--> 37 	 Freq: 14.0 	 Demand: 493
	Edge: 37 <--> 176 	 Freq: 14.0 	 Demand: 1097
	Edge: 37 <--> 38 	 Freq: 14.0 	 Demand: 366
	Edge: 64 <--> 65 	 Freq: 14.0 	 Demand: 2720
	Route: 2
	Route length (4251.0) and demand (11809)
	Edge: 75 <--> 76 	 Freq: 14.0 	 Demand: 162
	Edge: 53 <--> 54 	 Freq: 14.0 	 Demand: 111
	Edge: 140 <--> 126 	 Freq: 14.0 	 Demand: 204
	Edge: 185 <--> 222 	 Freq: 14.0 	 Demand: 204
	Edge: 185 <--> 221 	 Freq: 14.0 	 Demand: 1590
	Edge: 184 <--> 185 	 Freq: 14.0 	 Demand: 1343
	Edge: 13 <--> 172 	 Freq: 14.0 	 Demand: 204
	Edge: 13 <--> 14 	 Freq: 14.0 	 Demand: 1811
	Edge: 161 <--> 13 	 Freq: 14.0 	 Demand: 162
	Edge: 161 <--> 162 	 Freq: 14.0 	 Demand: 3586
	Edge: 107 <--> 161 	 Freq: 14.0 	 Demand: 111
	Edge: 107 <--> 108 	 Freq: 14.0 	 Demand: 1564
	Edge: 126 <--> 107 	 Freq: 14.0 	 Demand: 111
	Edge: 53 <--> 76 	 Freq: 14.0 	 Demand: 646
	Route: 3
	Route length (3314.0) and demand (7380)
	Edge: 18 <--> 21 	 Freq: 14.0 	 Demand: 366
	Edge: 165 <--> 166 	 Freq: 14.0 	 Demand: 315
	Edge: 166 <--> 167 	 Freq: 14.0 	 Demand: 204
	Edge: 22 <--> 166 	 Freq: 14.0 	 Demand: 3664
	Edge: 21 <--> 22 	 Freq: 14.0 	 Demand: 1981
	Edge: 168 <--> 0 	 Freq: 14.0 	 Demand: 850
	Route: 4
	Route length (5060.0) and demand (11557)
	Edge: 163 <--> 115 	 Freq: 14.0 	 Demand: 162
	Edge: 115 <--> 116 	 Freq: 14.0 	 Demand: 493
	Edge: 115 <--> 53 	 Freq: 14.0 	 Demand: 757
	Edge: 131 <--> 132 	 Freq: 14.0 	 Demand: 791
	Edge: 5 <--> 6 	 Freq: 14.0 	 Demand: 162
	Edge: 5 <--> 106 	 Freq: 14.0 	 Demand: 366
	Edge: 7 <--> 5 	 Freq: 14.0 	 Demand: 1114
	Edge: 7 <--> 171 	 Freq: 14.0 	 Demand: 986
	Edge: 216 <--> 220 	 Freq: 14.0 	 Demand: 323
	Edge: 216 <--> 214 	 Freq: 14.0 	 Demand: 162
	Edge: 217 <--> 216 	 Freq: 14.0 	 Demand: 221
	Edge: 126 <--> 127 	 Freq: 14.0 	 Demand: 2159
	Edge: 139 <--> 137 	 Freq: 14.0 	 Demand: 315
	Edge: 140 <--> 139 	 Freq: 14.0 	 Demand: 1505
	Edge: 54 <--> 103 	 Freq: 14.0 	 Demand: 111
	Edge: 169 <--> 170 	 Freq: 14.0 	 Demand: 680
	Edge: 76 <--> 169 	 Freq: 14.0 	 Demand: 408
	Edge: 0 <--> 75 	 Freq: 14.0 	 Demand: 842
	Route: 5
	Route length (3899.0) and demand (11076)
	Edge: 43 <--> 44 	 Freq: 14.0 	 Demand: 408
	Edge: 44 <--> 40 	 Freq: 14.0 	 Demand: 111
	Edge: 151 <--> 55 	 Freq: 14.0 	 Demand: 204
	Edge: 41 <--> 42 	 Freq: 14.0 	 Demand: 765
	Edge: 60 <--> 61 	 Freq: 14.0 	 Demand: 4631
	Edge: 60 <--> 199 	 Freq: 14.0 	 Demand: 2253
	Edge: 41 <--> 60 	 Freq: 14.0 	 Demand: 1624
	Edge: 42 <--> 151 	 Freq: 14.0 	 Demand: 757
	Edge: 39 <--> 40 	 Freq: 14.0 	 Demand: 323
	Route: 6
	Route length (4760.0) and demand (10554)
	Edge: 16 <--> 145 	 Freq: 14.0 	 Demand: 162
	Edge: 15 <--> 49 	 Freq: 14.0 	 Demand: 221
	Edge: 49 <--> 142 	 Freq: 14.0 	 Demand: 859
	Edge: 46 <--> 49 	 Freq: 14.0 	 Demand: 638
	Edge: 46 <--> 47 	 Freq: 14.0 	 Demand: 111
	Edge: 194 <--> 47 	 Freq: 14.0 	 Demand: 111
	Edge: 48 <--> 47 	 Freq: 14.0 	 Demand: 162
	Edge: 46 <--> 15 	 Freq: 14.0 	 Demand: 485
	Edge: 15 <--> 16 	 Freq: 14.0 	 Demand: 1029
	Edge: 16 <--> 146 	 Freq: 14.0 	 Demand: 2244
	Edge: 145 <--> 177 	 Freq: 14.0 	 Demand: 1173
	Edge: 145 <--> 17 	 Freq: 14.0 	 Demand: 927
	Edge: 225 <--> 149 	 Freq: 14.0 	 Demand: 799
	Edge: 147 <--> 148 	 Freq: 14.0 	 Demand: 204
	Edge: 17 <--> 147 	 Freq: 14.0 	 Demand: 366
	Edge: 17 <--> 18 	 Freq: 14.0 	 Demand: 1063

Day 1, number of edges 62, number of routes 6

	Edges:

	Edge: 191 <--> 193 	 Freq: 14.0 	 Demand: 935
	Edge: 191 <--> 192 	 Freq: 14.0 	 Demand: 1003
	Edge: 72 <--> 191 	 Freq: 14.0 	 Demand: 2635
	Edge: 72 <--> 73 	 Freq: 14.0 	 Demand: 485
	Edge: 173 <--> 31 	 Freq: 14.0 	 Demand: 111
	Edge: 173 <--> 195 	 Freq: 14.0 	 Demand: 2185
	Edge: 31 <--> 174 	 Freq: 14.0 	 Demand: 1751
	Edge: 187 <--> 217 	 Freq: 14.0 	 Demand: 111
	Edge: 180 <--> 218 	 Freq: 14.0 	 Demand: 323
	Edge: 180 <--> 181 	 Freq: 14.0 	 Demand: 383
	Edge: 188 <--> 190 	 Freq: 14.0 	 Demand: 162
	Edge: 188 <--> 189 	 Freq: 14.0 	 Demand: 842
	Edge: 32 <--> 30 	 Freq: 14.0 	 Demand: 162
	Edge: 109 <--> 32 	 Freq: 14.0 	 Demand: 595
	Edge: 12 <--> 109 	 Freq: 14.0 	 Demand: 595
	Edge: 11 <--> 12 	 Freq: 14.0 	 Demand: 799
	Edge: 11 <--> 113 	 Freq: 14.0 	 Demand: 536
	Edge: 109 <--> 110 	 Freq: 14.0 	 Demand: 1071
	Edge: 3 <--> 4 	 Freq: 14.0 	 Demand: 689
	Edge: 32 <--> 175 	 Freq: 14.0 	 Demand: 1513
	Edge: 109 <--> 114 	 Freq: 14.0 	 Demand: 1607
	Edge: 62 <--> 30 	 Freq: 14.0 	 Demand: 952
	Edge: 62 <--> 28 	 Freq: 14.0 	 Demand: 272
	Edge: 10 <--> 198 	 Freq: 14.0 	 Demand: 655
	Edge: 32 <--> 134 	 Freq: 14.0 	 Demand: 1496
	Edge: 119 <--> 3 	 Freq: 14.0 	 Demand: 5148
	Edge: 119 <--> 8 	 Freq: 14.0 	 Demand: 1029
	Edge: 50 <--> 200 	 Freq: 14.0 	 Demand: 2363
	Edge: 208 <--> 210 	 Freq: 14.0 	 Demand: 408
	Edge: 71 <--> 208 	 Freq: 14.0 	 Demand: 323
	Edge: 208 <--> 209 	 Freq: 14.0 	 Demand: 1615
	Edge: 182 <--> 183 	 Freq: 14.0 	 Demand: 476
	Edge: 183 <--> 211 	 Freq: 14.0 	 Demand: 1649
	Edge: 1 <--> 27 	 Freq: 14.0 	 Demand: 833
	Edge: 74 <--> 1 	 Freq: 14.0 	 Demand: 383
	Edge: 1 <--> 26 	 Freq: 14.0 	 Demand: 689
	Edge: 26 <--> 153 	 Freq: 14.0 	 Demand: 927
	Edge: 153 <--> 154 	 Freq: 14.0 	 Demand: 910
	Edge: 26 <--> 25 	 Freq: 14.0 	 Demand: 485
	Edge: 120 <--> 24 	 Freq: 14.0 	 Demand: 1097
	Edge: 25 <--> 121 	 Freq: 14.0 	 Demand: 408
	Edge: 52 <--> 135 	 Freq: 14.0 	 Demand: 1020
	Edge: 135 <--> 94 	 Freq: 14.0 	 Demand: 544
	Edge: 94 <--> 178 	 Freq: 14.0 	 Demand: 1896
	Edge: 51 <--> 52 	 Freq: 14.0 	 Demand: 1938
	Edge: 87 <--> 94 	 Freq: 14.0 	 Demand: 1513
	Edge: 212 <--> 213 	 Freq: 14.0 	 Demand: 1012
	Edge: 33 <--> 34 	 Freq: 14.0 	 Demand: 1207
	Edge: 45 <--> 33 	 Freq: 14.0 	 Demand: 680
	Edge: 19 <--> 20 	 Freq: 14.0 	 Demand: 485
	Edge: 63 <--> 96 	 Freq: 14.0 	 Demand: 2721
	Edge: 24 <--> 25 	 Freq: 14.0 	 Demand: 221
	Edge: 25 <--> 74 	 Freq: 14.0 	 Demand: 1343
	Edge: 74 <--> 2 	 Freq: 14.0 	 Demand: 680
	Edge: 12 <--> 112 	 Freq: 14.0 	 Demand: 655
	Edge: 12 <--> 111 	 Freq: 14.0 	 Demand: 910
	Edge: 10 <--> 11 	 Freq: 14.0 	 Demand: 536
	Edge: 3 <--> 10 	 Freq: 14.0 	 Demand: 323
	Edge: 8 <--> 9 	 Freq: 14.0 	 Demand: 544
	Edge: 217 <--> 219 	 Freq: 14.0 	 Demand: 323
	Edge: 214 <--> 180 	 Freq: 14.0 	 Demand: 315
	Edge: 214 <--> 215 	 Freq: 14.0 	 Demand: 272

	Routes:

	Route: 1
	Route length (4073.0) and demand (11382)
	Edge: 24 <--> 25 	 Freq: 14.0 	 Demand: 221
	Edge: 33 <--> 34 	 Freq: 14.0 	 Demand: 1207
	Edge: 45 <--> 33 	 Freq: 14.0 	 Demand: 680
	Edge: 50 <--> 200 	 Freq: 14.0 	 Demand: 2363
	Edge: 51 <--> 52 	 Freq: 14.0 	 Demand: 1938
	Edge: 52 <--> 135 	 Freq: 14.0 	 Demand: 1020
	Edge: 135 <--> 94 	 Freq: 14.0 	 Demand: 544
	Edge: 94 <--> 178 	 Freq: 14.0 	 Demand: 1896
	Edge: 87 <--> 94 	 Freq: 14.0 	 Demand: 1513
	Route: 2
	Route length (1124.0) and demand (5570)
	Edge: 25 <--> 74 	 Freq: 14.0 	 Demand: 1343
	Edge: 26 <--> 25 	 Freq: 14.0 	 Demand: 485
	Edge: 153 <--> 154 	 Freq: 14.0 	 Demand: 910
	Edge: 26 <--> 153 	 Freq: 14.0 	 Demand: 927
	Edge: 1 <--> 26 	 Freq: 14.0 	 Demand: 689
	Edge: 1 <--> 27 	 Freq: 14.0 	 Demand: 833
	Edge: 74 <--> 1 	 Freq: 14.0 	 Demand: 383
	Route: 3
	Route length (1659.0) and demand (8388)
	Edge: 3 <--> 10 	 Freq: 14.0 	 Demand: 323
	Edge: 10 <--> 198 	 Freq: 14.0 	 Demand: 655
	Edge: 3 <--> 4 	 Freq: 14.0 	 Demand: 689
	Edge: 119 <--> 3 	 Freq: 14.0 	 Demand: 5148
	Edge: 119 <--> 8 	 Freq: 14.0 	 Demand: 1029
	Edge: 8 <--> 9 	 Freq: 14.0 	 Demand: 544
	Route: 4
	Route length (4755.0) and demand (11078)
	Edge: 74 <--> 2 	 Freq: 14.0 	 Demand: 680
	Edge: 25 <--> 121 	 Freq: 14.0 	 Demand: 408
	Edge: 120 <--> 24 	 Freq: 14.0 	 Demand: 1097
	Edge: 19 <--> 20 	 Freq: 14.0 	 Demand: 485
	Edge: 208 <--> 210 	 Freq: 14.0 	 Demand: 408
	Edge: 208 <--> 209 	 Freq: 14.0 	 Demand: 1615
	Edge: 71 <--> 208 	 Freq: 14.0 	 Demand: 323
	Edge: 72 <--> 191 	 Freq: 14.0 	 Demand: 2635
	Edge: 191 <--> 193 	 Freq: 14.0 	 Demand: 935
	Edge: 191 <--> 192 	 Freq: 14.0 	 Demand: 1003
	Edge: 72 <--> 73 	 Freq: 14.0 	 Demand: 485
	Edge: 188 <--> 189 	 Freq: 14.0 	 Demand: 842
	Edge: 188 <--> 190 	 Freq: 14.0 	 Demand: 162
	Route: 5
	Route length (2889.0) and demand (11580)
	Edge: 12 <--> 111 	 Freq: 14.0 	 Demand: 910
	Edge: 32 <--> 175 	 Freq: 14.0 	 Demand: 1513
	Edge: 173 <--> 31 	 Freq: 14.0 	 Demand: 111
	Edge: 173 <--> 195 	 Freq: 14.0 	 Demand: 2185
	Edge: 31 <--> 174 	 Freq: 14.0 	 Demand: 1751
	Edge: 32 <--> 30 	 Freq: 14.0 	 Demand: 162
	Edge: 32 <--> 134 	 Freq: 14.0 	 Demand: 1496
	Edge: 109 <--> 32 	 Freq: 14.0 	 Demand: 595
	Edge: 109 <--> 114 	 Freq: 14.0 	 Demand: 1607
	Edge: 12 <--> 109 	 Freq: 14.0 	 Demand: 595
	Edge: 12 <--> 112 	 Freq: 14.0 	 Demand: 655
	Route: 6
	Route length (3959.0) and demand (11751)
	Edge: 217 <--> 219 	 Freq: 14.0 	 Demand: 323
	Edge: 214 <--> 215 	 Freq: 14.0 	 Demand: 272
	Edge: 214 <--> 180 	 Freq: 14.0 	 Demand: 315
	Edge: 180 <--> 181 	 Freq: 14.0 	 Demand: 383
	Edge: 180 <--> 218 	 Freq: 14.0 	 Demand: 323
	Edge: 187 <--> 217 	 Freq: 14.0 	 Demand: 111
	Edge: 63 <--> 96 	 Freq: 14.0 	 Demand: 2721
	Edge: 183 <--> 211 	 Freq: 14.0 	 Demand: 1649
	Edge: 212 <--> 213 	 Freq: 14.0 	 Demand: 1012
	Edge: 182 <--> 183 	 Freq: 14.0 	 Demand: 476
	Edge: 62 <--> 28 	 Freq: 14.0 	 Demand: 272
	Edge: 62 <--> 30 	 Freq: 14.0 	 Demand: 952
	Edge: 109 <--> 110 	 Freq: 14.0 	 Demand: 1071
	Edge: 11 <--> 12 	 Freq: 14.0 	 Demand: 799
	Edge: 11 <--> 113 	 Freq: 14.0 	 Demand: 536
	Edge: 10 <--> 11 	 Freq: 14.0 	 Demand: 536

Day 2, number of edges 31, number of routes 5

	Edges:

	Edge: 67 <--> 68 	 Freq: 14.0 	 Demand: 204
	Edge: 105 <--> 106 	 Freq: 14.0 	 Demand: 340
	Edge: 34 <--> 41 	 Freq: 14.0 	 Demand: 3771
	Edge: 84 <--> 85 	 Freq: 14.0 	 Demand: 3273
	Edge: 69 <--> 70 	 Freq: 14.0 	 Demand: 111
	Edge: 157 <--> 158 	 Freq: 14.0 	 Demand: 3800
	Edge: 63 <--> 128 	 Freq: 14.0 	 Demand: 2703
	Edge: 92 <--> 93 	 Freq: 14.0 	 Demand: 680
	Edge: 155 <--> 79 	 Freq: 14.0 	 Demand: 3550
	Edge: 159 <--> 160 	 Freq: 14.0 	 Demand: 4059
	Edge: 65 <--> 66 	 Freq: 14.0 	 Demand: 162
	Edge: 33 <--> 104 	 Freq: 14.0 	 Demand: 2457
	Edge: 205 <--> 207 	 Freq: 14.0 	 Demand: 1054
	Edge: 205 <--> 206 	 Freq: 14.0 	 Demand: 1658
	Edge: 179 <--> 136 	 Freq: 14.0 	 Demand: 2712
	Edge: 77 <--> 78 	 Freq: 14.0 	 Demand: 1811
	Edge: 143 <--> 156 	 Freq: 14.0 	 Demand: 3929
	Edge: 150 <--> 143 	 Freq: 14.0 	 Demand: 162
	Edge: 82 <--> 186 	 Freq: 14.0 	 Demand: 3549
	Edge: 80 <--> 83 	 Freq: 14.0 	 Demand: 1836
	Edge: 98 <--> 123 	 Freq: 14.0 	 Demand: 204
	Edge: 124 <--> 125 	 Freq: 14.0 	 Demand: 723
	Edge: 117 <--> 118 	 Freq: 14.0 	 Demand: 1156
	Edge: 201 <--> 101 	 Freq: 14.0 	 Demand: 111
	Edge: 19 <--> 164 	 Freq: 14.0 	 Demand: 162
	Edge: 147 <--> 196 	 Freq: 14.0 	 Demand: 272
	Edge: 224 <--> 138 	 Freq: 14.0 	 Demand: 527
	Edge: 92 <--> 93 	 Freq: 7.0 	 Demand: 3836
	Edge: 124 <--> 202 	 Freq: 14.0 	 Demand: 3732
	Edge: 81 <--> 97 	 Freq: 14.0 	 Demand: 2355
	Edge: 227 <--> 197 	 Freq: 14.0 	 Demand: 893

	Routes:

	Route: 1
	Route length (4597.0) and demand (11844)
	Edge: 205 <--> 207 	 Freq: 14.0 	 Demand: 1054
	Edge: 205 <--> 206 	 Freq: 14.0 	 Demand: 1658
	Edge: 143 <--> 156 	 Freq: 14.0 	 Demand: 3929
	Edge: 150 <--> 143 	 Freq: 14.0 	 Demand: 162
	Edge: 77 <--> 78 	 Freq: 14.0 	 Demand: 1811
	Edge: 224 <--> 138 	 Freq: 14.0 	 Demand: 527
	Edge: 63 <--> 128 	 Freq: 14.0 	 Demand: 2703
	Route: 2
	Route length (7987.0) and demand (10782)
	Edge: 201 <--> 101 	 Freq: 14.0 	 Demand: 111
	Edge: 117 <--> 118 	 Freq: 14.0 	 Demand: 1156
	Edge: 105 <--> 106 	 Freq: 14.0 	 Demand: 340
	Edge: 98 <--> 123 	 Freq: 14.0 	 Demand: 204
	Edge: 124 <--> 125 	 Freq: 14.0 	 Demand: 723
	Edge: 124 <--> 202 	 Freq: 14.0 	 Demand: 3732
	Edge: 92 <--> 93 	 Freq: 7.0 	 Demand: 3836
	Edge: 92 <--> 93 	 Freq: 14.0 	 Demand: 680
	Route: 3
	Route length (4198.0) and demand (11290)
	Edge: 155 <--> 79 	 Freq: 14.0 	 Demand: 3550
	Edge: 80 <--> 83 	 Freq: 14.0 	 Demand: 1836
	Edge: 82 <--> 186 	 Freq: 14.0 	 Demand: 3549
	Edge: 81 <--> 97 	 Freq: 14.0 	 Demand: 2355
	Route: 4
	Route length (2973.0) and demand (10571)
	Edge: 159 <--> 160 	 Freq: 14.0 	 Demand: 4059
	Edge: 157 <--> 158 	 Freq: 14.0 	 Demand: 3800
	Edge: 179 <--> 136 	 Freq: 14.0 	 Demand: 2712
	Route: 5
	Route length (6331.0) and demand (11305)
	Edge: 84 <--> 85 	 Freq: 14.0 	 Demand: 3273
	Edge: 69 <--> 70 	 Freq: 14.0 	 Demand: 111
	Edge: 33 <--> 104 	 Freq: 14.0 	 Demand: 2457
	Edge: 34 <--> 41 	 Freq: 14.0 	 Demand: 3771
	Edge: 19 <--> 164 	 Freq: 14.0 	 Demand: 162
	Edge: 227 <--> 197 	 Freq: 14.0 	 Demand: 893
	Edge: 147 <--> 196 	 Freq: 14.0 	 Demand: 272
	Edge: 67 <--> 68 	 Freq: 14.0 	 Demand: 204
	Edge: 65 <--> 66 	 Freq: 14.0 	 Demand: 162

Day 3, number of edges 4, number of routes 2

	Edges:

	Edge: 28 <--> 29 	 Freq: 14.0 	 Demand: 2865
	Edge: 141 <--> 223 	 Freq: 14.0 	 Demand: 3103
	Edge: 226 <--> 152 	 Freq: 7.0 	 Demand: 3587
	Edge: 35 <--> 36 	 Freq: 7.0 	 Demand: 3460

	Routes:

	Route: 1
	Route length (3230.0) and demand (7047)
	Edge: 35 <--> 36 	 Freq: 7.0 	 Demand: 3460
	Edge: 226 <--> 152 	 Freq: 7.0 	 Demand: 3587
	Route: 2
	Route length (3717.0) and demand (5968)
	Edge: 28 <--> 29 	 Freq: 14.0 	 Demand: 2865
	Edge: 141 <--> 223 	 Freq: 14.0 	 Demand: 3103

Day 4, number of edges 0, number of routes 0

	Edges:


	Routes:


Day 5, number of edges 0, number of routes 0

	Edges:


	Routes:


Day 6, number of edges 0, number of routes 0

	Edges:


	Routes:


Day 7, number of edges 0, number of routes 0

	Edges:


	Routes:


Day 8, number of edges 1, number of routes 1

	Edges:

	Edge: 92 <--> 93 	 Freq: 7.0 	 Demand: 3836

	Routes:

	Route: 1
	Route length (2715.0) and demand (3836)
	Edge: 92 <--> 93 	 Freq: 7.0 	 Demand: 3836

Day 9, number of edges 0, number of routes 0

	Edges:


	Routes:


Day 10, number of edges 0, number of routes 0

	Edges:


	Routes:


Day 11, number of edges 2, number of routes 1

	Edges:

	Edge: 226 <--> 152 	 Freq: 7.0 	 Demand: 3587
	Edge: 35 <--> 36 	 Freq: 7.0 	 Demand: 3460

	Routes:

	Route: 1
	Route length (3230.0) and demand (7047)
	Edge: 226 <--> 152 	 Freq: 7.0 	 Demand: 3587
	Edge: 35 <--> 36 	 Freq: 7.0 	 Demand: 3460

Day 12, number of edges 0, number of routes 0

	Edges:


	Routes:


Day 13, number of edges 0, number of routes 0

	Edges:


	Routes:





Phase 1 ended! Current time: 2026-08-09 01:35:57.771837
Phase 1 Report:
Iteration count: 1
Last iteration time: 0.0
Average iteration time: 0.0
Current score: 6082979.0


Phase 2 (only move_services) mid-report:
Iteration count: 1
Last iteration time: 0.046875715255737305
Average iteration time: 0.046875715255737305
Current score: 6082979.0


Phase 2 (only move_services) ended! Current time: 2026-08-09 01:35:58.131216
Phase 2 (only move_services) Report:
Iteration count: 1
Last iteration time: 0.046875715255737305
Average iteration time: 0.046875715255737305
Current score: 6082979.0


Phase 3 (using only swap_services) mid-report:
Iteration count: 1
Last iteration time: 0.2031259536743164
Average iteration time: 0.2031259536743164
Current score: 6082907.0


Phase 3 (using only swap_services) ended! Current time: 2026-08-09 01:36:04.318718
Phase 3 (using only swap_services) Report:
Iteration count: 2
Last iteration time: 0.0625004768371582
Average iteration time: 0.1328132152557373
Current score: 6082907.0


Phase 4 (routing operators) mid-report:
Current day: 0
Iteration count: 1
Last iteration time: 0.0
Average iteration time: 0.0
Current score: 6082907.0


Phase 4 (routing operators) day 0 ended!
Phase 4 (routing operators) day report:
Current Iteration count: 1
Last iteration time: 0.0
Average iteration time: 0.0
Current score: 6082907.0


Phase 4 (routing operators) day 1 ended!
Phase 4 (routing operators) day report:
Current Iteration count: 2
Last iteration time: 0.015625953674316406
Average iteration time: 0.007812976837158203
Current score: 6082907.0


Phase 4 (routing operators) day 2 ended!
Phase 4 (routing operators) day report:
Current Iteration count: 3
Last iteration time: 0.0
Average iteration time: 0.005208651224772136
Current score: 6082907.0


Phase 4 (routing operators) day 3 ended!
Phase 4 (routing operators) day report:
Current Iteration count: 4
Last iteration time: 0.0
Average iteration time: 0.0039064884185791016
Current score: 6082907.0


Phase 4 (routing operators) day 4 ended!
Phase 4 (routing operators) day report:
Current Iteration count: 5
Last iteration time: 0.0
Average iteration time: 0.0031251907348632812
Current score: 6082907.0


Phase 4 (routing operators) day 7 ended!
Phase 4 (routing operators) day report:
Current Iteration count: 6
Last iteration time: 0.0
Average iteration time: 0.002604325612386068
Current score: 6082907.0


Phase 4 (routing operators) day 8 ended!
Phase 4 (routing operators) day report:
Current Iteration count: 7
Last iteration time: 0.0
Average iteration time: 0.0022322790963309152
Current score: 6082907.0


Phase 4 (routing operators) day 9 ended!
Phase 4 (routing operators) day report:
Current Iteration count: 8
Last iteration time: 0.0
Average iteration time: 0.0019532442092895508
Current score: 6082907.0


Phase 4 (routing operators) day 10 ended!
Phase 4 (routing operators) day report:
Current Iteration count: 9
Last iteration time: 0.0
Average iteration time: 0.0017362170749240452
Current score: 6082907.0


Phase 4 (routing operators) day 11 ended!
Phase 4 (routing operators) day report:
Current Iteration count: 10
Last iteration time: 0.0
Average iteration time: 0.0015625953674316406
Current score: 6082907.0


Phase 4 (routing operators) ended! Current time: 2026-08-09 01:36:08.287464
Phase 4 (routing operators) Report:
Iteration count: 10
Last iteration time: 0.0
Average iteration time: 0.0015625953674316406
Current score: 6082907.0


Local search report:
Iteration count: 2 iterations
Last iteration time: 10.515626907348633 seconds
Iteration average time: 12.29686987400055 seconds
Current score: 6082907.0

Phase 1 ended! Current time: 2026-08-09 01:36:08.303089
Phase 1 Report:
Iteration count: 1
Last iteration time: 0.0
Average iteration time: 0.0
Current score: 6082907.0


Phase 2 (only move_services) mid-report:
Iteration count: 1
Last iteration time: 0.046875953674316406
Average iteration time: 0.046875953674316406
Current score: 6082907.0


Phase 2 (only move_services) ended! Current time: 2026-08-09 01:36:08.646842
Phase 2 (only move_services) Report:
Iteration count: 1
Last iteration time: 0.046875953674316406
Average iteration time: 0.046875953674316406
Current score: 6082907.0


Phase 3 (using only swap_services) mid-report:
Iteration count: 1
Last iteration time: 0.031249284744262695
Average iteration time: 0.031249284744262695
Current score: 6082907.0


Phase 3 (using only swap_services) ended! Current time: 2026-08-09 01:36:15.131212
Phase 3 (using only swap_services) Report:
Iteration count: 1
Last iteration time: 0.031249284744262695
Average iteration time: 0.031249284744262695
Current score: 6082907.0


Phase 4 (routing operators) mid-report:
Current day: 0
Iteration count: 1
Last iteration time: 0.015625715255737305
Average iteration time: 0.015625715255737305
Current score: 6082907.0


Phase 4 (routing operators) day 0 ended!
Phase 4 (routing operators) day report:
Current Iteration count: 1
Last iteration time: 0.015625715255737305
Average iteration time: 0.015625715255737305
Current score: 6082907.0


Phase 4 (routing operators) day 1 ended!
Phase 4 (routing operators) day report:
Current Iteration count: 2
Last iteration time: 0.015624284744262695
Average iteration time: 0.015625
Current score: 6082907.0


Phase 4 (routing operators) day 2 ended!
Phase 4 (routing operators) day report:
Current Iteration count: 3
Last iteration time: 0.0
Average iteration time: 0.010416666666666666
Current score: 6082907.0


Phase 4 (routing operators) day 3 ended!
Phase 4 (routing operators) day report:
Current Iteration count: 4
Last iteration time: 0.0
Average iteration time: 0.0078125
Current score: 6082907.0


Phase 4 (routing operators) day 4 ended!
Phase 4 (routing operators) day report:
Current Iteration count: 5
Last iteration time: 0.0
Average iteration time: 0.00625
Current score: 6082907.0


Phase 4 (routing operators) day 7 ended!
Phase 4 (routing operators) day report:
Current Iteration count: 6
Last iteration time: 0.0
Average iteration time: 0.005208333333333333
Current score: 6082907.0


Phase 4 (routing operators) day 8 ended!
Phase 4 (routing operators) day report:
Current Iteration count: 7
Last iteration time: 0.0
Average iteration time: 0.004464285714285714
Current score: 6082907.0


Phase 4 (routing operators) day 9 ended!
Phase 4 (routing operators) day report:
Current Iteration count: 8
Last iteration time: 0.0
Average iteration time: 0.00390625
Current score: 6082907.0


Phase 4 (routing operators) day 10 ended!
Phase 4 (routing operators) day report:
Current Iteration count: 9
Last iteration time: 0.0
Average iteration time: 0.003472222222222222
Current score: 6082907.0


Phase 4 (routing operators) day 11 ended!
Phase 4 (routing operators) day report:
Current Iteration count: 10
Last iteration time: 0.0
Average iteration time: 0.003125
Current score: 6082907.0


Phase 4 (routing operators) ended! Current time: 2026-08-09 01:36:19.490591
Phase 4 (routing operators) Report:
Iteration count: 10
Last iteration time: 0.0
Average iteration time: 0.003125
Current score: 6082907.0


Local search report:
Iteration count: 3 iterations
Last iteration time: 11.203127384185791 seconds
Iteration average time: 11.932289044062298 seconds
Current score: 6082907.0

Local search ended after 3 iterations.
Last iteration time: 11.203127384185791 seconds
Iteration average time: 11.932289044062298 seconds
Original score: 9257935.0
Current score: 6082907.0

----- MARKER - SOLUTION PRINTED BELOW -------

Day 0, number of edges 74, number of routes 6

	Edges:

	Edge: 46 <--> 47 	 Freq: 14.0 	 Demand: 111
	Edge: 48 <--> 47 	 Freq: 14.0 	 Demand: 162
	Edge: 194 <--> 47 	 Freq: 14.0 	 Demand: 111
	Edge: 46 <--> 49 	 Freq: 14.0 	 Demand: 638
	Edge: 15 <--> 49 	 Freq: 14.0 	 Demand: 221
	Edge: 15 <--> 16 	 Freq: 14.0 	 Demand: 1029
	Edge: 46 <--> 15 	 Freq: 14.0 	 Demand: 485
	Edge: 49 <--> 142 	 Freq: 14.0 	 Demand: 859
	Edge: 16 <--> 145 	 Freq: 14.0 	 Demand: 162
	Edge: 145 <--> 17 	 Freq: 14.0 	 Demand: 927
	Edge: 17 <--> 147 	 Freq: 14.0 	 Demand: 366
	Edge: 147 <--> 148 	 Freq: 14.0 	 Demand: 204
	Edge: 17 <--> 18 	 Freq: 14.0 	 Demand: 1063
	Edge: 18 <--> 21 	 Freq: 14.0 	 Demand: 366
	Edge: 21 <--> 22 	 Freq: 14.0 	 Demand: 1981
	Edge: 22 <--> 166 	 Freq: 14.0 	 Demand: 3664
	Edge: 165 <--> 166 	 Freq: 14.0 	 Demand: 315
	Edge: 166 <--> 167 	 Freq: 14.0 	 Demand: 204
	Edge: 145 <--> 177 	 Freq: 14.0 	 Demand: 1173
	Edge: 16 <--> 146 	 Freq: 14.0 	 Demand: 2244
	Edge: 43 <--> 44 	 Freq: 14.0 	 Demand: 408
	Edge: 44 <--> 40 	 Freq: 14.0 	 Demand: 111
	Edge: 75 <--> 76 	 Freq: 14.0 	 Demand: 162
	Edge: 76 <--> 169 	 Freq: 14.0 	 Demand: 408
	Edge: 0 <--> 75 	 Freq: 14.0 	 Demand: 842
	Edge: 169 <--> 170 	 Freq: 14.0 	 Demand: 680
	Edge: 115 <--> 53 	 Freq: 14.0 	 Demand: 757
	Edge: 53 <--> 54 	 Freq: 14.0 	 Demand: 111
	Edge: 163 <--> 115 	 Freq: 14.0 	 Demand: 162
	Edge: 115 <--> 116 	 Freq: 14.0 	 Demand: 493
	Edge: 37 <--> 38 	 Freq: 14.0 	 Demand: 366
	Edge: 122 <--> 37 	 Freq: 14.0 	 Demand: 493
	Edge: 38 <--> 95 	 Freq: 14.0 	 Demand: 111
	Edge: 95 <--> 203 	 Freq: 14.0 	 Demand: 553
	Edge: 204 <--> 95 	 Freq: 14.0 	 Demand: 222
	Edge: 37 <--> 176 	 Freq: 14.0 	 Demand: 1097
	Edge: 86 <--> 89 	 Freq: 14.0 	 Demand: 111
	Edge: 89 <--> 91 	 Freq: 14.0 	 Demand: 3919
	Edge: 88 <--> 89 	 Freq: 14.0 	 Demand: 1411
	Edge: 88 <--> 90 	 Freq: 14.0 	 Demand: 978
	Edge: 7 <--> 171 	 Freq: 14.0 	 Demand: 986
	Edge: 7 <--> 5 	 Freq: 14.0 	 Demand: 1114
	Edge: 5 <--> 6 	 Freq: 14.0 	 Demand: 162
	Edge: 185 <--> 222 	 Freq: 14.0 	 Demand: 204
	Edge: 185 <--> 221 	 Freq: 14.0 	 Demand: 1590
	Edge: 184 <--> 185 	 Freq: 14.0 	 Demand: 1343
	Edge: 107 <--> 161 	 Freq: 14.0 	 Demand: 111
	Edge: 126 <--> 107 	 Freq: 14.0 	 Demand: 111
	Edge: 140 <--> 126 	 Freq: 14.0 	 Demand: 204
	Edge: 161 <--> 13 	 Freq: 14.0 	 Demand: 162
	Edge: 13 <--> 172 	 Freq: 14.0 	 Demand: 204
	Edge: 126 <--> 127 	 Freq: 14.0 	 Demand: 2159
	Edge: 161 <--> 162 	 Freq: 14.0 	 Demand: 3586
	Edge: 13 <--> 14 	 Freq: 14.0 	 Demand: 1811
	Edge: 107 <--> 108 	 Freq: 14.0 	 Demand: 1564
	Edge: 140 <--> 139 	 Freq: 14.0 	 Demand: 1505
	Edge: 151 <--> 55 	 Freq: 14.0 	 Demand: 204
	Edge: 42 <--> 151 	 Freq: 14.0 	 Demand: 757
	Edge: 41 <--> 42 	 Freq: 14.0 	 Demand: 765
	Edge: 41 <--> 60 	 Freq: 14.0 	 Demand: 1624
	Edge: 60 <--> 199 	 Freq: 14.0 	 Demand: 2253
	Edge: 217 <--> 216 	 Freq: 14.0 	 Demand: 221
	Edge: 216 <--> 220 	 Freq: 14.0 	 Demand: 323
	Edge: 131 <--> 132 	 Freq: 14.0 	 Demand: 791
	Edge: 225 <--> 149 	 Freq: 14.0 	 Demand: 799
	Edge: 60 <--> 61 	 Freq: 14.0 	 Demand: 4631
	Edge: 64 <--> 65 	 Freq: 14.0 	 Demand: 2720
	Edge: 39 <--> 40 	 Freq: 14.0 	 Demand: 323
	Edge: 168 <--> 0 	 Freq: 14.0 	 Demand: 850
	Edge: 5 <--> 106 	 Freq: 14.0 	 Demand: 366
	Edge: 139 <--> 137 	 Freq: 14.0 	 Demand: 315
	Edge: 216 <--> 214 	 Freq: 14.0 	 Demand: 162
	Edge: 53 <--> 76 	 Freq: 14.0 	 Demand: 646
	Edge: 54 <--> 103 	 Freq: 14.0 	 Demand: 111

	Routes:

	Route: 1
	Route length (3899.0) and demand (11076)
	Edge: 43 <--> 44 	 Freq: 14.0 	 Demand: 408
	Edge: 44 <--> 40 	 Freq: 14.0 	 Demand: 111
	Edge: 151 <--> 55 	 Freq: 14.0 	 Demand: 204
	Edge: 41 <--> 42 	 Freq: 14.0 	 Demand: 765
	Edge: 60 <--> 61 	 Freq: 14.0 	 Demand: 4631
	Edge: 60 <--> 199 	 Freq: 14.0 	 Demand: 2253
	Edge: 41 <--> 60 	 Freq: 14.0 	 Demand: 1624
	Edge: 42 <--> 151 	 Freq: 14.0 	 Demand: 757
	Edge: 39 <--> 40 	 Freq: 14.0 	 Demand: 323
	Route: 2
	Route length (4760.0) and demand (10554)
	Edge: 16 <--> 145 	 Freq: 14.0 	 Demand: 162
	Edge: 15 <--> 49 	 Freq: 14.0 	 Demand: 221
	Edge: 49 <--> 142 	 Freq: 14.0 	 Demand: 859
	Edge: 46 <--> 49 	 Freq: 14.0 	 Demand: 638
	Edge: 46 <--> 47 	 Freq: 14.0 	 Demand: 111
	Edge: 194 <--> 47 	 Freq: 14.0 	 Demand: 111
	Edge: 48 <--> 47 	 Freq: 14.0 	 Demand: 162
	Edge: 46 <--> 15 	 Freq: 14.0 	 Demand: 485
	Edge: 15 <--> 16 	 Freq: 14.0 	 Demand: 1029
	Edge: 16 <--> 146 	 Freq: 14.0 	 Demand: 2244
	Edge: 145 <--> 177 	 Freq: 14.0 	 Demand: 1173
	Edge: 145 <--> 17 	 Freq: 14.0 	 Demand: 927
	Edge: 225 <--> 149 	 Freq: 14.0 	 Demand: 799
	Edge: 147 <--> 148 	 Freq: 14.0 	 Demand: 204
	Edge: 17 <--> 147 	 Freq: 14.0 	 Demand: 366
	Edge: 17 <--> 18 	 Freq: 14.0 	 Demand: 1063
	Route: 3
	Route length (4258.0) and demand (11981)
	Edge: 86 <--> 89 	 Freq: 14.0 	 Demand: 111
	Edge: 89 <--> 91 	 Freq: 14.0 	 Demand: 3919
	Edge: 88 <--> 89 	 Freq: 14.0 	 Demand: 1411
	Edge: 88 <--> 90 	 Freq: 14.0 	 Demand: 978
	Edge: 38 <--> 95 	 Freq: 14.0 	 Demand: 111
	Edge: 204 <--> 95 	 Freq: 14.0 	 Demand: 222
	Edge: 95 <--> 203 	 Freq: 14.0 	 Demand: 553
	Edge: 122 <--> 37 	 Freq: 14.0 	 Demand: 493
	Edge: 37 <--> 176 	 Freq: 14.0 	 Demand: 1097
	Edge: 37 <--> 38 	 Freq: 14.0 	 Demand: 366
	Edge: 64 <--> 65 	 Freq: 14.0 	 Demand: 2720
	Route: 4
	Route length (4251.0) and demand (11809)
	Edge: 75 <--> 76 	 Freq: 14.0 	 Demand: 162
	Edge: 53 <--> 54 	 Freq: 14.0 	 Demand: 111
	Edge: 140 <--> 126 	 Freq: 14.0 	 Demand: 204
	Edge: 185 <--> 222 	 Freq: 14.0 	 Demand: 204
	Edge: 185 <--> 221 	 Freq: 14.0 	 Demand: 1590
	Edge: 184 <--> 185 	 Freq: 14.0 	 Demand: 1343
	Edge: 13 <--> 172 	 Freq: 14.0 	 Demand: 204
	Edge: 13 <--> 14 	 Freq: 14.0 	 Demand: 1811
	Edge: 161 <--> 13 	 Freq: 14.0 	 Demand: 162
	Edge: 161 <--> 162 	 Freq: 14.0 	 Demand: 3586
	Edge: 107 <--> 161 	 Freq: 14.0 	 Demand: 111
	Edge: 107 <--> 108 	 Freq: 14.0 	 Demand: 1564
	Edge: 126 <--> 107 	 Freq: 14.0 	 Demand: 111
	Edge: 53 <--> 76 	 Freq: 14.0 	 Demand: 646
	Route: 5
	Route length (3314.0) and demand (7380)
	Edge: 18 <--> 21 	 Freq: 14.0 	 Demand: 366
	Edge: 165 <--> 166 	 Freq: 14.0 	 Demand: 315
	Edge: 166 <--> 167 	 Freq: 14.0 	 Demand: 204
	Edge: 22 <--> 166 	 Freq: 14.0 	 Demand: 3664
	Edge: 21 <--> 22 	 Freq: 14.0 	 Demand: 1981
	Edge: 168 <--> 0 	 Freq: 14.0 	 Demand: 850
	Route: 6
	Route length (4988.0) and demand (11557)
	Edge: 163 <--> 115 	 Freq: 14.0 	 Demand: 162
	Edge: 115 <--> 116 	 Freq: 14.0 	 Demand: 493
	Edge: 115 <--> 53 	 Freq: 14.0 	 Demand: 757
	Edge: 131 <--> 132 	 Freq: 14.0 	 Demand: 791
	Edge: 5 <--> 6 	 Freq: 14.0 	 Demand: 162
	Edge: 7 <--> 171 	 Freq: 14.0 	 Demand: 986
	Edge: 7 <--> 5 	 Freq: 14.0 	 Demand: 1114
	Edge: 5 <--> 106 	 Freq: 14.0 	 Demand: 366
	Edge: 216 <--> 220 	 Freq: 14.0 	 Demand: 323
	Edge: 216 <--> 214 	 Freq: 14.0 	 Demand: 162
	Edge: 217 <--> 216 	 Freq: 14.0 	 Demand: 221
	Edge: 126 <--> 127 	 Freq: 14.0 	 Demand: 2159
	Edge: 139 <--> 137 	 Freq: 14.0 	 Demand: 315
	Edge: 140 <--> 139 	 Freq: 14.0 	 Demand: 1505
	Edge: 54 <--> 103 	 Freq: 14.0 	 Demand: 111
	Edge: 169 <--> 170 	 Freq: 14.0 	 Demand: 680
	Edge: 76 <--> 169 	 Freq: 14.0 	 Demand: 408
	Edge: 0 <--> 75 	 Freq: 14.0 	 Demand: 842

Day 1, number of edges 62, number of routes 6

	Edges:

	Edge: 214 <--> 180 	 Freq: 14.0 	 Demand: 315
	Edge: 191 <--> 193 	 Freq: 14.0 	 Demand: 935
	Edge: 191 <--> 192 	 Freq: 14.0 	 Demand: 1003
	Edge: 72 <--> 191 	 Freq: 14.0 	 Demand: 2635
	Edge: 72 <--> 73 	 Freq: 14.0 	 Demand: 485
	Edge: 173 <--> 31 	 Freq: 14.0 	 Demand: 111
	Edge: 173 <--> 195 	 Freq: 14.0 	 Demand: 2185
	Edge: 31 <--> 174 	 Freq: 14.0 	 Demand: 1751
	Edge: 187 <--> 217 	 Freq: 14.0 	 Demand: 111
	Edge: 180 <--> 218 	 Freq: 14.0 	 Demand: 323
	Edge: 180 <--> 181 	 Freq: 14.0 	 Demand: 383
	Edge: 188 <--> 190 	 Freq: 14.0 	 Demand: 162
	Edge: 188 <--> 189 	 Freq: 14.0 	 Demand: 842
	Edge: 32 <--> 30 	 Freq: 14.0 	 Demand: 162
	Edge: 109 <--> 32 	 Freq: 14.0 	 Demand: 595
	Edge: 12 <--> 109 	 Freq: 14.0 	 Demand: 595
	Edge: 11 <--> 12 	 Freq: 14.0 	 Demand: 799
	Edge: 11 <--> 113 	 Freq: 14.0 	 Demand: 536
	Edge: 12 <--> 111 	 Freq: 14.0 	 Demand: 910
	Edge: 109 <--> 110 	 Freq: 14.0 	 Demand: 1071
	Edge: 3 <--> 4 	 Freq: 14.0 	 Demand: 689
	Edge: 32 <--> 175 	 Freq: 14.0 	 Demand: 1513
	Edge: 109 <--> 114 	 Freq: 14.0 	 Demand: 1607
	Edge: 62 <--> 30 	 Freq: 14.0 	 Demand: 952
	Edge: 62 <--> 28 	 Freq: 14.0 	 Demand: 272
	Edge: 10 <--> 198 	 Freq: 14.0 	 Demand: 655
	Edge: 32 <--> 134 	 Freq: 14.0 	 Demand: 1496
	Edge: 119 <--> 3 	 Freq: 14.0 	 Demand: 5148
	Edge: 119 <--> 8 	 Freq: 14.0 	 Demand: 1029
	Edge: 50 <--> 200 	 Freq: 14.0 	 Demand: 2363
	Edge: 208 <--> 210 	 Freq: 14.0 	 Demand: 408
	Edge: 71 <--> 208 	 Freq: 14.0 	 Demand: 323
	Edge: 208 <--> 209 	 Freq: 14.0 	 Demand: 1615
	Edge: 182 <--> 183 	 Freq: 14.0 	 Demand: 476
	Edge: 183 <--> 211 	 Freq: 14.0 	 Demand: 1649
	Edge: 1 <--> 27 	 Freq: 14.0 	 Demand: 833
	Edge: 74 <--> 1 	 Freq: 14.0 	 Demand: 383
	Edge: 1 <--> 26 	 Freq: 14.0 	 Demand: 689
	Edge: 26 <--> 153 	 Freq: 14.0 	 Demand: 927
	Edge: 153 <--> 154 	 Freq: 14.0 	 Demand: 910
	Edge: 26 <--> 25 	 Freq: 14.0 	 Demand: 485
	Edge: 120 <--> 24 	 Freq: 14.0 	 Demand: 1097
	Edge: 25 <--> 121 	 Freq: 14.0 	 Demand: 408
	Edge: 52 <--> 135 	 Freq: 14.0 	 Demand: 1020
	Edge: 135 <--> 94 	 Freq: 14.0 	 Demand: 544
	Edge: 94 <--> 178 	 Freq: 14.0 	 Demand: 1896
	Edge: 51 <--> 52 	 Freq: 14.0 	 Demand: 1938
	Edge: 87 <--> 94 	 Freq: 14.0 	 Demand: 1513
	Edge: 212 <--> 213 	 Freq: 14.0 	 Demand: 1012
	Edge: 33 <--> 34 	 Freq: 14.0 	 Demand: 1207
	Edge: 45 <--> 33 	 Freq: 14.0 	 Demand: 680
	Edge: 19 <--> 20 	 Freq: 14.0 	 Demand: 485
	Edge: 63 <--> 96 	 Freq: 14.0 	 Demand: 2721
	Edge: 24 <--> 25 	 Freq: 14.0 	 Demand: 221
	Edge: 74 <--> 2 	 Freq: 14.0 	 Demand: 680
	Edge: 25 <--> 74 	 Freq: 14.0 	 Demand: 1343
	Edge: 10 <--> 11 	 Freq: 14.0 	 Demand: 536
	Edge: 3 <--> 10 	 Freq: 14.0 	 Demand: 323
	Edge: 217 <--> 219 	 Freq: 14.0 	 Demand: 323
	Edge: 214 <--> 215 	 Freq: 14.0 	 Demand: 272
	Edge: 12 <--> 112 	 Freq: 14.0 	 Demand: 655
	Edge: 8 <--> 9 	 Freq: 14.0 	 Demand: 544

	Routes:

	Route: 1
	Route length (2889.0) and demand (11580)
	Edge: 12 <--> 111 	 Freq: 14.0 	 Demand: 910
	Edge: 32 <--> 175 	 Freq: 14.0 	 Demand: 1513
	Edge: 173 <--> 31 	 Freq: 14.0 	 Demand: 111
	Edge: 173 <--> 195 	 Freq: 14.0 	 Demand: 2185
	Edge: 31 <--> 174 	 Freq: 14.0 	 Demand: 1751
	Edge: 32 <--> 30 	 Freq: 14.0 	 Demand: 162
	Edge: 32 <--> 134 	 Freq: 14.0 	 Demand: 1496
	Edge: 109 <--> 32 	 Freq: 14.0 	 Demand: 595
	Edge: 109 <--> 114 	 Freq: 14.0 	 Demand: 1607
	Edge: 12 <--> 109 	 Freq: 14.0 	 Demand: 595
	Edge: 12 <--> 112 	 Freq: 14.0 	 Demand: 655
	Route: 2
	Route length (3959.0) and demand (11751)
	Edge: 217 <--> 219 	 Freq: 14.0 	 Demand: 323
	Edge: 214 <--> 215 	 Freq: 14.0 	 Demand: 272
	Edge: 214 <--> 180 	 Freq: 14.0 	 Demand: 315
	Edge: 180 <--> 181 	 Freq: 14.0 	 Demand: 383
	Edge: 180 <--> 218 	 Freq: 14.0 	 Demand: 323
	Edge: 187 <--> 217 	 Freq: 14.0 	 Demand: 111
	Edge: 63 <--> 96 	 Freq: 14.0 	 Demand: 2721
	Edge: 183 <--> 211 	 Freq: 14.0 	 Demand: 1649
	Edge: 212 <--> 213 	 Freq: 14.0 	 Demand: 1012
	Edge: 182 <--> 183 	 Freq: 14.0 	 Demand: 476
	Edge: 62 <--> 28 	 Freq: 14.0 	 Demand: 272
	Edge: 62 <--> 30 	 Freq: 14.0 	 Demand: 952
	Edge: 109 <--> 110 	 Freq: 14.0 	 Demand: 1071
	Edge: 11 <--> 12 	 Freq: 14.0 	 Demand: 799
	Edge: 11 <--> 113 	 Freq: 14.0 	 Demand: 536
	Edge: 10 <--> 11 	 Freq: 14.0 	 Demand: 536
	Route: 3
	Route length (4073.0) and demand (11382)
	Edge: 24 <--> 25 	 Freq: 14.0 	 Demand: 221
	Edge: 33 <--> 34 	 Freq: 14.0 	 Demand: 1207
	Edge: 45 <--> 33 	 Freq: 14.0 	 Demand: 680
	Edge: 50 <--> 200 	 Freq: 14.0 	 Demand: 2363
	Edge: 51 <--> 52 	 Freq: 14.0 	 Demand: 1938
	Edge: 52 <--> 135 	 Freq: 14.0 	 Demand: 1020
	Edge: 135 <--> 94 	 Freq: 14.0 	 Demand: 544
	Edge: 94 <--> 178 	 Freq: 14.0 	 Demand: 1896
	Edge: 87 <--> 94 	 Freq: 14.0 	 Demand: 1513
	Route: 4
	Route length (1124.0) and demand (5570)
	Edge: 25 <--> 74 	 Freq: 14.0 	 Demand: 1343
	Edge: 26 <--> 25 	 Freq: 14.0 	 Demand: 485
	Edge: 153 <--> 154 	 Freq: 14.0 	 Demand: 910
	Edge: 26 <--> 153 	 Freq: 14.0 	 Demand: 927
	Edge: 1 <--> 26 	 Freq: 14.0 	 Demand: 689
	Edge: 1 <--> 27 	 Freq: 14.0 	 Demand: 833
	Edge: 74 <--> 1 	 Freq: 14.0 	 Demand: 383
	Route: 5
	Route length (1659.0) and demand (8388)
	Edge: 3 <--> 10 	 Freq: 14.0 	 Demand: 323
	Edge: 10 <--> 198 	 Freq: 14.0 	 Demand: 655
	Edge: 3 <--> 4 	 Freq: 14.0 	 Demand: 689
	Edge: 119 <--> 3 	 Freq: 14.0 	 Demand: 5148
	Edge: 119 <--> 8 	 Freq: 14.0 	 Demand: 1029
	Edge: 8 <--> 9 	 Freq: 14.0 	 Demand: 544
	Route: 6
	Route length (4755.0) and demand (11078)
	Edge: 74 <--> 2 	 Freq: 14.0 	 Demand: 680
	Edge: 25 <--> 121 	 Freq: 14.0 	 Demand: 408
	Edge: 120 <--> 24 	 Freq: 14.0 	 Demand: 1097
	Edge: 19 <--> 20 	 Freq: 14.0 	 Demand: 485
	Edge: 208 <--> 210 	 Freq: 14.0 	 Demand: 408
	Edge: 208 <--> 209 	 Freq: 14.0 	 Demand: 1615
	Edge: 71 <--> 208 	 Freq: 14.0 	 Demand: 323
	Edge: 72 <--> 191 	 Freq: 14.0 	 Demand: 2635
	Edge: 191 <--> 193 	 Freq: 14.0 	 Demand: 935
	Edge: 191 <--> 192 	 Freq: 14.0 	 Demand: 1003
	Edge: 72 <--> 73 	 Freq: 14.0 	 Demand: 485
	Edge: 188 <--> 189 	 Freq: 14.0 	 Demand: 842
	Edge: 188 <--> 190 	 Freq: 14.0 	 Demand: 162

Day 2, number of edges 31, number of routes 5

	Edges:

	Edge: 147 <--> 196 	 Freq: 14.0 	 Demand: 272
	Edge: 67 <--> 68 	 Freq: 14.0 	 Demand: 204
	Edge: 34 <--> 41 	 Freq: 14.0 	 Demand: 3771
	Edge: 84 <--> 85 	 Freq: 14.0 	 Demand: 3273
	Edge: 227 <--> 197 	 Freq: 14.0 	 Demand: 893
	Edge: 69 <--> 70 	 Freq: 14.0 	 Demand: 111
	Edge: 157 <--> 158 	 Freq: 14.0 	 Demand: 3800
	Edge: 63 <--> 128 	 Freq: 14.0 	 Demand: 2703
	Edge: 92 <--> 93 	 Freq: 14.0 	 Demand: 680
	Edge: 155 <--> 79 	 Freq: 14.0 	 Demand: 3550
	Edge: 159 <--> 160 	 Freq: 14.0 	 Demand: 4059
	Edge: 65 <--> 66 	 Freq: 14.0 	 Demand: 162
	Edge: 33 <--> 104 	 Freq: 14.0 	 Demand: 2457
	Edge: 19 <--> 164 	 Freq: 14.0 	 Demand: 162
	Edge: 205 <--> 207 	 Freq: 14.0 	 Demand: 1054
	Edge: 205 <--> 206 	 Freq: 14.0 	 Demand: 1658
	Edge: 179 <--> 136 	 Freq: 14.0 	 Demand: 2712
	Edge: 77 <--> 78 	 Freq: 14.0 	 Demand: 1811
	Edge: 143 <--> 156 	 Freq: 14.0 	 Demand: 3929
	Edge: 150 <--> 143 	 Freq: 14.0 	 Demand: 162
	Edge: 82 <--> 186 	 Freq: 14.0 	 Demand: 3549
	Edge: 80 <--> 83 	 Freq: 14.0 	 Demand: 1836
	Edge: 98 <--> 123 	 Freq: 14.0 	 Demand: 204
	Edge: 124 <--> 125 	 Freq: 14.0 	 Demand: 723
	Edge: 117 <--> 118 	 Freq: 14.0 	 Demand: 1156
	Edge: 201 <--> 101 	 Freq: 14.0 	 Demand: 111
	Edge: 81 <--> 97 	 Freq: 14.0 	 Demand: 2355
	Edge: 124 <--> 202 	 Freq: 14.0 	 Demand: 3732
	Edge: 92 <--> 93 	 Freq: 7.0 	 Demand: 3836
	Edge: 105 <--> 106 	 Freq: 14.0 	 Demand: 340
	Edge: 224 <--> 138 	 Freq: 14.0 	 Demand: 527

	Routes:

	Route: 1
	Route length (6331.0) and demand (11305)
	Edge: 84 <--> 85 	 Freq: 14.0 	 Demand: 3273
	Edge: 69 <--> 70 	 Freq: 14.0 	 Demand: 111
	Edge: 33 <--> 104 	 Freq: 14.0 	 Demand: 2457
	Edge: 34 <--> 41 	 Freq: 14.0 	 Demand: 3771
	Edge: 19 <--> 164 	 Freq: 14.0 	 Demand: 162
	Edge: 227 <--> 197 	 Freq: 14.0 	 Demand: 893
	Edge: 147 <--> 196 	 Freq: 14.0 	 Demand: 272
	Edge: 67 <--> 68 	 Freq: 14.0 	 Demand: 204
	Edge: 65 <--> 66 	 Freq: 14.0 	 Demand: 162
	Route: 2
	Route length (4597.0) and demand (11844)
	Edge: 205 <--> 207 	 Freq: 14.0 	 Demand: 1054
	Edge: 205 <--> 206 	 Freq: 14.0 	 Demand: 1658
	Edge: 143 <--> 156 	 Freq: 14.0 	 Demand: 3929
	Edge: 150 <--> 143 	 Freq: 14.0 	 Demand: 162
	Edge: 77 <--> 78 	 Freq: 14.0 	 Demand: 1811
	Edge: 224 <--> 138 	 Freq: 14.0 	 Demand: 527
	Edge: 63 <--> 128 	 Freq: 14.0 	 Demand: 2703
	Route: 3
	Route length (7987.0) and demand (10782)
	Edge: 201 <--> 101 	 Freq: 14.0 	 Demand: 111
	Edge: 117 <--> 118 	 Freq: 14.0 	 Demand: 1156
	Edge: 105 <--> 106 	 Freq: 14.0 	 Demand: 340
	Edge: 98 <--> 123 	 Freq: 14.0 	 Demand: 204
	Edge: 124 <--> 125 	 Freq: 14.0 	 Demand: 723
	Edge: 124 <--> 202 	 Freq: 14.0 	 Demand: 3732
	Edge: 92 <--> 93 	 Freq: 7.0 	 Demand: 3836
	Edge: 92 <--> 93 	 Freq: 14.0 	 Demand: 680
	Route: 4
	Route length (4198.0) and demand (11290)
	Edge: 155 <--> 79 	 Freq: 14.0 	 Demand: 3550
	Edge: 80 <--> 83 	 Freq: 14.0 	 Demand: 1836
	Edge: 82 <--> 186 	 Freq: 14.0 	 Demand: 3549
	Edge: 81 <--> 97 	 Freq: 14.0 	 Demand: 2355
	Route: 5
	Route length (2973.0) and demand (10571)
	Edge: 159 <--> 160 	 Freq: 14.0 	 Demand: 4059
	Edge: 157 <--> 158 	 Freq: 14.0 	 Demand: 3800
	Edge: 179 <--> 136 	 Freq: 14.0 	 Demand: 2712

Day 3, number of edges 4, number of routes 2

	Edges:

	Edge: 28 <--> 29 	 Freq: 14.0 	 Demand: 2865
	Edge: 141 <--> 223 	 Freq: 14.0 	 Demand: 3103
	Edge: 35 <--> 36 	 Freq: 7.0 	 Demand: 3460
	Edge: 226 <--> 152 	 Freq: 7.0 	 Demand: 3587

	Routes:

	Route: 1
	Route length (3230.0) and demand (7047)
	Edge: 35 <--> 36 	 Freq: 7.0 	 Demand: 3460
	Edge: 226 <--> 152 	 Freq: 7.0 	 Demand: 3587
	Route: 2
	Route length (3717.0) and demand (5968)
	Edge: 28 <--> 29 	 Freq: 14.0 	 Demand: 2865
	Edge: 141 <--> 223 	 Freq: 14.0 	 Demand: 3103

Day 4, number of edges 0, number of routes 0

	Edges:


	Routes:


Day 5, number of edges 0, number of routes 0

	Edges:


	Routes:


Day 6, number of edges 0, number of routes 0

	Edges:


	Routes:


Day 7, number of edges 0, number of routes 0

	Edges:


	Routes:


Day 8, number of edges 1, number of routes 1

	Edges:

	Edge: 92 <--> 93 	 Freq: 7.0 	 Demand: 3836

	Routes:

	Route: 1
	Route length (2715.0) and demand (3836)
	Edge: 92 <--> 93 	 Freq: 7.0 	 Demand: 3836

Day 9, number of edges 0, number of routes 0

	Edges:


	Routes:


Day 10, number of edges 0, number of routes 0

	Edges:


	Routes:


Day 11, number of edges 2, number of routes 1

	Edges:

	Edge: 35 <--> 36 	 Freq: 7.0 	 Demand: 3460
	Edge: 226 <--> 152 	 Freq: 7.0 	 Demand: 3587

	Routes:

	Route: 1
	Route length (3230.0) and demand (7047)
	Edge: 226 <--> 152 	 Freq: 7.0 	 Demand: 3587
	Edge: 35 <--> 36 	 Freq: 7.0 	 Demand: 3460

Day 12, number of edges 0, number of routes 0

	Edges:


	Routes:


Day 13, number of edges 0, number of routes 0

	Edges:


	Routes:


----- MARKER - SOLUTION PRINTED ABOVE -------

Printing greedy algorithm time to avoid scrolling or ctrl+f
Greedy algorithm time: 0:00:00.071488 seconds
LS time: 0:00:35.796867
Greedy algorithm score: 9257935.0
LS return score: 6082907.0
Final solution score: 6082907.0
Maximum routes among all days: 6
Minimum routes among all days: 0

Penalties count:
Overloaded route count: 0
Irregular services count: 0
Irregular spacing count: 0
