Using greedy static/fixed clusters algorithm!
Graph Data file used: SP-CARP_S9_p_graph.dat
Vehicle Data file used: SP-CARP_1-4.veh

Program starting at: 2026-08-09 01:34:37.537466
Greedy algorithm time: 0.235499 seconds
Cost of initial solution: 113598092.0
Total number of edges: 168
Number of unsatisfied edges: 43
0 edges were not serviced at all!
Running Local Search with top 50 operations according to estimation


Phase 1 mid-report:
Iteration count: 1
Last iteration time: 0.31249547004699707
Average iteration time: 0.31249547004699707
Current score: 73723837.0

Phase 1 ended! Current time: 2026-08-09 01:34:39.224963
Phase 1 Report:
Iteration count: 14
Last iteration time: 0.0
Average iteration time: 0.08370484624590192
Current score: 7093531.0


Phase 2 (only move_services) mid-report:
Iteration count: 1
Last iteration time: 0.1718742847442627
Average iteration time: 0.1718742847442627
Current score: 6099237.0


Phase 2 (only move_services) ended! Current time: 2026-08-09 01:34:41.099967
Phase 2 (only move_services) Report:
Iteration count: 5
Last iteration time: 0.07812762260437012
Average iteration time: 0.2687503337860107
Current score: 3617173.0


Phase 3 (using only swap_services) mid-report:
Iteration count: 1
Last iteration time: 0.1875011920928955
Average iteration time: 0.1875011920928955
Current score: 3614227.0


Phase 3 (using only swap_services) ended! Current time: 2026-08-09 01:34:49.912468
Phase 3 (using only swap_services) Report:
Iteration count: 24
Last iteration time: 0.0625002384185791
Average iteration time: 0.1608074506123861
Current score: 3601923.0


Phase 4 (routing operators) mid-report:
Current day: 0
Iteration count: 1
Last iteration time: 0.0
Average iteration time: 0.0
Current score: 3601923.0


Phase 4 (routing operators) day 0 ended!
Phase 4 (routing operators) day report:
Current Iteration count: 1
Last iteration time: 0.0
Average iteration time: 0.0
Current score: 3601923.0


Phase 4 (routing operators) day 1 ended!
Phase 4 (routing operators) day report:
Current Iteration count: 2
Last iteration time: 0.0
Average iteration time: 0.0
Current score: 3601923.0


Phase 4 (routing operators) day 2 ended!
Phase 4 (routing operators) day report:
Current Iteration count: 3
Last iteration time: 0.0
Average iteration time: 0.0
Current score: 3601923.0


Phase 4 (routing operators) day 3 ended!
Phase 4 (routing operators) day report:
Current Iteration count: 4
Last iteration time: 0.0
Average iteration time: 0.0
Current score: 3601923.0


Phase 4 (routing operators) day 4 ended!
Phase 4 (routing operators) day report:
Current Iteration count: 5
Last iteration time: 0.0
Average iteration time: 0.0
Current score: 3601923.0


Phase 4 (routing operators) day 7 ended!
Phase 4 (routing operators) day report:
Current Iteration count: 6
Last iteration time: 0.0
Average iteration time: 0.0
Current score: 3601923.0


Phase 4 (routing operators) day 8 ended!
Phase 4 (routing operators) day report:
Current Iteration count: 8
Last iteration time: 0.0
Average iteration time: 0.0
Current score: 3598646.0


Phase 4 (routing operators) day 9 ended!
Phase 4 (routing operators) day report:
Current Iteration count: 10
Last iteration time: 0.0
Average iteration time: 0.0
Current score: 3591680.0


Phase 4 (routing operators) day 10 ended!
Phase 4 (routing operators) day report:
Current Iteration count: 12
Last iteration time: 0.0
Average iteration time: 0.0
Current score: 3586054.0


Phase 4 (routing operators) day 11 ended!
Phase 4 (routing operators) day report:
Current Iteration count: 13
Last iteration time: 0.0
Average iteration time: 0.0
Current score: 3586054.0


Phase 4 (routing operators) day 14 ended!
Phase 4 (routing operators) day report:
Current Iteration count: 14
Last iteration time: 0.0
Average iteration time: 0.0
Current score: 3586054.0


Phase 4 (routing operators) day 15 ended!
Phase 4 (routing operators) day report:
Current Iteration count: 16
Last iteration time: 0.0
Average iteration time: 0.0
Current score: 3582578.0


Phase 4 (routing operators) day 16 ended!
Phase 4 (routing operators) day report:
Current Iteration count: 18
Last iteration time: 0.0
Average iteration time: 0.0
Current score: 3575040.0


Phase 4 (routing operators) day 17 ended!
Phase 4 (routing operators) day report:
Current Iteration count: 21
Last iteration time: 0.0
Average iteration time: 0.000744093032110305
Current score: 3566045.0


Phase 4 (routing operators) day 18 ended!
Phase 4 (routing operators) day report:
Current Iteration count: 22
Last iteration time: 0.0
Average iteration time: 0.0007102706215598366
Current score: 3566045.0


Phase 4 (routing operators) day 21 ended!
Phase 4 (routing operators) day report:
Current Iteration count: 23
Last iteration time: 0.0
Average iteration time: 0.0006793892901876699
Current score: 3566045.0


Phase 4 (routing operators) day 22 ended!
Phase 4 (routing operators) day report:
Current Iteration count: 24
Last iteration time: 0.0
Average iteration time: 0.000651081403096517
Current score: 3566045.0


Phase 4 (routing operators) day 23 ended!
Phase 4 (routing operators) day report:
Current Iteration count: 27
Last iteration time: 0.0
Average iteration time: 0.0005787390249746817
Current score: 3554462.0


Phase 4 (routing operators) day 24 ended!
Phase 4 (routing operators) day report:
Current Iteration count: 29
Last iteration time: 0.0
Average iteration time: 0.0005388259887695312
Current score: 3549084.0


Phase 4 (routing operators) day 25 ended!
Phase 4 (routing operators) day report:
Current Iteration count: 31
Last iteration time: 0.0
Average iteration time: 0.0005040630217521421
Current score: 3542118.0


Phase 4 (routing operators) ended! Current time: 2026-08-09 01:34:51.412465
Phase 4 (routing operators) Report:
Iteration count: 31
Last iteration time: 0.0
Average iteration time: 0.0005040630217521421
Current score: 3542118.0


Local search report:
Iteration count: 1 iterations
Last iteration time: 13.359369039535522 seconds
Iteration average time: 13.359369039535522 seconds
Current score: 3542118.0

Solution after going through each phase once:


Day 0, number of edges 36, number of routes 2

	Edges:

	Edge: 99 <--> 100 	 Freq: 28.0 	 Demand: 204
	Edge: 220 <--> 221 	 Freq: 28.0 	 Demand: 204
	Edge: 429 <--> 430 	 Freq: 28.0 	 Demand: 408
	Edge: 646 <--> 647 	 Freq: 28.0 	 Demand: 408
	Edge: 648 <--> 649 	 Freq: 28.0 	 Demand: 510
	Edge: 283 <--> 284 	 Freq: 28.0 	 Demand: 204
	Edge: 631 <--> 632 	 Freq: 28.0 	 Demand: 408
	Edge: 546 <--> 547 	 Freq: 28.0 	 Demand: 204
	Edge: 513 <--> 514 	 Freq: 28.0 	 Demand: 510
	Edge: 707 <--> 706 	 Freq: 28.0 	 Demand: 408
	Edge: 705 <--> 706 	 Freq: 28.0 	 Demand: 510
	Edge: 703 <--> 704 	 Freq: 28.0 	 Demand: 2040
	Edge: 415 <--> 536 	 Freq: 28.0 	 Demand: 1020
	Edge: 538 <--> 735 	 Freq: 28.0 	 Demand: 204
	Edge: 538 <--> 394 	 Freq: 28.0 	 Demand: 714
	Edge: 232 <--> 585 	 Freq: 28.0 	 Demand: 408
	Edge: 235 <--> 237 	 Freq: 28.0 	 Demand: 510
	Edge: 236 <--> 234 	 Freq: 28.0 	 Demand: 510
	Edge: 472 <--> 453 	 Freq: 28.0 	 Demand: 612
	Edge: 456 <--> 452 	 Freq: 28.0 	 Demand: 1530
	Edge: 452 <--> 453 	 Freq: 28.0 	 Demand: 510
	Edge: 450 <--> 451 	 Freq: 28.0 	 Demand: 1224
	Edge: 455 <--> 462 	 Freq: 28.0 	 Demand: 1020
	Edge: 420 <--> 421 	 Freq: 28.0 	 Demand: 918
	Edge: 323 <--> 324 	 Freq: 28.0 	 Demand: 1020
	Edge: 725 <--> 653 	 Freq: 28.0 	 Demand: 1020
	Edge: 267 <--> 17 	 Freq: 28.0 	 Demand: 408
	Edge: 741 <--> 742 	 Freq: 28.0 	 Demand: 204
	Edge: 650 <--> 314 	 Freq: 28.0 	 Demand: 714
	Edge: 367 <--> 368 	 Freq: 28.0 	 Demand: 408
	Edge: 386 <--> 387 	 Freq: 28.0 	 Demand: 510
	Edge: 408 <--> 409 	 Freq: 28.0 	 Demand: 408
	Edge: 132 <--> 134 	 Freq: 14.0 	 Demand: 510
	Edge: 566 <--> 567 	 Freq: 28.0 	 Demand: 714
	Edge: 135 <--> 132 	 Freq: 14.0 	 Demand: 510
	Edge: 131 <--> 132 	 Freq: 14.0 	 Demand: 1020

	Routes:

	Route: 1
	Route length (57083.0) and demand (11934)
	Edge: 232 <--> 585 	 Freq: 28.0 	 Demand: 408
	Edge: 236 <--> 234 	 Freq: 28.0 	 Demand: 510
	Edge: 235 <--> 237 	 Freq: 28.0 	 Demand: 510
	Edge: 472 <--> 453 	 Freq: 28.0 	 Demand: 612
	Edge: 452 <--> 453 	 Freq: 28.0 	 Demand: 510
	Edge: 456 <--> 452 	 Freq: 28.0 	 Demand: 1530
	Edge: 455 <--> 462 	 Freq: 28.0 	 Demand: 1020
	Edge: 450 <--> 451 	 Freq: 28.0 	 Demand: 1224
	Edge: 420 <--> 421 	 Freq: 28.0 	 Demand: 918
	Edge: 323 <--> 324 	 Freq: 28.0 	 Demand: 1020
	Edge: 725 <--> 653 	 Freq: 28.0 	 Demand: 1020
	Edge: 267 <--> 17 	 Freq: 28.0 	 Demand: 408
	Edge: 741 <--> 742 	 Freq: 28.0 	 Demand: 204
	Edge: 650 <--> 314 	 Freq: 28.0 	 Demand: 714
	Edge: 367 <--> 368 	 Freq: 28.0 	 Demand: 408
	Edge: 386 <--> 387 	 Freq: 28.0 	 Demand: 510
	Edge: 408 <--> 409 	 Freq: 28.0 	 Demand: 408
	Route: 2
	Route length (22700.0) and demand (10710)
	Edge: 99 <--> 100 	 Freq: 28.0 	 Demand: 204
	Edge: 220 <--> 221 	 Freq: 28.0 	 Demand: 204
	Edge: 429 <--> 430 	 Freq: 28.0 	 Demand: 408
	Edge: 646 <--> 647 	 Freq: 28.0 	 Demand: 408
	Edge: 648 <--> 649 	 Freq: 28.0 	 Demand: 510
	Edge: 283 <--> 284 	 Freq: 28.0 	 Demand: 204
	Edge: 132 <--> 134 	 Freq: 14.0 	 Demand: 510
	Edge: 131 <--> 132 	 Freq: 14.0 	 Demand: 1020
	Edge: 135 <--> 132 	 Freq: 14.0 	 Demand: 510
	Edge: 631 <--> 632 	 Freq: 28.0 	 Demand: 408
	Edge: 546 <--> 547 	 Freq: 28.0 	 Demand: 204
	Edge: 513 <--> 514 	 Freq: 28.0 	 Demand: 510
	Edge: 707 <--> 706 	 Freq: 28.0 	 Demand: 408
	Edge: 705 <--> 706 	 Freq: 28.0 	 Demand: 510
	Edge: 703 <--> 704 	 Freq: 28.0 	 Demand: 2040
	Edge: 415 <--> 536 	 Freq: 28.0 	 Demand: 1020
	Edge: 538 <--> 394 	 Freq: 28.0 	 Demand: 714
	Edge: 538 <--> 735 	 Freq: 28.0 	 Demand: 204
	Edge: 566 <--> 567 	 Freq: 28.0 	 Demand: 714

Day 1, number of edges 32, number of routes 2

	Edges:

	Edge: 506 <--> 508 	 Freq: 14.0 	 Demand: 2040
	Edge: 371 <--> 366 	 Freq: 28.0 	 Demand: 204
	Edge: 598 <--> 268 	 Freq: 28.0 	 Demand: 204
	Edge: 75 <--> 76 	 Freq: 28.0 	 Demand: 4080
	Edge: 260 <--> 79 	 Freq: 28.0 	 Demand: 510
	Edge: 129 <--> 130 	 Freq: 28.0 	 Demand: 1020
	Edge: 596 <--> 595 	 Freq: 28.0 	 Demand: 408
	Edge: 604 <--> 713 	 Freq: 28.0 	 Demand: 204
	Edge: 713 <--> 710 	 Freq: 28.0 	 Demand: 204
	Edge: 747 <--> 748 	 Freq: 28.0 	 Demand: 816
	Edge: 761 <--> 760 	 Freq: 28.0 	 Demand: 510
	Edge: 762 <--> 763 	 Freq: 28.0 	 Demand: 510
	Edge: 448 <--> 449 	 Freq: 28.0 	 Demand: 714
	Edge: 449 <--> 729 	 Freq: 28.0 	 Demand: 408
	Edge: 517 <--> 518 	 Freq: 28.0 	 Demand: 714
	Edge: 541 <--> 542 	 Freq: 28.0 	 Demand: 204
	Edge: 751 <--> 749 	 Freq: 28.0 	 Demand: 408
	Edge: 757 <--> 758 	 Freq: 28.0 	 Demand: 816
	Edge: 138 <--> 242 	 Freq: 28.0 	 Demand: 714
	Edge: 720 <--> 721 	 Freq: 28.0 	 Demand: 510
	Edge: 136 <--> 137 	 Freq: 28.0 	 Demand: 1020
	Edge: 90 <--> 91 	 Freq: 28.0 	 Demand: 510
	Edge: 731 <--> 732 	 Freq: 28.0 	 Demand: 408
	Edge: 734 <--> 320 	 Freq: 28.0 	 Demand: 510
	Edge: 432 <--> 433 	 Freq: 28.0 	 Demand: 816
	Edge: 504 <--> 511 	 Freq: 28.0 	 Demand: 510
	Edge: 361 <--> 362 	 Freq: 28.0 	 Demand: 612
	Edge: 477 <--> 478 	 Freq: 28.0 	 Demand: 1428
	Edge: 523 <--> 524 	 Freq: 28.0 	 Demand: 1428
	Edge: 662 <--> 663 	 Freq: 28.0 	 Demand: 408
	Edge: 665 <--> 663 	 Freq: 28.0 	 Demand: 510
	Edge: 669 <--> 668 	 Freq: 28.0 	 Demand: 510

	Routes:

	Route: 1
	Route length (46024.0) and demand (11934)
	Edge: 371 <--> 366 	 Freq: 28.0 	 Demand: 204
	Edge: 598 <--> 268 	 Freq: 28.0 	 Demand: 204
	Edge: 75 <--> 76 	 Freq: 28.0 	 Demand: 4080
	Edge: 260 <--> 79 	 Freq: 28.0 	 Demand: 510
	Edge: 129 <--> 130 	 Freq: 28.0 	 Demand: 1020
	Edge: 596 <--> 595 	 Freq: 28.0 	 Demand: 408
	Edge: 604 <--> 713 	 Freq: 28.0 	 Demand: 204
	Edge: 713 <--> 710 	 Freq: 28.0 	 Demand: 204
	Edge: 747 <--> 748 	 Freq: 28.0 	 Demand: 816
	Edge: 449 <--> 729 	 Freq: 28.0 	 Demand: 408
	Edge: 448 <--> 449 	 Freq: 28.0 	 Demand: 714
	Edge: 761 <--> 760 	 Freq: 28.0 	 Demand: 510
	Edge: 762 <--> 763 	 Freq: 28.0 	 Demand: 510
	Edge: 517 <--> 518 	 Freq: 28.0 	 Demand: 714
	Edge: 541 <--> 542 	 Freq: 28.0 	 Demand: 204
	Edge: 751 <--> 749 	 Freq: 28.0 	 Demand: 408
	Edge: 757 <--> 758 	 Freq: 28.0 	 Demand: 816
	Route: 2
	Route length (30752.0) and demand (11934)
	Edge: 138 <--> 242 	 Freq: 28.0 	 Demand: 714
	Edge: 720 <--> 721 	 Freq: 28.0 	 Demand: 510
	Edge: 136 <--> 137 	 Freq: 28.0 	 Demand: 1020
	Edge: 90 <--> 91 	 Freq: 28.0 	 Demand: 510
	Edge: 523 <--> 524 	 Freq: 28.0 	 Demand: 1428
	Edge: 669 <--> 668 	 Freq: 28.0 	 Demand: 510
	Edge: 662 <--> 663 	 Freq: 28.0 	 Demand: 408
	Edge: 665 <--> 663 	 Freq: 28.0 	 Demand: 510
	Edge: 731 <--> 732 	 Freq: 28.0 	 Demand: 408
	Edge: 734 <--> 320 	 Freq: 28.0 	 Demand: 510
	Edge: 506 <--> 508 	 Freq: 14.0 	 Demand: 2040
	Edge: 504 <--> 511 	 Freq: 28.0 	 Demand: 510
	Edge: 361 <--> 362 	 Freq: 28.0 	 Demand: 612
	Edge: 432 <--> 433 	 Freq: 28.0 	 Demand: 816
	Edge: 477 <--> 478 	 Freq: 28.0 	 Demand: 1428

Day 2, number of edges 29, number of routes 2

	Edges:

	Edge: 512 <--> 507 	 Freq: 7.0 	 Demand: 510
	Edge: 378 <--> 379 	 Freq: 14.0 	 Demand: 3060
	Edge: 491 <--> 492 	 Freq: 28.0 	 Demand: 1428
	Edge: 493 <--> 494 	 Freq: 28.0 	 Demand: 408
	Edge: 737 <--> 738 	 Freq: 28.0 	 Demand: 510
	Edge: 107 <--> 108 	 Freq: 28.0 	 Demand: 1020
	Edge: 384 <--> 298 	 Freq: 28.0 	 Demand: 510
	Edge: 338 <--> 339 	 Freq: 28.0 	 Demand: 612
	Edge: 736 <--> 341 	 Freq: 28.0 	 Demand: 204
	Edge: 474 <--> 473 	 Freq: 28.0 	 Demand: 2040
	Edge: 460 <--> 461 	 Freq: 28.0 	 Demand: 408
	Edge: 402 <--> 403 	 Freq: 28.0 	 Demand: 1428
	Edge: 255 <--> 256 	 Freq: 28.0 	 Demand: 408
	Edge: 34 <--> 35 	 Freq: 28.0 	 Demand: 1428
	Edge: 212 <--> 213 	 Freq: 28.0 	 Demand: 204
	Edge: 671 <--> 672 	 Freq: 28.0 	 Demand: 714
	Edge: 593 <--> 594 	 Freq: 28.0 	 Demand: 510
	Edge: 342 <--> 343 	 Freq: 28.0 	 Demand: 1224
	Edge: 380 <--> 344 	 Freq: 28.0 	 Demand: 510
	Edge: 374 <--> 375 	 Freq: 28.0 	 Demand: 510
	Edge: 316 <--> 317 	 Freq: 28.0 	 Demand: 408
	Edge: 21 <--> 20 	 Freq: 28.0 	 Demand: 204
	Edge: 635 <--> 636 	 Freq: 28.0 	 Demand: 510
	Edge: 326 <--> 328 	 Freq: 28.0 	 Demand: 204
	Edge: 357 <--> 353 	 Freq: 28.0 	 Demand: 204
	Edge: 400 <--> 401 	 Freq: 28.0 	 Demand: 204
	Edge: 161 <--> 162 	 Freq: 28.0 	 Demand: 816
	Edge: 663 <--> 664 	 Freq: 28.0 	 Demand: 1020
	Edge: 173 <--> 174 	 Freq: 28.0 	 Demand: 510

	Routes:

	Route: 1
	Route length (63496.0) and demand (11832)
	Edge: 491 <--> 492 	 Freq: 28.0 	 Demand: 1428
	Edge: 493 <--> 494 	 Freq: 28.0 	 Demand: 408
	Edge: 512 <--> 507 	 Freq: 7.0 	 Demand: 510
	Edge: 338 <--> 339 	 Freq: 28.0 	 Demand: 612
	Edge: 736 <--> 341 	 Freq: 28.0 	 Demand: 204
	Edge: 384 <--> 298 	 Freq: 28.0 	 Demand: 510
	Edge: 107 <--> 108 	 Freq: 28.0 	 Demand: 1020
	Edge: 737 <--> 738 	 Freq: 28.0 	 Demand: 510
	Edge: 474 <--> 473 	 Freq: 28.0 	 Demand: 2040
	Edge: 460 <--> 461 	 Freq: 28.0 	 Demand: 408
	Edge: 402 <--> 403 	 Freq: 28.0 	 Demand: 1428
	Edge: 34 <--> 35 	 Freq: 28.0 	 Demand: 1428
	Edge: 255 <--> 256 	 Freq: 28.0 	 Demand: 408
	Edge: 212 <--> 213 	 Freq: 28.0 	 Demand: 204
	Edge: 671 <--> 672 	 Freq: 28.0 	 Demand: 714
	Route: 2
	Route length (30043.0) and demand (9894)
	Edge: 173 <--> 174 	 Freq: 28.0 	 Demand: 510
	Edge: 663 <--> 664 	 Freq: 28.0 	 Demand: 1020
	Edge: 374 <--> 375 	 Freq: 28.0 	 Demand: 510
	Edge: 342 <--> 343 	 Freq: 28.0 	 Demand: 1224
	Edge: 380 <--> 344 	 Freq: 28.0 	 Demand: 510
	Edge: 378 <--> 379 	 Freq: 14.0 	 Demand: 3060
	Edge: 593 <--> 594 	 Freq: 28.0 	 Demand: 510
	Edge: 316 <--> 317 	 Freq: 28.0 	 Demand: 408
	Edge: 21 <--> 20 	 Freq: 28.0 	 Demand: 204
	Edge: 635 <--> 636 	 Freq: 28.0 	 Demand: 510
	Edge: 326 <--> 328 	 Freq: 28.0 	 Demand: 204
	Edge: 357 <--> 353 	 Freq: 28.0 	 Demand: 204
	Edge: 400 <--> 401 	 Freq: 28.0 	 Demand: 204
	Edge: 161 <--> 162 	 Freq: 28.0 	 Demand: 816

Day 3, number of edges 26, number of routes 3

	Edges:

	Edge: 618 <--> 619 	 Freq: 7.0 	 Demand: 510
	Edge: 14 <--> 15 	 Freq: 7.0 	 Demand: 374
	Edge: 389 <--> 14 	 Freq: 28.0 	 Demand: 204
	Edge: 676 <--> 679 	 Freq: 28.0 	 Demand: 408
	Edge: 394 <--> 719 	 Freq: 28.0 	 Demand: 1224
	Edge: 336 <--> 337 	 Freq: 28.0 	 Demand: 1020
	Edge: 331 <--> 675 	 Freq: 28.0 	 Demand: 510
	Edge: 334 <--> 335 	 Freq: 28.0 	 Demand: 510
	Edge: 654 <--> 655 	 Freq: 28.0 	 Demand: 408
	Edge: 329 <--> 330 	 Freq: 28.0 	 Demand: 2040
	Edge: 614 <--> 615 	 Freq: 28.0 	 Demand: 3536
	Edge: 410 <--> 414 	 Freq: 28.0 	 Demand: 510
	Edge: 411 <--> 412 	 Freq: 28.0 	 Demand: 510
	Edge: 210 <--> 209 	 Freq: 28.0 	 Demand: 510
	Edge: 200 <--> 201 	 Freq: 28.0 	 Demand: 510
	Edge: 69 <--> 70 	 Freq: 28.0 	 Demand: 510
	Edge: 246 <--> 247 	 Freq: 28.0 	 Demand: 510
	Edge: 310 <--> 308 	 Freq: 28.0 	 Demand: 3690
	Edge: 280 <--> 281 	 Freq: 28.0 	 Demand: 3984
	Edge: 311 <--> 312 	 Freq: 28.0 	 Demand: 408
	Edge: 487 <--> 483 	 Freq: 28.0 	 Demand: 510
	Edge: 485 <--> 486 	 Freq: 28.0 	 Demand: 510
	Edge: 197 <--> 198 	 Freq: 28.0 	 Demand: 204
	Edge: 4 <--> 5 	 Freq: 28.0 	 Demand: 204
	Edge: 2 <--> 3 	 Freq: 28.0 	 Demand: 510
	Edge: 6 <--> 7 	 Freq: 28.0 	 Demand: 204

	Routes:

	Route: 1
	Route length (6966.0) and demand (374)
	Edge: 14 <--> 15 	 Freq: 7.0 	 Demand: 374
	Route: 2
	Route length (14938.0) and demand (11754)
	Edge: 4 <--> 5 	 Freq: 28.0 	 Demand: 204
	Edge: 2 <--> 3 	 Freq: 28.0 	 Demand: 510
	Edge: 6 <--> 7 	 Freq: 28.0 	 Demand: 204
	Edge: 197 <--> 198 	 Freq: 28.0 	 Demand: 204
	Edge: 485 <--> 486 	 Freq: 28.0 	 Demand: 510
	Edge: 487 <--> 483 	 Freq: 28.0 	 Demand: 510
	Edge: 311 <--> 312 	 Freq: 28.0 	 Demand: 408
	Edge: 280 <--> 281 	 Freq: 28.0 	 Demand: 3984
	Edge: 310 <--> 308 	 Freq: 28.0 	 Demand: 3690
	Edge: 246 <--> 247 	 Freq: 28.0 	 Demand: 510
	Edge: 69 <--> 70 	 Freq: 28.0 	 Demand: 510
	Edge: 618 <--> 619 	 Freq: 7.0 	 Demand: 510
	Route: 3
	Route length (10478.0) and demand (11900)
	Edge: 389 <--> 14 	 Freq: 28.0 	 Demand: 204
	Edge: 676 <--> 679 	 Freq: 28.0 	 Demand: 408
	Edge: 394 <--> 719 	 Freq: 28.0 	 Demand: 1224
	Edge: 336 <--> 337 	 Freq: 28.0 	 Demand: 1020
	Edge: 331 <--> 675 	 Freq: 28.0 	 Demand: 510
	Edge: 654 <--> 655 	 Freq: 28.0 	 Demand: 408
	Edge: 329 <--> 330 	 Freq: 28.0 	 Demand: 2040
	Edge: 334 <--> 335 	 Freq: 28.0 	 Demand: 510
	Edge: 614 <--> 615 	 Freq: 28.0 	 Demand: 3536
	Edge: 410 <--> 414 	 Freq: 28.0 	 Demand: 510
	Edge: 411 <--> 412 	 Freq: 28.0 	 Demand: 510
	Edge: 200 <--> 201 	 Freq: 28.0 	 Demand: 510
	Edge: 210 <--> 209 	 Freq: 28.0 	 Demand: 510

Day 4, number of edges 18, number of routes 2

	Edges:

	Edge: 369 <--> 370 	 Freq: 7.0 	 Demand: 510
	Edge: 391 <--> 392 	 Freq: 28.0 	 Demand: 2040
	Edge: 252 <--> 250 	 Freq: 28.0 	 Demand: 204
	Edge: 253 <--> 252 	 Freq: 28.0 	 Demand: 510
	Edge: 621 <--> 622 	 Freq: 28.0 	 Demand: 1020
	Edge: 40 <--> 41 	 Freq: 28.0 	 Demand: 1530
	Edge: 42 <--> 43 	 Freq: 28.0 	 Demand: 1530
	Edge: 31 <--> 32 	 Freq: 28.0 	 Demand: 2040
	Edge: 550 <--> 548 	 Freq: 28.0 	 Demand: 612
	Edge: 557 <--> 556 	 Freq: 28.0 	 Demand: 510
	Edge: 670 <--> 667 	 Freq: 28.0 	 Demand: 204
	Edge: 666 <--> 667 	 Freq: 28.0 	 Demand: 408
	Edge: 291 <--> 49 	 Freq: 28.0 	 Demand: 510
	Edge: 562 <--> 565 	 Freq: 28.0 	 Demand: 510
	Edge: 13 <--> 112 	 Freq: 28.0 	 Demand: 1530
	Edge: 53 <--> 54 	 Freq: 28.0 	 Demand: 510
	Edge: 559 <--> 560 	 Freq: 28.0 	 Demand: 4080
	Edge: 561 <--> 562 	 Freq: 28.0 	 Demand: 1020

	Routes:

	Route: 1
	Route length (8683.0) and demand (11526)
	Edge: 13 <--> 112 	 Freq: 28.0 	 Demand: 1530
	Edge: 252 <--> 250 	 Freq: 28.0 	 Demand: 204
	Edge: 253 <--> 252 	 Freq: 28.0 	 Demand: 510
	Edge: 621 <--> 622 	 Freq: 28.0 	 Demand: 1020
	Edge: 40 <--> 41 	 Freq: 28.0 	 Demand: 1530
	Edge: 42 <--> 43 	 Freq: 28.0 	 Demand: 1530
	Edge: 31 <--> 32 	 Freq: 28.0 	 Demand: 2040
	Edge: 391 <--> 392 	 Freq: 28.0 	 Demand: 2040
	Edge: 550 <--> 548 	 Freq: 28.0 	 Demand: 612
	Edge: 557 <--> 556 	 Freq: 28.0 	 Demand: 510
	Route: 2
	Route length (6610.0) and demand (7752)
	Edge: 291 <--> 49 	 Freq: 28.0 	 Demand: 510
	Edge: 53 <--> 54 	 Freq: 28.0 	 Demand: 510
	Edge: 559 <--> 560 	 Freq: 28.0 	 Demand: 4080
	Edge: 561 <--> 562 	 Freq: 28.0 	 Demand: 1020
	Edge: 562 <--> 565 	 Freq: 28.0 	 Demand: 510
	Edge: 369 <--> 370 	 Freq: 7.0 	 Demand: 510
	Edge: 666 <--> 667 	 Freq: 28.0 	 Demand: 408
	Edge: 670 <--> 667 	 Freq: 28.0 	 Demand: 204

Day 5, number of edges 0, number of routes 0

	Edges:


	Routes:


Day 6, number of edges 0, number of routes 0

	Edges:


	Routes:


Day 7, number of edges 12, number of routes 2

	Edges:

	Edge: 690 <--> 691 	 Freq: 28.0 	 Demand: 408
	Edge: 752 <--> 753 	 Freq: 28.0 	 Demand: 1836
	Edge: 57 <--> 63 	 Freq: 28.0 	 Demand: 408
	Edge: 780 <--> 488 	 Freq: 28.0 	 Demand: 3060
	Edge: 779 <--> 154 	 Freq: 28.0 	 Demand: 4208
	Edge: 606 <--> 607 	 Freq: 28.0 	 Demand: 204
	Edge: 59 <--> 64 	 Freq: 28.0 	 Demand: 1020
	Edge: 56 <--> 61 	 Freq: 28.0 	 Demand: 510
	Edge: 14 <--> 15 	 Freq: 28.0 	 Demand: 3978
	Edge: 14 <--> 13 	 Freq: 28.0 	 Demand: 4186
	Edge: 394 <--> 15 	 Freq: 28.0 	 Demand: 612
	Edge: 296 <--> 12 	 Freq: 28.0 	 Demand: 510

	Routes:

	Route: 1
	Route length (32211.0) and demand (11654)
	Edge: 690 <--> 691 	 Freq: 28.0 	 Demand: 408
	Edge: 752 <--> 753 	 Freq: 28.0 	 Demand: 1836
	Edge: 780 <--> 488 	 Freq: 28.0 	 Demand: 3060
	Edge: 57 <--> 63 	 Freq: 28.0 	 Demand: 408
	Edge: 779 <--> 154 	 Freq: 28.0 	 Demand: 4208
	Edge: 606 <--> 607 	 Freq: 28.0 	 Demand: 204
	Edge: 59 <--> 64 	 Freq: 28.0 	 Demand: 1020
	Edge: 56 <--> 61 	 Freq: 28.0 	 Demand: 510
	Route: 2
	Route length (7416.0) and demand (9286)
	Edge: 296 <--> 12 	 Freq: 28.0 	 Demand: 510
	Edge: 14 <--> 13 	 Freq: 28.0 	 Demand: 4186
	Edge: 14 <--> 15 	 Freq: 28.0 	 Demand: 3978
	Edge: 394 <--> 15 	 Freq: 28.0 	 Demand: 612

Day 8, number of edges 4, number of routes 1

	Edges:

	Edge: 512 <--> 507 	 Freq: 7.0 	 Demand: 510
	Edge: 699 <--> 695 	 Freq: 14.0 	 Demand: 4140
	Edge: 699 <--> 695 	 Freq: 28.0 	 Demand: 3564
	Edge: 781 <--> 693 	 Freq: 28.0 	 Demand: 3604

	Routes:

	Route: 1
	Route length (37434.0) and demand (11818)
	Edge: 781 <--> 693 	 Freq: 28.0 	 Demand: 3604
	Edge: 699 <--> 695 	 Freq: 14.0 	 Demand: 4140
	Edge: 699 <--> 695 	 Freq: 28.0 	 Demand: 3564
	Edge: 512 <--> 507 	 Freq: 7.0 	 Demand: 510

Day 9, number of edges 2, number of routes 1

	Edges:

	Edge: 14 <--> 15 	 Freq: 7.0 	 Demand: 374
	Edge: 133 <--> 134 	 Freq: 14.0 	 Demand: 1020

	Routes:

	Route: 1
	Route length (11202.0) and demand (1394)
	Edge: 14 <--> 15 	 Freq: 7.0 	 Demand: 374
	Edge: 133 <--> 134 	 Freq: 14.0 	 Demand: 1020

Day 10, number of edges 2, number of routes 1

	Edges:

	Edge: 618 <--> 619 	 Freq: 7.0 	 Demand: 510
	Edge: 369 <--> 370 	 Freq: 7.0 	 Demand: 510

	Routes:

	Route: 1
	Route length (8699.0) and demand (1020)
	Edge: 618 <--> 619 	 Freq: 7.0 	 Demand: 510
	Edge: 369 <--> 370 	 Freq: 7.0 	 Demand: 510

Day 11, number of edges 0, number of routes 0

	Edges:


	Routes:


Day 12, number of edges 0, number of routes 0

	Edges:


	Routes:


Day 13, number of edges 0, number of routes 0

	Edges:


	Routes:


Day 14, number of edges 2, number of routes 2

	Edges:

	Edge: 0 <--> 120 	 Freq: 28.0 	 Demand: 510
	Edge: 135 <--> 132 	 Freq: 14.0 	 Demand: 510

	Routes:

	Route: 1
	Route length (11251.0) and demand (510)
	Edge: 135 <--> 132 	 Freq: 14.0 	 Demand: 510
	Route: 2
	Route length (208.0) and demand (510)
	Edge: 0 <--> 120 	 Freq: 28.0 	 Demand: 510

Day 15, number of edges 2, number of routes 1

	Edges:

	Edge: 512 <--> 507 	 Freq: 7.0 	 Demand: 510
	Edge: 132 <--> 134 	 Freq: 14.0 	 Demand: 510

	Routes:

	Route: 1
	Route length (36039.0) and demand (1020)
	Edge: 512 <--> 507 	 Freq: 7.0 	 Demand: 510
	Edge: 132 <--> 134 	 Freq: 14.0 	 Demand: 510

Day 16, number of edges 2, number of routes 1

	Edges:

	Edge: 618 <--> 619 	 Freq: 7.0 	 Demand: 510
	Edge: 131 <--> 132 	 Freq: 14.0 	 Demand: 1020

	Routes:

	Route: 1
	Route length (12323.0) and demand (1530)
	Edge: 618 <--> 619 	 Freq: 7.0 	 Demand: 510
	Edge: 131 <--> 132 	 Freq: 14.0 	 Demand: 1020

Day 17, number of edges 6, number of routes 1

	Edges:

	Edge: 369 <--> 370 	 Freq: 7.0 	 Demand: 510
	Edge: 14 <--> 15 	 Freq: 7.0 	 Demand: 374
	Edge: 506 <--> 508 	 Freq: 14.0 	 Demand: 2040
	Edge: 609 <--> 610 	 Freq: 28.0 	 Demand: 510
	Edge: 677 <--> 678 	 Freq: 28.0 	 Demand: 510
	Edge: 295 <--> 644 	 Freq: 28.0 	 Demand: 4180

	Routes:

	Route: 1
	Route length (22606.0) and demand (8124)
	Edge: 14 <--> 15 	 Freq: 7.0 	 Demand: 374
	Edge: 677 <--> 678 	 Freq: 28.0 	 Demand: 510
	Edge: 609 <--> 610 	 Freq: 28.0 	 Demand: 510
	Edge: 295 <--> 644 	 Freq: 28.0 	 Demand: 4180
	Edge: 369 <--> 370 	 Freq: 7.0 	 Demand: 510
	Edge: 506 <--> 508 	 Freq: 14.0 	 Demand: 2040

Day 18, number of edges 1, number of routes 1

	Edges:

	Edge: 378 <--> 379 	 Freq: 14.0 	 Demand: 3060

	Routes:

	Route: 1
	Route length (4045.0) and demand (3060)
	Edge: 378 <--> 379 	 Freq: 14.0 	 Demand: 3060

Day 19, number of edges 0, number of routes 0

	Edges:


	Routes:


Day 20, number of edges 0, number of routes 0

	Edges:


	Routes:


Day 21, number of edges 1, number of routes 1

	Edges:

	Edge: 121 <--> 0 	 Freq: 28.0 	 Demand: 510

	Routes:

	Route: 1
	Route length (68.0) and demand (510)
	Edge: 121 <--> 0 	 Freq: 28.0 	 Demand: 510

Day 22, number of edges 4, number of routes 1

	Edges:

	Edge: 586 <--> 591 	 Freq: 28.0 	 Demand: 510
	Edge: 592 <--> 591 	 Freq: 28.0 	 Demand: 1530
	Edge: 589 <--> 590 	 Freq: 28.0 	 Demand: 510
	Edge: 564 <--> 563 	 Freq: 28.0 	 Demand: 1020

	Routes:

	Route: 1
	Route length (6645.0) and demand (3570)
	Edge: 564 <--> 563 	 Freq: 28.0 	 Demand: 1020
	Edge: 586 <--> 591 	 Freq: 28.0 	 Demand: 510
	Edge: 592 <--> 591 	 Freq: 28.0 	 Demand: 1530
	Edge: 589 <--> 590 	 Freq: 28.0 	 Demand: 510

Day 23, number of edges 3, number of routes 1

	Edges:

	Edge: 512 <--> 507 	 Freq: 7.0 	 Demand: 510
	Edge: 618 <--> 619 	 Freq: 7.0 	 Demand: 510
	Edge: 699 <--> 695 	 Freq: 14.0 	 Demand: 4140

	Routes:

	Route: 1
	Route length (36800.0) and demand (5160)
	Edge: 699 <--> 695 	 Freq: 14.0 	 Demand: 4140
	Edge: 618 <--> 619 	 Freq: 7.0 	 Demand: 510
	Edge: 512 <--> 507 	 Freq: 7.0 	 Demand: 510

Day 24, number of edges 3, number of routes 1

	Edges:

	Edge: 369 <--> 370 	 Freq: 7.0 	 Demand: 510
	Edge: 50 <--> 306 	 Freq: 28.0 	 Demand: 3892
	Edge: 46 <--> 47 	 Freq: 28.0 	 Demand: 4080

	Routes:

	Route: 1
	Route length (6196.0) and demand (8482)
	Edge: 50 <--> 306 	 Freq: 28.0 	 Demand: 3892
	Edge: 46 <--> 47 	 Freq: 28.0 	 Demand: 4080
	Edge: 369 <--> 370 	 Freq: 7.0 	 Demand: 510

Day 25, number of edges 2, number of routes 1

	Edges:

	Edge: 14 <--> 15 	 Freq: 7.0 	 Demand: 374
	Edge: 133 <--> 134 	 Freq: 14.0 	 Demand: 1020

	Routes:

	Route: 1
	Route length (11202.0) and demand (1394)
	Edge: 14 <--> 15 	 Freq: 7.0 	 Demand: 374
	Edge: 133 <--> 134 	 Freq: 14.0 	 Demand: 1020

Day 26, number of edges 0, number of routes 0

	Edges:


	Routes:


Day 27, number of edges 0, number of routes 0

	Edges:


	Routes:





Phase 1 ended! Current time: 2026-08-09 01:34:51.412465
Phase 1 Report:
Iteration count: 1
Last iteration time: 0.0
Average iteration time: 0.0
Current score: 3542118.0


Phase 2 (only move_services) mid-report:
Iteration count: 1
Last iteration time: 0.046875715255737305
Average iteration time: 0.046875715255737305
Current score: 3542118.0


Phase 2 (only move_services) ended! Current time: 2026-08-09 01:34:51.834343
Phase 2 (only move_services) Report:
Iteration count: 1
Last iteration time: 0.046875715255737305
Average iteration time: 0.046875715255737305
Current score: 3542118.0


Phase 3 (using only swap_services) mid-report:
Iteration count: 1
Last iteration time: 0.171875
Average iteration time: 0.171875
Current score: 3542070.0


Phase 3 (using only swap_services) ended! Current time: 2026-08-09 01:34:56.912467
Phase 3 (using only swap_services) Report:
Iteration count: 2
Last iteration time: 0.0468747615814209
Average iteration time: 0.10937488079071045
Current score: 3542070.0


Phase 4 (routing operators) mid-report:
Current day: 0
Iteration count: 1
Last iteration time: 0.0
Average iteration time: 0.0
Current score: 3542070.0


Phase 4 (routing operators) day 0 ended!
Phase 4 (routing operators) day report:
Current Iteration count: 1
Last iteration time: 0.0
Average iteration time: 0.0
Current score: 3542070.0


Phase 4 (routing operators) day 1 ended!
Phase 4 (routing operators) day report:
Current Iteration count: 2
Last iteration time: 0.0
Average iteration time: 0.0
Current score: 3542070.0


Phase 4 (routing operators) day 2 ended!
Phase 4 (routing operators) day report:
Current Iteration count: 3
Last iteration time: 0.0
Average iteration time: 0.0
Current score: 3542070.0


Phase 4 (routing operators) day 3 ended!
Phase 4 (routing operators) day report:
Current Iteration count: 4
Last iteration time: 0.0
Average iteration time: 0.0
Current score: 3542070.0


Phase 4 (routing operators) day 4 ended!
Phase 4 (routing operators) day report:
Current Iteration count: 5
Last iteration time: 0.0
Average iteration time: 0.0
Current score: 3542070.0


Phase 4 (routing operators) day 7 ended!
Phase 4 (routing operators) day report:
Current Iteration count: 6
Last iteration time: 0.0
Average iteration time: 0.0
Current score: 3542070.0


Phase 4 (routing operators) day 8 ended!
Phase 4 (routing operators) day report:
Current Iteration count: 7
Last iteration time: 0.0
Average iteration time: 0.0
Current score: 3542070.0


Phase 4 (routing operators) day 9 ended!
Phase 4 (routing operators) day report:
Current Iteration count: 8
Last iteration time: 0.0
Average iteration time: 0.0
Current score: 3542070.0


Phase 4 (routing operators) day 10 ended!
Phase 4 (routing operators) day report:
Current Iteration count: 9
Last iteration time: 0.0
Average iteration time: 0.0
Current score: 3542070.0


Phase 4 (routing operators) day 11 ended!
Phase 4 (routing operators) day report:
Current Iteration count: 10
Last iteration time: 0.0
Average iteration time: 0.0
Current score: 3542070.0


Phase 4 (routing operators) day 14 ended!
Phase 4 (routing operators) day report:
Current Iteration count: 11
Last iteration time: 0.0
Average iteration time: 0.0
Current score: 3542070.0


Phase 4 (routing operators) day 15 ended!
Phase 4 (routing operators) day report:
Current Iteration count: 12
Last iteration time: 0.0
Average iteration time: 0.0
Current score: 3542070.0


Phase 4 (routing operators) day 16 ended!
Phase 4 (routing operators) day report:
Current Iteration count: 13
Last iteration time: 0.0
Average iteration time: 0.0
Current score: 3542070.0


Phase 4 (routing operators) day 17 ended!
Phase 4 (routing operators) day report:
Current Iteration count: 14
Last iteration time: 0.0
Average iteration time: 0.0
Current score: 3542070.0


Phase 4 (routing operators) day 18 ended!
Phase 4 (routing operators) day report:
Current Iteration count: 15
Last iteration time: 0.0
Average iteration time: 0.0
Current score: 3542070.0


Phase 4 (routing operators) day 21 ended!
Phase 4 (routing operators) day report:
Current Iteration count: 16
Last iteration time: 0.0
Average iteration time: 0.0
Current score: 3542070.0


Phase 4 (routing operators) day 22 ended!
Phase 4 (routing operators) day report:
Current Iteration count: 17
Last iteration time: 0.0
Average iteration time: 0.0
Current score: 3542070.0


Phase 4 (routing operators) day 23 ended!
Phase 4 (routing operators) day report:
Current Iteration count: 18
Last iteration time: 0.0
Average iteration time: 0.0
Current score: 3542070.0


Phase 4 (routing operators) day 24 ended!
Phase 4 (routing operators) day report:
Current Iteration count: 19
Last iteration time: 0.0
Average iteration time: 0.0
Current score: 3542070.0


Phase 4 (routing operators) day 25 ended!
Phase 4 (routing operators) day report:
Current Iteration count: 20
Last iteration time: 0.0
Average iteration time: 0.0
Current score: 3542070.0


Phase 4 (routing operators) ended! Current time: 2026-08-09 01:34:58.209341
Phase 4 (routing operators) Report:
Iteration count: 20
Last iteration time: 0.0
Average iteration time: 0.0
Current score: 3542070.0


Local search report:
Iteration count: 2 iterations
Last iteration time: 6.796876907348633 seconds
Iteration average time: 10.078122973442078 seconds
Current score: 3542070.0

Phase 1 ended! Current time: 2026-08-09 01:34:58.224964
Phase 1 Report:
Iteration count: 1
Last iteration time: 0.0
Average iteration time: 0.0
Current score: 3542070.0


Phase 2 (only move_services) mid-report:
Iteration count: 1
Last iteration time: 0.09375357627868652
Average iteration time: 0.09375357627868652
Current score: 3542070.0


Phase 2 (only move_services) ended! Current time: 2026-08-09 01:34:58.709346
Phase 2 (only move_services) Report:
Iteration count: 1
Last iteration time: 0.09375357627868652
Average iteration time: 0.09375357627868652
Current score: 3542070.0


Phase 3 (using only swap_services) mid-report:
Iteration count: 1
Last iteration time: 0.04687237739562988
Average iteration time: 0.04687237739562988
Current score: 3542070.0


Phase 3 (using only swap_services) ended! Current time: 2026-08-09 01:35:04.318716
Phase 3 (using only swap_services) Report:
Iteration count: 1
Last iteration time: 0.04687237739562988
Average iteration time: 0.04687237739562988
Current score: 3542070.0


Phase 4 (routing operators) mid-report:
Current day: 0
Iteration count: 1
Last iteration time: 0.0
Average iteration time: 0.0
Current score: 3542070.0


Phase 4 (routing operators) day 0 ended!
Phase 4 (routing operators) day report:
Current Iteration count: 1
Last iteration time: 0.0
Average iteration time: 0.0
Current score: 3542070.0


Phase 4 (routing operators) day 1 ended!
Phase 4 (routing operators) day report:
Current Iteration count: 2
Last iteration time: 0.0
Average iteration time: 0.0
Current score: 3542070.0


Phase 4 (routing operators) day 2 ended!
Phase 4 (routing operators) day report:
Current Iteration count: 3
Last iteration time: 0.0
Average iteration time: 0.0
Current score: 3542070.0


Phase 4 (routing operators) day 3 ended!
Phase 4 (routing operators) day report:
Current Iteration count: 4
Last iteration time: 0.0
Average iteration time: 0.0
Current score: 3542070.0


Phase 4 (routing operators) day 4 ended!
Phase 4 (routing operators) day report:
Current Iteration count: 5
Last iteration time: 0.0
Average iteration time: 0.0
Current score: 3542070.0


Phase 4 (routing operators) day 7 ended!
Phase 4 (routing operators) day report:
Current Iteration count: 6
Last iteration time: 0.0
Average iteration time: 0.0
Current score: 3542070.0


Phase 4 (routing operators) day 8 ended!
Phase 4 (routing operators) day report:
Current Iteration count: 7
Last iteration time: 0.0
Average iteration time: 0.0
Current score: 3542070.0


Phase 4 (routing operators) day 9 ended!
Phase 4 (routing operators) day report:
Current Iteration count: 8
Last iteration time: 0.015625476837158203
Average iteration time: 0.0019531846046447754
Current score: 3542070.0


Phase 4 (routing operators) day 10 ended!
Phase 4 (routing operators) day report:
Current Iteration count: 9
Last iteration time: 0.0
Average iteration time: 0.0017361640930175781
Current score: 3542070.0


Phase 4 (routing operators) day 11 ended!
Phase 4 (routing operators) day report:
Current Iteration count: 10
Last iteration time: 0.0
Average iteration time: 0.0015625476837158204
Current score: 3542070.0


Phase 4 (routing operators) day 14 ended!
Phase 4 (routing operators) day report:
Current Iteration count: 11
Last iteration time: 0.0
Average iteration time: 0.0014204978942871094
Current score: 3542070.0


Phase 4 (routing operators) day 15 ended!
Phase 4 (routing operators) day report:
Current Iteration count: 12
Last iteration time: 0.0
Average iteration time: 0.0013021230697631836
Current score: 3542070.0


Phase 4 (routing operators) day 16 ended!
Phase 4 (routing operators) day report:
Current Iteration count: 13
Last iteration time: 0.0
Average iteration time: 0.0012019597567044771
Current score: 3542070.0


Phase 4 (routing operators) day 17 ended!
Phase 4 (routing operators) day report:
Current Iteration count: 14
Last iteration time: 0.0
Average iteration time: 0.0011161054883684432
Current score: 3542070.0


Phase 4 (routing operators) day 18 ended!
Phase 4 (routing operators) day report:
Current Iteration count: 15
Last iteration time: 0.0
Average iteration time: 0.0010416984558105468
Current score: 3542070.0


Phase 4 (routing operators) day 21 ended!
Phase 4 (routing operators) day report:
Current Iteration count: 16
Last iteration time: 0.0
Average iteration time: 0.0009765923023223877
Current score: 3542070.0


Phase 4 (routing operators) day 22 ended!
Phase 4 (routing operators) day report:
Current Iteration count: 17
Last iteration time: 0.0
Average iteration time: 0.0009191456963034237
Current score: 3542070.0


Phase 4 (routing operators) day 23 ended!
Phase 4 (routing operators) day report:
Current Iteration count: 18
Last iteration time: 0.0
Average iteration time: 0.0008680820465087891
Current score: 3542070.0


Phase 4 (routing operators) day 24 ended!
Phase 4 (routing operators) day report:
Current Iteration count: 19
Last iteration time: 0.0
Average iteration time: 0.0008223935177451686
Current score: 3542070.0


Phase 4 (routing operators) day 25 ended!
Phase 4 (routing operators) day report:
Current Iteration count: 20
Last iteration time: 0.0
Average iteration time: 0.0007812738418579102
Current score: 3542070.0


Phase 4 (routing operators) ended! Current time: 2026-08-09 01:35:05.662464
Phase 4 (routing operators) Report:
Iteration count: 20
Last iteration time: 0.0
Average iteration time: 0.0007812738418579102
Current score: 3542070.0


Local search report:
Iteration count: 3 iterations
Last iteration time: 7.453122854232788 seconds
Iteration average time: 9.203122933705647 seconds
Current score: 3542070.0

Local search ended after 3 iterations.
Last iteration time: 7.453122854232788 seconds
Iteration average time: 9.203122933705647 seconds
Original score: 113598092.0
Current score: 3542070.0

----- MARKER - SOLUTION PRINTED BELOW -------

Day 0, number of edges 36, number of routes 2

	Edges:

	Edge: 99 <--> 100 	 Freq: 28.0 	 Demand: 204
	Edge: 220 <--> 221 	 Freq: 28.0 	 Demand: 204
	Edge: 429 <--> 430 	 Freq: 28.0 	 Demand: 408
	Edge: 646 <--> 647 	 Freq: 28.0 	 Demand: 408
	Edge: 648 <--> 649 	 Freq: 28.0 	 Demand: 510
	Edge: 283 <--> 284 	 Freq: 28.0 	 Demand: 204
	Edge: 631 <--> 632 	 Freq: 28.0 	 Demand: 408
	Edge: 546 <--> 547 	 Freq: 28.0 	 Demand: 204
	Edge: 513 <--> 514 	 Freq: 28.0 	 Demand: 510
	Edge: 707 <--> 706 	 Freq: 28.0 	 Demand: 408
	Edge: 705 <--> 706 	 Freq: 28.0 	 Demand: 510
	Edge: 703 <--> 704 	 Freq: 28.0 	 Demand: 2040
	Edge: 415 <--> 536 	 Freq: 28.0 	 Demand: 1020
	Edge: 538 <--> 735 	 Freq: 28.0 	 Demand: 204
	Edge: 538 <--> 394 	 Freq: 28.0 	 Demand: 714
	Edge: 566 <--> 567 	 Freq: 28.0 	 Demand: 714
	Edge: 232 <--> 585 	 Freq: 28.0 	 Demand: 408
	Edge: 235 <--> 237 	 Freq: 28.0 	 Demand: 510
	Edge: 236 <--> 234 	 Freq: 28.0 	 Demand: 510
	Edge: 472 <--> 453 	 Freq: 28.0 	 Demand: 612
	Edge: 456 <--> 452 	 Freq: 28.0 	 Demand: 1530
	Edge: 452 <--> 453 	 Freq: 28.0 	 Demand: 510
	Edge: 450 <--> 451 	 Freq: 28.0 	 Demand: 1224
	Edge: 455 <--> 462 	 Freq: 28.0 	 Demand: 1020
	Edge: 420 <--> 421 	 Freq: 28.0 	 Demand: 918
	Edge: 323 <--> 324 	 Freq: 28.0 	 Demand: 1020
	Edge: 725 <--> 653 	 Freq: 28.0 	 Demand: 1020
	Edge: 267 <--> 17 	 Freq: 28.0 	 Demand: 408
	Edge: 741 <--> 742 	 Freq: 28.0 	 Demand: 204
	Edge: 650 <--> 314 	 Freq: 28.0 	 Demand: 714
	Edge: 367 <--> 368 	 Freq: 28.0 	 Demand: 408
	Edge: 386 <--> 387 	 Freq: 28.0 	 Demand: 510
	Edge: 408 <--> 409 	 Freq: 28.0 	 Demand: 408
	Edge: 132 <--> 134 	 Freq: 14.0 	 Demand: 510
	Edge: 131 <--> 132 	 Freq: 14.0 	 Demand: 1020
	Edge: 135 <--> 132 	 Freq: 14.0 	 Demand: 510

	Routes:

	Route: 1
	Route length (57083.0) and demand (11934)
	Edge: 232 <--> 585 	 Freq: 28.0 	 Demand: 408
	Edge: 236 <--> 234 	 Freq: 28.0 	 Demand: 510
	Edge: 235 <--> 237 	 Freq: 28.0 	 Demand: 510
	Edge: 472 <--> 453 	 Freq: 28.0 	 Demand: 612
	Edge: 452 <--> 453 	 Freq: 28.0 	 Demand: 510
	Edge: 456 <--> 452 	 Freq: 28.0 	 Demand: 1530
	Edge: 455 <--> 462 	 Freq: 28.0 	 Demand: 1020
	Edge: 450 <--> 451 	 Freq: 28.0 	 Demand: 1224
	Edge: 420 <--> 421 	 Freq: 28.0 	 Demand: 918
	Edge: 323 <--> 324 	 Freq: 28.0 	 Demand: 1020
	Edge: 725 <--> 653 	 Freq: 28.0 	 Demand: 1020
	Edge: 267 <--> 17 	 Freq: 28.0 	 Demand: 408
	Edge: 741 <--> 742 	 Freq: 28.0 	 Demand: 204
	Edge: 650 <--> 314 	 Freq: 28.0 	 Demand: 714
	Edge: 367 <--> 368 	 Freq: 28.0 	 Demand: 408
	Edge: 386 <--> 387 	 Freq: 28.0 	 Demand: 510
	Edge: 408 <--> 409 	 Freq: 28.0 	 Demand: 408
	Route: 2
	Route length (22700.0) and demand (10710)
	Edge: 99 <--> 100 	 Freq: 28.0 	 Demand: 204
	Edge: 220 <--> 221 	 Freq: 28.0 	 Demand: 204
	Edge: 429 <--> 430 	 Freq: 28.0 	 Demand: 408
	Edge: 646 <--> 647 	 Freq: 28.0 	 Demand: 408
	Edge: 648 <--> 649 	 Freq: 28.0 	 Demand: 510
	Edge: 283 <--> 284 	 Freq: 28.0 	 Demand: 204
	Edge: 132 <--> 134 	 Freq: 14.0 	 Demand: 510
	Edge: 131 <--> 132 	 Freq: 14.0 	 Demand: 1020
	Edge: 135 <--> 132 	 Freq: 14.0 	 Demand: 510
	Edge: 631 <--> 632 	 Freq: 28.0 	 Demand: 408
	Edge: 546 <--> 547 	 Freq: 28.0 	 Demand: 204
	Edge: 513 <--> 514 	 Freq: 28.0 	 Demand: 510
	Edge: 707 <--> 706 	 Freq: 28.0 	 Demand: 408
	Edge: 705 <--> 706 	 Freq: 28.0 	 Demand: 510
	Edge: 703 <--> 704 	 Freq: 28.0 	 Demand: 2040
	Edge: 415 <--> 536 	 Freq: 28.0 	 Demand: 1020
	Edge: 538 <--> 394 	 Freq: 28.0 	 Demand: 714
	Edge: 538 <--> 735 	 Freq: 28.0 	 Demand: 204
	Edge: 566 <--> 567 	 Freq: 28.0 	 Demand: 714

Day 1, number of edges 32, number of routes 2

	Edges:

	Edge: 371 <--> 366 	 Freq: 28.0 	 Demand: 204
	Edge: 598 <--> 268 	 Freq: 28.0 	 Demand: 204
	Edge: 75 <--> 76 	 Freq: 28.0 	 Demand: 4080
	Edge: 260 <--> 79 	 Freq: 28.0 	 Demand: 510
	Edge: 129 <--> 130 	 Freq: 28.0 	 Demand: 1020
	Edge: 596 <--> 595 	 Freq: 28.0 	 Demand: 408
	Edge: 604 <--> 713 	 Freq: 28.0 	 Demand: 204
	Edge: 713 <--> 710 	 Freq: 28.0 	 Demand: 204
	Edge: 747 <--> 748 	 Freq: 28.0 	 Demand: 816
	Edge: 761 <--> 760 	 Freq: 28.0 	 Demand: 510
	Edge: 762 <--> 763 	 Freq: 28.0 	 Demand: 510
	Edge: 448 <--> 449 	 Freq: 28.0 	 Demand: 714
	Edge: 449 <--> 729 	 Freq: 28.0 	 Demand: 408
	Edge: 517 <--> 518 	 Freq: 28.0 	 Demand: 714
	Edge: 541 <--> 542 	 Freq: 28.0 	 Demand: 204
	Edge: 751 <--> 749 	 Freq: 28.0 	 Demand: 408
	Edge: 757 <--> 758 	 Freq: 28.0 	 Demand: 816
	Edge: 138 <--> 242 	 Freq: 28.0 	 Demand: 714
	Edge: 720 <--> 721 	 Freq: 28.0 	 Demand: 510
	Edge: 136 <--> 137 	 Freq: 28.0 	 Demand: 1020
	Edge: 90 <--> 91 	 Freq: 28.0 	 Demand: 510
	Edge: 665 <--> 663 	 Freq: 28.0 	 Demand: 510
	Edge: 731 <--> 732 	 Freq: 28.0 	 Demand: 408
	Edge: 734 <--> 320 	 Freq: 28.0 	 Demand: 510
	Edge: 432 <--> 433 	 Freq: 28.0 	 Demand: 816
	Edge: 504 <--> 511 	 Freq: 28.0 	 Demand: 510
	Edge: 361 <--> 362 	 Freq: 28.0 	 Demand: 612
	Edge: 477 <--> 478 	 Freq: 28.0 	 Demand: 1428
	Edge: 523 <--> 524 	 Freq: 28.0 	 Demand: 1428
	Edge: 506 <--> 508 	 Freq: 14.0 	 Demand: 2040
	Edge: 662 <--> 663 	 Freq: 28.0 	 Demand: 408
	Edge: 669 <--> 668 	 Freq: 28.0 	 Demand: 510

	Routes:

	Route: 1
	Route length (46024.0) and demand (11934)
	Edge: 371 <--> 366 	 Freq: 28.0 	 Demand: 204
	Edge: 598 <--> 268 	 Freq: 28.0 	 Demand: 204
	Edge: 75 <--> 76 	 Freq: 28.0 	 Demand: 4080
	Edge: 260 <--> 79 	 Freq: 28.0 	 Demand: 510
	Edge: 129 <--> 130 	 Freq: 28.0 	 Demand: 1020
	Edge: 596 <--> 595 	 Freq: 28.0 	 Demand: 408
	Edge: 604 <--> 713 	 Freq: 28.0 	 Demand: 204
	Edge: 713 <--> 710 	 Freq: 28.0 	 Demand: 204
	Edge: 747 <--> 748 	 Freq: 28.0 	 Demand: 816
	Edge: 449 <--> 729 	 Freq: 28.0 	 Demand: 408
	Edge: 448 <--> 449 	 Freq: 28.0 	 Demand: 714
	Edge: 761 <--> 760 	 Freq: 28.0 	 Demand: 510
	Edge: 762 <--> 763 	 Freq: 28.0 	 Demand: 510
	Edge: 517 <--> 518 	 Freq: 28.0 	 Demand: 714
	Edge: 541 <--> 542 	 Freq: 28.0 	 Demand: 204
	Edge: 751 <--> 749 	 Freq: 28.0 	 Demand: 408
	Edge: 757 <--> 758 	 Freq: 28.0 	 Demand: 816
	Route: 2
	Route length (30752.0) and demand (11934)
	Edge: 138 <--> 242 	 Freq: 28.0 	 Demand: 714
	Edge: 720 <--> 721 	 Freq: 28.0 	 Demand: 510
	Edge: 136 <--> 137 	 Freq: 28.0 	 Demand: 1020
	Edge: 90 <--> 91 	 Freq: 28.0 	 Demand: 510
	Edge: 523 <--> 524 	 Freq: 28.0 	 Demand: 1428
	Edge: 669 <--> 668 	 Freq: 28.0 	 Demand: 510
	Edge: 662 <--> 663 	 Freq: 28.0 	 Demand: 408
	Edge: 665 <--> 663 	 Freq: 28.0 	 Demand: 510
	Edge: 731 <--> 732 	 Freq: 28.0 	 Demand: 408
	Edge: 734 <--> 320 	 Freq: 28.0 	 Demand: 510
	Edge: 506 <--> 508 	 Freq: 14.0 	 Demand: 2040
	Edge: 504 <--> 511 	 Freq: 28.0 	 Demand: 510
	Edge: 361 <--> 362 	 Freq: 28.0 	 Demand: 612
	Edge: 432 <--> 433 	 Freq: 28.0 	 Demand: 816
	Edge: 477 <--> 478 	 Freq: 28.0 	 Demand: 1428

Day 2, number of edges 29, number of routes 2

	Edges:

	Edge: 663 <--> 664 	 Freq: 28.0 	 Demand: 1020
	Edge: 491 <--> 492 	 Freq: 28.0 	 Demand: 1428
	Edge: 493 <--> 494 	 Freq: 28.0 	 Demand: 408
	Edge: 737 <--> 738 	 Freq: 28.0 	 Demand: 510
	Edge: 107 <--> 108 	 Freq: 28.0 	 Demand: 1020
	Edge: 384 <--> 298 	 Freq: 28.0 	 Demand: 510
	Edge: 338 <--> 339 	 Freq: 28.0 	 Demand: 612
	Edge: 736 <--> 341 	 Freq: 28.0 	 Demand: 204
	Edge: 474 <--> 473 	 Freq: 28.0 	 Demand: 2040
	Edge: 460 <--> 461 	 Freq: 28.0 	 Demand: 408
	Edge: 402 <--> 403 	 Freq: 28.0 	 Demand: 1428
	Edge: 255 <--> 256 	 Freq: 28.0 	 Demand: 408
	Edge: 34 <--> 35 	 Freq: 28.0 	 Demand: 1428
	Edge: 212 <--> 213 	 Freq: 28.0 	 Demand: 204
	Edge: 671 <--> 672 	 Freq: 28.0 	 Demand: 714
	Edge: 593 <--> 594 	 Freq: 28.0 	 Demand: 510
	Edge: 173 <--> 174 	 Freq: 28.0 	 Demand: 510
	Edge: 342 <--> 343 	 Freq: 28.0 	 Demand: 1224
	Edge: 380 <--> 344 	 Freq: 28.0 	 Demand: 510
	Edge: 374 <--> 375 	 Freq: 28.0 	 Demand: 510
	Edge: 316 <--> 317 	 Freq: 28.0 	 Demand: 408
	Edge: 21 <--> 20 	 Freq: 28.0 	 Demand: 204
	Edge: 635 <--> 636 	 Freq: 28.0 	 Demand: 510
	Edge: 326 <--> 328 	 Freq: 28.0 	 Demand: 204
	Edge: 357 <--> 353 	 Freq: 28.0 	 Demand: 204
	Edge: 400 <--> 401 	 Freq: 28.0 	 Demand: 204
	Edge: 161 <--> 162 	 Freq: 28.0 	 Demand: 816
	Edge: 378 <--> 379 	 Freq: 14.0 	 Demand: 3060
	Edge: 512 <--> 507 	 Freq: 7.0 	 Demand: 510

	Routes:

	Route: 1
	Route length (63496.0) and demand (11832)
	Edge: 491 <--> 492 	 Freq: 28.0 	 Demand: 1428
	Edge: 493 <--> 494 	 Freq: 28.0 	 Demand: 408
	Edge: 512 <--> 507 	 Freq: 7.0 	 Demand: 510
	Edge: 338 <--> 339 	 Freq: 28.0 	 Demand: 612
	Edge: 736 <--> 341 	 Freq: 28.0 	 Demand: 204
	Edge: 384 <--> 298 	 Freq: 28.0 	 Demand: 510
	Edge: 107 <--> 108 	 Freq: 28.0 	 Demand: 1020
	Edge: 737 <--> 738 	 Freq: 28.0 	 Demand: 510
	Edge: 474 <--> 473 	 Freq: 28.0 	 Demand: 2040
	Edge: 460 <--> 461 	 Freq: 28.0 	 Demand: 408
	Edge: 402 <--> 403 	 Freq: 28.0 	 Demand: 1428
	Edge: 34 <--> 35 	 Freq: 28.0 	 Demand: 1428
	Edge: 255 <--> 256 	 Freq: 28.0 	 Demand: 408
	Edge: 212 <--> 213 	 Freq: 28.0 	 Demand: 204
	Edge: 671 <--> 672 	 Freq: 28.0 	 Demand: 714
	Route: 2
	Route length (30043.0) and demand (9894)
	Edge: 173 <--> 174 	 Freq: 28.0 	 Demand: 510
	Edge: 663 <--> 664 	 Freq: 28.0 	 Demand: 1020
	Edge: 374 <--> 375 	 Freq: 28.0 	 Demand: 510
	Edge: 342 <--> 343 	 Freq: 28.0 	 Demand: 1224
	Edge: 380 <--> 344 	 Freq: 28.0 	 Demand: 510
	Edge: 378 <--> 379 	 Freq: 14.0 	 Demand: 3060
	Edge: 593 <--> 594 	 Freq: 28.0 	 Demand: 510
	Edge: 316 <--> 317 	 Freq: 28.0 	 Demand: 408
	Edge: 21 <--> 20 	 Freq: 28.0 	 Demand: 204
	Edge: 635 <--> 636 	 Freq: 28.0 	 Demand: 510
	Edge: 326 <--> 328 	 Freq: 28.0 	 Demand: 204
	Edge: 357 <--> 353 	 Freq: 28.0 	 Demand: 204
	Edge: 400 <--> 401 	 Freq: 28.0 	 Demand: 204
	Edge: 161 <--> 162 	 Freq: 28.0 	 Demand: 816

Day 3, number of edges 26, number of routes 3

	Edges:

	Edge: 389 <--> 14 	 Freq: 28.0 	 Demand: 204
	Edge: 676 <--> 679 	 Freq: 28.0 	 Demand: 408
	Edge: 394 <--> 719 	 Freq: 28.0 	 Demand: 1224
	Edge: 336 <--> 337 	 Freq: 28.0 	 Demand: 1020
	Edge: 331 <--> 675 	 Freq: 28.0 	 Demand: 510
	Edge: 334 <--> 335 	 Freq: 28.0 	 Demand: 510
	Edge: 654 <--> 655 	 Freq: 28.0 	 Demand: 408
	Edge: 329 <--> 330 	 Freq: 28.0 	 Demand: 2040
	Edge: 614 <--> 615 	 Freq: 28.0 	 Demand: 3536
	Edge: 410 <--> 414 	 Freq: 28.0 	 Demand: 510
	Edge: 411 <--> 412 	 Freq: 28.0 	 Demand: 510
	Edge: 210 <--> 209 	 Freq: 28.0 	 Demand: 510
	Edge: 200 <--> 201 	 Freq: 28.0 	 Demand: 510
	Edge: 69 <--> 70 	 Freq: 28.0 	 Demand: 510
	Edge: 246 <--> 247 	 Freq: 28.0 	 Demand: 510
	Edge: 310 <--> 308 	 Freq: 28.0 	 Demand: 3690
	Edge: 280 <--> 281 	 Freq: 28.0 	 Demand: 3984
	Edge: 311 <--> 312 	 Freq: 28.0 	 Demand: 408
	Edge: 487 <--> 483 	 Freq: 28.0 	 Demand: 510
	Edge: 485 <--> 486 	 Freq: 28.0 	 Demand: 510
	Edge: 197 <--> 198 	 Freq: 28.0 	 Demand: 204
	Edge: 4 <--> 5 	 Freq: 28.0 	 Demand: 204
	Edge: 2 <--> 3 	 Freq: 28.0 	 Demand: 510
	Edge: 6 <--> 7 	 Freq: 28.0 	 Demand: 204
	Edge: 618 <--> 619 	 Freq: 7.0 	 Demand: 510
	Edge: 14 <--> 15 	 Freq: 7.0 	 Demand: 374

	Routes:

	Route: 1
	Route length (6966.0) and demand (374)
	Edge: 14 <--> 15 	 Freq: 7.0 	 Demand: 374
	Route: 2
	Route length (14938.0) and demand (11754)
	Edge: 4 <--> 5 	 Freq: 28.0 	 Demand: 204
	Edge: 2 <--> 3 	 Freq: 28.0 	 Demand: 510
	Edge: 6 <--> 7 	 Freq: 28.0 	 Demand: 204
	Edge: 197 <--> 198 	 Freq: 28.0 	 Demand: 204
	Edge: 485 <--> 486 	 Freq: 28.0 	 Demand: 510
	Edge: 487 <--> 483 	 Freq: 28.0 	 Demand: 510
	Edge: 311 <--> 312 	 Freq: 28.0 	 Demand: 408
	Edge: 280 <--> 281 	 Freq: 28.0 	 Demand: 3984
	Edge: 310 <--> 308 	 Freq: 28.0 	 Demand: 3690
	Edge: 246 <--> 247 	 Freq: 28.0 	 Demand: 510
	Edge: 69 <--> 70 	 Freq: 28.0 	 Demand: 510
	Edge: 618 <--> 619 	 Freq: 7.0 	 Demand: 510
	Route: 3
	Route length (10478.0) and demand (11900)
	Edge: 389 <--> 14 	 Freq: 28.0 	 Demand: 204
	Edge: 676 <--> 679 	 Freq: 28.0 	 Demand: 408
	Edge: 394 <--> 719 	 Freq: 28.0 	 Demand: 1224
	Edge: 336 <--> 337 	 Freq: 28.0 	 Demand: 1020
	Edge: 331 <--> 675 	 Freq: 28.0 	 Demand: 510
	Edge: 654 <--> 655 	 Freq: 28.0 	 Demand: 408
	Edge: 329 <--> 330 	 Freq: 28.0 	 Demand: 2040
	Edge: 334 <--> 335 	 Freq: 28.0 	 Demand: 510
	Edge: 614 <--> 615 	 Freq: 28.0 	 Demand: 3536
	Edge: 410 <--> 414 	 Freq: 28.0 	 Demand: 510
	Edge: 411 <--> 412 	 Freq: 28.0 	 Demand: 510
	Edge: 200 <--> 201 	 Freq: 28.0 	 Demand: 510
	Edge: 210 <--> 209 	 Freq: 28.0 	 Demand: 510

Day 4, number of edges 18, number of routes 2

	Edges:

	Edge: 13 <--> 112 	 Freq: 28.0 	 Demand: 1530
	Edge: 391 <--> 392 	 Freq: 28.0 	 Demand: 2040
	Edge: 252 <--> 250 	 Freq: 28.0 	 Demand: 204
	Edge: 253 <--> 252 	 Freq: 28.0 	 Demand: 510
	Edge: 621 <--> 622 	 Freq: 28.0 	 Demand: 1020
	Edge: 40 <--> 41 	 Freq: 28.0 	 Demand: 1530
	Edge: 42 <--> 43 	 Freq: 28.0 	 Demand: 1530
	Edge: 31 <--> 32 	 Freq: 28.0 	 Demand: 2040
	Edge: 550 <--> 548 	 Freq: 28.0 	 Demand: 612
	Edge: 557 <--> 556 	 Freq: 28.0 	 Demand: 510
	Edge: 561 <--> 562 	 Freq: 28.0 	 Demand: 1020
	Edge: 53 <--> 54 	 Freq: 28.0 	 Demand: 510
	Edge: 559 <--> 560 	 Freq: 28.0 	 Demand: 4080
	Edge: 369 <--> 370 	 Freq: 7.0 	 Demand: 510
	Edge: 562 <--> 565 	 Freq: 28.0 	 Demand: 510
	Edge: 670 <--> 667 	 Freq: 28.0 	 Demand: 204
	Edge: 666 <--> 667 	 Freq: 28.0 	 Demand: 408
	Edge: 46 <--> 47 	 Freq: 28.0 	 Demand: 4080

	Routes:

	Route: 1
	Route length (8683.0) and demand (11526)
	Edge: 13 <--> 112 	 Freq: 28.0 	 Demand: 1530
	Edge: 252 <--> 250 	 Freq: 28.0 	 Demand: 204
	Edge: 253 <--> 252 	 Freq: 28.0 	 Demand: 510
	Edge: 621 <--> 622 	 Freq: 28.0 	 Demand: 1020
	Edge: 40 <--> 41 	 Freq: 28.0 	 Demand: 1530
	Edge: 42 <--> 43 	 Freq: 28.0 	 Demand: 1530
	Edge: 31 <--> 32 	 Freq: 28.0 	 Demand: 2040
	Edge: 391 <--> 392 	 Freq: 28.0 	 Demand: 2040
	Edge: 550 <--> 548 	 Freq: 28.0 	 Demand: 612
	Edge: 557 <--> 556 	 Freq: 28.0 	 Demand: 510
	Route: 2
	Route length (6419.0) and demand (11322)
	Edge: 46 <--> 47 	 Freq: 28.0 	 Demand: 4080
	Edge: 53 <--> 54 	 Freq: 28.0 	 Demand: 510
	Edge: 559 <--> 560 	 Freq: 28.0 	 Demand: 4080
	Edge: 561 <--> 562 	 Freq: 28.0 	 Demand: 1020
	Edge: 562 <--> 565 	 Freq: 28.0 	 Demand: 510
	Edge: 369 <--> 370 	 Freq: 7.0 	 Demand: 510
	Edge: 666 <--> 667 	 Freq: 28.0 	 Demand: 408
	Edge: 670 <--> 667 	 Freq: 28.0 	 Demand: 204

Day 5, number of edges 0, number of routes 0

	Edges:


	Routes:


Day 6, number of edges 0, number of routes 0

	Edges:


	Routes:


Day 7, number of edges 12, number of routes 2

	Edges:

	Edge: 690 <--> 691 	 Freq: 28.0 	 Demand: 408
	Edge: 752 <--> 753 	 Freq: 28.0 	 Demand: 1836
	Edge: 57 <--> 63 	 Freq: 28.0 	 Demand: 408
	Edge: 780 <--> 488 	 Freq: 28.0 	 Demand: 3060
	Edge: 779 <--> 154 	 Freq: 28.0 	 Demand: 4208
	Edge: 606 <--> 607 	 Freq: 28.0 	 Demand: 204
	Edge: 59 <--> 64 	 Freq: 28.0 	 Demand: 1020
	Edge: 56 <--> 61 	 Freq: 28.0 	 Demand: 510
	Edge: 296 <--> 12 	 Freq: 28.0 	 Demand: 510
	Edge: 14 <--> 15 	 Freq: 28.0 	 Demand: 3978
	Edge: 14 <--> 13 	 Freq: 28.0 	 Demand: 4186
	Edge: 394 <--> 15 	 Freq: 28.0 	 Demand: 612

	Routes:

	Route: 1
	Route length (32211.0) and demand (11654)
	Edge: 690 <--> 691 	 Freq: 28.0 	 Demand: 408
	Edge: 752 <--> 753 	 Freq: 28.0 	 Demand: 1836
	Edge: 780 <--> 488 	 Freq: 28.0 	 Demand: 3060
	Edge: 57 <--> 63 	 Freq: 28.0 	 Demand: 408
	Edge: 779 <--> 154 	 Freq: 28.0 	 Demand: 4208
	Edge: 606 <--> 607 	 Freq: 28.0 	 Demand: 204
	Edge: 59 <--> 64 	 Freq: 28.0 	 Demand: 1020
	Edge: 56 <--> 61 	 Freq: 28.0 	 Demand: 510
	Route: 2
	Route length (7416.0) and demand (9286)
	Edge: 296 <--> 12 	 Freq: 28.0 	 Demand: 510
	Edge: 14 <--> 13 	 Freq: 28.0 	 Demand: 4186
	Edge: 14 <--> 15 	 Freq: 28.0 	 Demand: 3978
	Edge: 394 <--> 15 	 Freq: 28.0 	 Demand: 612

Day 8, number of edges 4, number of routes 1

	Edges:

	Edge: 699 <--> 695 	 Freq: 28.0 	 Demand: 3564
	Edge: 699 <--> 695 	 Freq: 14.0 	 Demand: 4140
	Edge: 512 <--> 507 	 Freq: 7.0 	 Demand: 510
	Edge: 781 <--> 693 	 Freq: 28.0 	 Demand: 3604

	Routes:

	Route: 1
	Route length (37434.0) and demand (11818)
	Edge: 781 <--> 693 	 Freq: 28.0 	 Demand: 3604
	Edge: 699 <--> 695 	 Freq: 14.0 	 Demand: 4140
	Edge: 699 <--> 695 	 Freq: 28.0 	 Demand: 3564
	Edge: 512 <--> 507 	 Freq: 7.0 	 Demand: 510

Day 9, number of edges 2, number of routes 1

	Edges:

	Edge: 14 <--> 15 	 Freq: 7.0 	 Demand: 374
	Edge: 133 <--> 134 	 Freq: 14.0 	 Demand: 1020

	Routes:

	Route: 1
	Route length (11202.0) and demand (1394)
	Edge: 14 <--> 15 	 Freq: 7.0 	 Demand: 374
	Edge: 133 <--> 134 	 Freq: 14.0 	 Demand: 1020

Day 10, number of edges 2, number of routes 1

	Edges:

	Edge: 618 <--> 619 	 Freq: 7.0 	 Demand: 510
	Edge: 369 <--> 370 	 Freq: 7.0 	 Demand: 510

	Routes:

	Route: 1
	Route length (8699.0) and demand (1020)
	Edge: 618 <--> 619 	 Freq: 7.0 	 Demand: 510
	Edge: 369 <--> 370 	 Freq: 7.0 	 Demand: 510

Day 11, number of edges 0, number of routes 0

	Edges:


	Routes:


Day 12, number of edges 0, number of routes 0

	Edges:


	Routes:


Day 13, number of edges 0, number of routes 0

	Edges:


	Routes:


Day 14, number of edges 2, number of routes 2

	Edges:

	Edge: 0 <--> 120 	 Freq: 28.0 	 Demand: 510
	Edge: 135 <--> 132 	 Freq: 14.0 	 Demand: 510

	Routes:

	Route: 1
	Route length (11251.0) and demand (510)
	Edge: 135 <--> 132 	 Freq: 14.0 	 Demand: 510
	Route: 2
	Route length (208.0) and demand (510)
	Edge: 0 <--> 120 	 Freq: 28.0 	 Demand: 510

Day 15, number of edges 2, number of routes 1

	Edges:

	Edge: 512 <--> 507 	 Freq: 7.0 	 Demand: 510
	Edge: 132 <--> 134 	 Freq: 14.0 	 Demand: 510

	Routes:

	Route: 1
	Route length (36039.0) and demand (1020)
	Edge: 512 <--> 507 	 Freq: 7.0 	 Demand: 510
	Edge: 132 <--> 134 	 Freq: 14.0 	 Demand: 510

Day 16, number of edges 2, number of routes 1

	Edges:

	Edge: 618 <--> 619 	 Freq: 7.0 	 Demand: 510
	Edge: 131 <--> 132 	 Freq: 14.0 	 Demand: 1020

	Routes:

	Route: 1
	Route length (12323.0) and demand (1530)
	Edge: 618 <--> 619 	 Freq: 7.0 	 Demand: 510
	Edge: 131 <--> 132 	 Freq: 14.0 	 Demand: 1020

Day 17, number of edges 6, number of routes 1

	Edges:

	Edge: 295 <--> 644 	 Freq: 28.0 	 Demand: 4180
	Edge: 609 <--> 610 	 Freq: 28.0 	 Demand: 510
	Edge: 677 <--> 678 	 Freq: 28.0 	 Demand: 510
	Edge: 506 <--> 508 	 Freq: 14.0 	 Demand: 2040
	Edge: 369 <--> 370 	 Freq: 7.0 	 Demand: 510
	Edge: 14 <--> 15 	 Freq: 7.0 	 Demand: 374

	Routes:

	Route: 1
	Route length (22606.0) and demand (8124)
	Edge: 14 <--> 15 	 Freq: 7.0 	 Demand: 374
	Edge: 677 <--> 678 	 Freq: 28.0 	 Demand: 510
	Edge: 609 <--> 610 	 Freq: 28.0 	 Demand: 510
	Edge: 295 <--> 644 	 Freq: 28.0 	 Demand: 4180
	Edge: 369 <--> 370 	 Freq: 7.0 	 Demand: 510
	Edge: 506 <--> 508 	 Freq: 14.0 	 Demand: 2040

Day 18, number of edges 1, number of routes 1

	Edges:

	Edge: 378 <--> 379 	 Freq: 14.0 	 Demand: 3060

	Routes:

	Route: 1
	Route length (4045.0) and demand (3060)
	Edge: 378 <--> 379 	 Freq: 14.0 	 Demand: 3060

Day 19, number of edges 0, number of routes 0

	Edges:


	Routes:


Day 20, number of edges 0, number of routes 0

	Edges:


	Routes:


Day 21, number of edges 1, number of routes 1

	Edges:

	Edge: 121 <--> 0 	 Freq: 28.0 	 Demand: 510

	Routes:

	Route: 1
	Route length (68.0) and demand (510)
	Edge: 121 <--> 0 	 Freq: 28.0 	 Demand: 510

Day 22, number of edges 4, number of routes 1

	Edges:

	Edge: 564 <--> 563 	 Freq: 28.0 	 Demand: 1020
	Edge: 586 <--> 591 	 Freq: 28.0 	 Demand: 510
	Edge: 592 <--> 591 	 Freq: 28.0 	 Demand: 1530
	Edge: 589 <--> 590 	 Freq: 28.0 	 Demand: 510

	Routes:

	Route: 1
	Route length (6645.0) and demand (3570)
	Edge: 564 <--> 563 	 Freq: 28.0 	 Demand: 1020
	Edge: 586 <--> 591 	 Freq: 28.0 	 Demand: 510
	Edge: 592 <--> 591 	 Freq: 28.0 	 Demand: 1530
	Edge: 589 <--> 590 	 Freq: 28.0 	 Demand: 510

Day 23, number of edges 3, number of routes 1

	Edges:

	Edge: 699 <--> 695 	 Freq: 14.0 	 Demand: 4140
	Edge: 512 <--> 507 	 Freq: 7.0 	 Demand: 510
	Edge: 618 <--> 619 	 Freq: 7.0 	 Demand: 510

	Routes:

	Route: 1
	Route length (36800.0) and demand (5160)
	Edge: 699 <--> 695 	 Freq: 14.0 	 Demand: 4140
	Edge: 618 <--> 619 	 Freq: 7.0 	 Demand: 510
	Edge: 512 <--> 507 	 Freq: 7.0 	 Demand: 510

Day 24, number of edges 3, number of routes 1

	Edges:

	Edge: 50 <--> 306 	 Freq: 28.0 	 Demand: 3892
	Edge: 369 <--> 370 	 Freq: 7.0 	 Demand: 510
	Edge: 291 <--> 49 	 Freq: 28.0 	 Demand: 510

	Routes:

	Route: 1
	Route length (6339.0) and demand (4912)
	Edge: 50 <--> 306 	 Freq: 28.0 	 Demand: 3892
	Edge: 291 <--> 49 	 Freq: 28.0 	 Demand: 510
	Edge: 369 <--> 370 	 Freq: 7.0 	 Demand: 510

Day 25, number of edges 2, number of routes 1

	Edges:

	Edge: 14 <--> 15 	 Freq: 7.0 	 Demand: 374
	Edge: 133 <--> 134 	 Freq: 14.0 	 Demand: 1020

	Routes:

	Route: 1
	Route length (11202.0) and demand (1394)
	Edge: 14 <--> 15 	 Freq: 7.0 	 Demand: 374
	Edge: 133 <--> 134 	 Freq: 14.0 	 Demand: 1020

Day 26, number of edges 0, number of routes 0

	Edges:


	Routes:


Day 27, number of edges 0, number of routes 0

	Edges:


	Routes:


----- MARKER - SOLUTION PRINTED ABOVE -------

Printing greedy algorithm time to avoid scrolling or ctrl+f
Greedy algorithm time: 0:00:00.235499 seconds
LS time: 0:00:27.609369
Greedy algorithm score: 113598092.0
LS return score: 3542070.0
Final solution score: 3542070.0
Maximum routes among all days: 3
Minimum routes among all days: 0

Penalties count:
Overloaded route count: 0
Irregular services count: 0
Irregular spacing count: 0
