Using greedy single algorithm!
Graph Data file used: SP-CARP_F17_g_graph.dat
Vehicle Data file used: SP-CARP_2-4.veh

Program starting at: 2026-08-09 01:35:07.131220
Greedy algorithm time: 0.001876 seconds
Cost of initial solution: 148278567.0
Total number of edges: 56
Number of unsatisfied edges: 36
0 edges were not serviced at all!
Running Local Search with top 50 operations according to estimation


Phase 1 mid-report:
Iteration count: 1
Last iteration time: 0.17187094688415527
Average iteration time: 0.17187094688415527
Current score: 118833064.0

Phase 1 ended! Current time: 2026-08-09 01:35:07.803089
Phase 1 Report:
Iteration count: 6
Last iteration time: 0.0
Average iteration time: 0.09635372956593831
Current score: 56556151.0


Phase 2 (only move_services) mid-report:
Iteration count: 1
Last iteration time: 0.29688048362731934
Average iteration time: 0.29688048362731934
Current score: 55556248.0


Phase 2 (only move_services) ended! Current time: 2026-08-09 01:35:13.099966
Phase 2 (only move_services) Report:
Iteration count: 27
Last iteration time: 0.06250309944152832
Average iteration time: 0.1915511201929163
Current score: 31562115.0


Phase 3 (using only swap_services) mid-report:
Iteration count: 1
Last iteration time: 0.046868085861206055
Average iteration time: 0.046868085861206055
Current score: 31562115.0


Phase 3 (using only swap_services) ended! Current time: 2026-08-09 01:35:13.318720
Phase 3 (using only swap_services) Report:
Iteration count: 1
Last iteration time: 0.046868085861206055
Average iteration time: 0.046868085861206055
Current score: 31562115.0


Phase 4 (routing operators) mid-report:
Current day: 0
Iteration count: 1
Last iteration time: 0.03125
Average iteration time: 0.03125
Current score: 31562115.0


Phase 4 (routing operators) day 0 ended!
Phase 4 (routing operators) day report:
Current Iteration count: 1
Last iteration time: 0.03125
Average iteration time: 0.03125
Current score: 31562115.0


Phase 4 (routing operators) day 1 ended!
Phase 4 (routing operators) day report:
Current Iteration count: 5
Last iteration time: 0.015622615814208984
Average iteration time: 0.024999141693115234
Current score: 31561832.0


Phase 4 (routing operators) day 2 ended!
Phase 4 (routing operators) day report:
Current Iteration count: 6
Last iteration time: 0.0
Average iteration time: 0.020832618077596027
Current score: 31561832.0


Phase 4 (routing operators) day 3 ended!
Phase 4 (routing operators) day report:
Current Iteration count: 8
Last iteration time: 0.0
Average iteration time: 0.017577856779098514
Current score: 31561823.0


Phase 4 (routing operators) day 4 ended!
Phase 4 (routing operators) day report:
Current Iteration count: 13
Last iteration time: 0.01562786102294922
Average iteration time: 0.03846155680142917
Current score: 31561112.0


Phase 4 (routing operators) day 7 ended!
Phase 4 (routing operators) day report:
Current Iteration count: 18
Last iteration time: 0.01562952995300293
Average iteration time: 0.04427103201548258
Current score: 31560146.0


Phase 4 (routing operators) day 8 ended!
Phase 4 (routing operators) day report:
Current Iteration count: 19
Last iteration time: 0.0
Average iteration time: 0.04194097769887824
Current score: 31560146.0


Phase 4 (routing operators) day 9 ended!
Phase 4 (routing operators) day report:
Current Iteration count: 23
Last iteration time: 0.01562976837158203
Average iteration time: 0.03736447251361349
Current score: 31559700.0


Phase 4 (routing operators) day 10 ended!
Phase 4 (routing operators) day report:
Current Iteration count: 26
Last iteration time: 0.0
Average iteration time: 0.037860769491929264
Current score: 31559283.0


Phase 4 (routing operators) day 11 ended!
Phase 4 (routing operators) day report:
Current Iteration count: 32
Last iteration time: 0.0
Average iteration time: 0.03564467281103133
Current score: 31558181.0


Phase 4 (routing operators) day 14 ended!
Phase 4 (routing operators) day report:
Current Iteration count: 33
Last iteration time: 0.015625
Average iteration time: 0.035038016059181894
Current score: 31558181.0


Phase 4 (routing operators) day 15 ended!
Phase 4 (routing operators) day report:
Current Iteration count: 36
Last iteration time: 0.0
Average iteration time: 0.033854391839769134
Current score: 31558025.0


Phase 4 (routing operators) day 16 ended!
Phase 4 (routing operators) day report:
Current Iteration count: 40
Last iteration time: 0.015624761581420898
Average iteration time: 0.03242205381393431
Current score: 31557579.0


Phase 4 (routing operators) day 17 ended!
Phase 4 (routing operators) day report:
Current Iteration count: 42
Last iteration time: 0.0
Average iteration time: 0.03162213734218051
Current score: 31557301.0


Phase 4 (routing operators) day 18 ended!
Phase 4 (routing operators) day report:
Current Iteration count: 49
Last iteration time: 0.0
Average iteration time: 0.029018012844786337
Current score: 31555496.0


Phase 4 (routing operators) day 21 ended!
Phase 4 (routing operators) day report:
Current Iteration count: 50
Last iteration time: 0.015620708465576172
Average iteration time: 0.028750066757202136
Current score: 31555496.0


Phase 4 (routing operators) day 22 ended!
Phase 4 (routing operators) day report:
Current Iteration count: 51
Last iteration time: 0.0
Average iteration time: 0.028186339958041307
Current score: 31555496.0


Phase 4 (routing operators) day 23 ended!
Phase 4 (routing operators) day report:
Current Iteration count: 55
Last iteration time: 0.0
Average iteration time: 0.02698869705200194
Current score: 31555050.0


Phase 4 (routing operators) day 24 ended!
Phase 4 (routing operators) day report:
Current Iteration count: 56
Last iteration time: 0.0
Average iteration time: 0.026506756033216193
Current score: 31555050.0


Phase 4 (routing operators) day 25 ended!
Phase 4 (routing operators) day report:
Current Iteration count: 61
Last iteration time: 0.015622615814208984
Average iteration time: 0.026127037454823965
Current score: 31554494.0


Phase 4 (routing operators) ended! Current time: 2026-08-09 01:35:16.037464
Phase 4 (routing operators) Report:
Iteration count: 61
Last iteration time: 0.015622615814208984
Average iteration time: 0.026127037454823965
Current score: 31554494.0


Local search report:
Iteration count: 1 iterations
Last iteration time: 8.812497615814209 seconds
Iteration average time: 8.812497615814209 seconds
Current score: 31554494.0

Solution after going through each phase once:


Day 0, number of edges 42, number of routes 9

	Edges:

	Edge: 5 <--> 6 	 Freq: 14.0 	 Demand: 2550
	Edge: 7 <--> 1 	 Freq: 14.0 	 Demand: 3825
	Edge: 17 <--> 13 	 Freq: 14.0 	 Demand: 408
	Edge: 16 <--> 27 	 Freq: 14.0 	 Demand: 2380
	Edge: 14 <--> 25 	 Freq: 28.0 	 Demand: 3162
	Edge: 7 <--> 21 	 Freq: 28.0 	 Demand: 2040
	Edge: 18 <--> 26 	 Freq: 28.0 	 Demand: 3264
	Edge: 0 <--> 9 	 Freq: 28.0 	 Demand: 3230
	Edge: 8 <--> 11 	 Freq: 28.0 	 Demand: 544
	Edge: 21 <--> 22 	 Freq: 28.0 	 Demand: 3400
	Edge: 16 <--> 27 	 Freq: 28.0 	 Demand: 1530
	Edge: 24 <--> 22 	 Freq: 28.0 	 Demand: 2890
	Edge: 25 <--> 11 	 Freq: 28.0 	 Demand: 1428
	Edge: 9 <--> 10 	 Freq: 28.0 	 Demand: 2550
	Edge: 17 <--> 13 	 Freq: 28.0 	 Demand: 408
	Edge: 2 <--> 3 	 Freq: 28.0 	 Demand: 1530
	Edge: 22 <--> 23 	 Freq: 28.0 	 Demand: 2108
	Edge: 4 <--> 3 	 Freq: 28.0 	 Demand: 2754
	Edge: 26 <--> 9 	 Freq: 28.0 	 Demand: 2890
	Edge: 12 <--> 14 	 Freq: 28.0 	 Demand: 680
	Edge: 27 <--> 26 	 Freq: 28.0 	 Demand: 4420
	Edge: 18 <--> 16 	 Freq: 28.0 	 Demand: 2448
	Edge: 8 <--> 25 	 Freq: 28.0 	 Demand: 2226
	Edge: 5 <--> 6 	 Freq: 28.0 	 Demand: 5434
	Edge: 26 <--> 9 	 Freq: 7.0 	 Demand: 6338
	Edge: 25 <--> 11 	 Freq: 7.0 	 Demand: 850
	Edge: 0 <--> 9 	 Freq: 7.0 	 Demand: 204
	Edge: 16 <--> 27 	 Freq: 7.0 	 Demand: 612
	Edge: 17 <--> 13 	 Freq: 3.5 	 Demand: 1360
	Edge: 22 <--> 23 	 Freq: 3.5 	 Demand: 1530
	Edge: 3 <--> 5 	 Freq: 3.5 	 Demand: 680
	Edge: 19 <--> 20 	 Freq: 3.5 	 Demand: 850
	Edge: 27 <--> 26 	 Freq: 3.5 	 Demand: 1020
	Edge: 12 <--> 14 	 Freq: 3.5 	 Demand: 2125
	Edge: 25 <--> 11 	 Freq: 3.5 	 Demand: 1938
	Edge: 14 <--> 25 	 Freq: 3.5 	 Demand: 3910
	Edge: 16 <--> 27 	 Freq: 3.5 	 Demand: 1020
	Edge: 2 <--> 3 	 Freq: 3.5 	 Demand: 4080
	Edge: 11 <--> 1 	 Freq: 7.0 	 Demand: 3060
	Edge: 9 <--> 10 	 Freq: 3.5 	 Demand: 3264
	Edge: 8 <--> 25 	 Freq: 7.0 	 Demand: 4076
	Edge: 14 <--> 25 	 Freq: 7.0 	 Demand: 2550

	Routes:

	Route: 1
	Route length (876.0) and demand (11441)
	Edge: 14 <--> 25 	 Freq: 3.5 	 Demand: 3910
	Edge: 14 <--> 25 	 Freq: 7.0 	 Demand: 2550
	Edge: 12 <--> 14 	 Freq: 3.5 	 Demand: 2125
	Edge: 17 <--> 13 	 Freq: 14.0 	 Demand: 408
	Edge: 17 <--> 13 	 Freq: 3.5 	 Demand: 1360
	Edge: 17 <--> 13 	 Freq: 28.0 	 Demand: 408
	Edge: 12 <--> 14 	 Freq: 28.0 	 Demand: 680
	Route: 2
	Route length (740.0) and demand (10008)
	Edge: 8 <--> 25 	 Freq: 7.0 	 Demand: 4076
	Edge: 14 <--> 25 	 Freq: 28.0 	 Demand: 3162
	Edge: 8 <--> 25 	 Freq: 28.0 	 Demand: 2226
	Edge: 8 <--> 11 	 Freq: 28.0 	 Demand: 544
	Route: 3
	Route length (943.0) and demand (11900)
	Edge: 18 <--> 16 	 Freq: 28.0 	 Demand: 2448
	Edge: 16 <--> 27 	 Freq: 7.0 	 Demand: 612
	Edge: 27 <--> 26 	 Freq: 28.0 	 Demand: 4420
	Edge: 27 <--> 26 	 Freq: 3.5 	 Demand: 1020
	Edge: 16 <--> 27 	 Freq: 3.5 	 Demand: 1020
	Edge: 16 <--> 27 	 Freq: 14.0 	 Demand: 2380
	Route: 4
	Route length (666.0) and demand (11968)
	Edge: 9 <--> 10 	 Freq: 28.0 	 Demand: 2550
	Edge: 9 <--> 10 	 Freq: 3.5 	 Demand: 3264
	Edge: 26 <--> 9 	 Freq: 28.0 	 Demand: 2890
	Edge: 18 <--> 26 	 Freq: 28.0 	 Demand: 3264
	Route: 5
	Route length (453.0) and demand (10704)
	Edge: 5 <--> 6 	 Freq: 28.0 	 Demand: 5434
	Edge: 7 <--> 21 	 Freq: 28.0 	 Demand: 2040
	Edge: 5 <--> 6 	 Freq: 14.0 	 Demand: 2550
	Edge: 3 <--> 5 	 Freq: 3.5 	 Demand: 680
	Route: 6
	Route length (363.0) and demand (9772)
	Edge: 0 <--> 9 	 Freq: 28.0 	 Demand: 3230
	Edge: 26 <--> 9 	 Freq: 7.0 	 Demand: 6338
	Edge: 0 <--> 9 	 Freq: 7.0 	 Demand: 204
	Route: 7
	Route length (214.0) and demand (8364)
	Edge: 2 <--> 3 	 Freq: 28.0 	 Demand: 1530
	Edge: 4 <--> 3 	 Freq: 28.0 	 Demand: 2754
	Edge: 2 <--> 3 	 Freq: 3.5 	 Demand: 4080
	Route: 8
	Route length (914.0) and demand (11951)
	Edge: 7 <--> 1 	 Freq: 14.0 	 Demand: 3825
	Edge: 19 <--> 20 	 Freq: 3.5 	 Demand: 850
	Edge: 11 <--> 1 	 Freq: 7.0 	 Demand: 3060
	Edge: 25 <--> 11 	 Freq: 28.0 	 Demand: 1428
	Edge: 25 <--> 11 	 Freq: 3.5 	 Demand: 1938
	Edge: 25 <--> 11 	 Freq: 7.0 	 Demand: 850
	Route: 9
	Route length (1121.0) and demand (11458)
	Edge: 16 <--> 27 	 Freq: 28.0 	 Demand: 1530
	Edge: 22 <--> 23 	 Freq: 3.5 	 Demand: 1530
	Edge: 21 <--> 22 	 Freq: 28.0 	 Demand: 3400
	Edge: 24 <--> 22 	 Freq: 28.0 	 Demand: 2890
	Edge: 22 <--> 23 	 Freq: 28.0 	 Demand: 2108

Day 1, number of edges 12, number of routes 5

	Edges:

	Edge: 5 <--> 6 	 Freq: 2.3 	 Demand: 3584
	Edge: 2 <--> 3 	 Freq: 2.3 	 Demand: 2040
	Edge: 22 <--> 23 	 Freq: 2.3 	 Demand: 3760
	Edge: 4 <--> 3 	 Freq: 2.3 	 Demand: 3889
	Edge: 24 <--> 22 	 Freq: 2.3 	 Demand: 4080
	Edge: 14 <--> 25 	 Freq: 2.3 	 Demand: 3060
	Edge: 6 <--> 24 	 Freq: 2.3 	 Demand: 3060
	Edge: 7 <--> 21 	 Freq: 2.3 	 Demand: 4080
	Edge: 21 <--> 22 	 Freq: 2.3 	 Demand: 4157
	Edge: 18 <--> 16 	 Freq: 3.5 	 Demand: 4245
	Edge: 18 <--> 26 	 Freq: 3.5 	 Demand: 2040
	Edge: 15 <--> 8 	 Freq: 7.0 	 Demand: 1700

	Routes:

	Route: 1
	Route length (665.0) and demand (10724)
	Edge: 5 <--> 6 	 Freq: 2.3 	 Demand: 3584
	Edge: 6 <--> 24 	 Freq: 2.3 	 Demand: 3060
	Edge: 24 <--> 22 	 Freq: 2.3 	 Demand: 4080
	Route: 2
	Route length (434.0) and demand (4760)
	Edge: 14 <--> 25 	 Freq: 2.3 	 Demand: 3060
	Edge: 15 <--> 8 	 Freq: 7.0 	 Demand: 1700
	Route: 3
	Route length (850.0) and demand (11997)
	Edge: 7 <--> 21 	 Freq: 2.3 	 Demand: 4080
	Edge: 21 <--> 22 	 Freq: 2.3 	 Demand: 4157
	Edge: 22 <--> 23 	 Freq: 2.3 	 Demand: 3760
	Route: 4
	Route length (214.0) and demand (5929)
	Edge: 2 <--> 3 	 Freq: 2.3 	 Demand: 2040
	Edge: 4 <--> 3 	 Freq: 2.3 	 Demand: 3889
	Route: 5
	Route length (382.0) and demand (6285)
	Edge: 18 <--> 26 	 Freq: 3.5 	 Demand: 2040
	Edge: 18 <--> 16 	 Freq: 3.5 	 Demand: 4245

Day 2, number of edges 0, number of routes 0

	Edges:


	Routes:


Day 3, number of edges 10, number of routes 4

	Edges:

	Edge: 5 <--> 6 	 Freq: 2.3 	 Demand: 3584
	Edge: 2 <--> 3 	 Freq: 2.3 	 Demand: 2040
	Edge: 22 <--> 23 	 Freq: 2.3 	 Demand: 3760
	Edge: 4 <--> 3 	 Freq: 2.3 	 Demand: 3889
	Edge: 24 <--> 22 	 Freq: 2.3 	 Demand: 4080
	Edge: 14 <--> 25 	 Freq: 2.3 	 Demand: 3060
	Edge: 6 <--> 24 	 Freq: 2.3 	 Demand: 3060
	Edge: 21 <--> 22 	 Freq: 2.3 	 Demand: 4157
	Edge: 7 <--> 21 	 Freq: 2.3 	 Demand: 4080
	Edge: 18 <--> 26 	 Freq: 3.5 	 Demand: 2040

	Routes:

	Route: 1
	Route length (850.0) and demand (11997)
	Edge: 22 <--> 23 	 Freq: 2.3 	 Demand: 3760
	Edge: 21 <--> 22 	 Freq: 2.3 	 Demand: 4157
	Edge: 7 <--> 21 	 Freq: 2.3 	 Demand: 4080
	Route: 2
	Route length (480.0) and demand (7969)
	Edge: 2 <--> 3 	 Freq: 2.3 	 Demand: 2040
	Edge: 4 <--> 3 	 Freq: 2.3 	 Demand: 3889
	Edge: 18 <--> 26 	 Freq: 3.5 	 Demand: 2040
	Route: 3
	Route length (665.0) and demand (10724)
	Edge: 24 <--> 22 	 Freq: 2.3 	 Demand: 4080
	Edge: 6 <--> 24 	 Freq: 2.3 	 Demand: 3060
	Edge: 5 <--> 6 	 Freq: 2.3 	 Demand: 3584
	Route: 4
	Route length (402.0) and demand (3060)
	Edge: 14 <--> 25 	 Freq: 2.3 	 Demand: 3060

Day 4, number of edges 22, number of routes 6

	Edges:

	Edge: 26 <--> 9 	 Freq: 7.0 	 Demand: 6338
	Edge: 18 <--> 16 	 Freq: 7.0 	 Demand: 2550
	Edge: 0 <--> 9 	 Freq: 7.0 	 Demand: 204
	Edge: 16 <--> 27 	 Freq: 7.0 	 Demand: 612
	Edge: 17 <--> 13 	 Freq: 3.5 	 Demand: 1360
	Edge: 2 <--> 3 	 Freq: 3.5 	 Demand: 4080
	Edge: 22 <--> 23 	 Freq: 3.5 	 Demand: 1530
	Edge: 3 <--> 5 	 Freq: 3.5 	 Demand: 680
	Edge: 19 <--> 20 	 Freq: 3.5 	 Demand: 850
	Edge: 27 <--> 26 	 Freq: 3.5 	 Demand: 1020
	Edge: 18 <--> 16 	 Freq: 3.5 	 Demand: 4245
	Edge: 12 <--> 14 	 Freq: 3.5 	 Demand: 2125
	Edge: 25 <--> 11 	 Freq: 3.5 	 Demand: 1938
	Edge: 14 <--> 25 	 Freq: 3.5 	 Demand: 3910
	Edge: 16 <--> 27 	 Freq: 3.5 	 Demand: 1020
	Edge: 2 <--> 3 	 Freq: 2.3 	 Demand: 2040
	Edge: 14 <--> 25 	 Freq: 2.3 	 Demand: 3060
	Edge: 5 <--> 6 	 Freq: 2.3 	 Demand: 3584
	Edge: 4 <--> 3 	 Freq: 2.3 	 Demand: 3889
	Edge: 8 <--> 25 	 Freq: 7.0 	 Demand: 4076
	Edge: 8 <--> 11 	 Freq: 7.0 	 Demand: 1020
	Edge: 9 <--> 10 	 Freq: 3.5 	 Demand: 3264

	Routes:

	Route: 1
	Route length (97.0) and demand (4080)
	Edge: 2 <--> 3 	 Freq: 3.5 	 Demand: 4080
	Route: 2
	Route length (891.0) and demand (6868)
	Edge: 8 <--> 11 	 Freq: 7.0 	 Demand: 1020
	Edge: 19 <--> 20 	 Freq: 3.5 	 Demand: 850
	Edge: 25 <--> 11 	 Freq: 3.5 	 Demand: 1938
	Edge: 14 <--> 25 	 Freq: 2.3 	 Demand: 3060
	Route: 3
	Route length (471.0) and demand (9806)
	Edge: 9 <--> 10 	 Freq: 3.5 	 Demand: 3264
	Edge: 26 <--> 9 	 Freq: 7.0 	 Demand: 6338
	Edge: 0 <--> 9 	 Freq: 7.0 	 Demand: 204
	Route: 4
	Route length (347.0) and demand (10193)
	Edge: 2 <--> 3 	 Freq: 2.3 	 Demand: 2040
	Edge: 4 <--> 3 	 Freq: 2.3 	 Demand: 3889
	Edge: 3 <--> 5 	 Freq: 3.5 	 Demand: 680
	Edge: 5 <--> 6 	 Freq: 2.3 	 Demand: 3584
	Route: 5
	Route length (946.0) and demand (10977)
	Edge: 18 <--> 16 	 Freq: 3.5 	 Demand: 4245
	Edge: 16 <--> 27 	 Freq: 3.5 	 Demand: 1020
	Edge: 27 <--> 26 	 Freq: 3.5 	 Demand: 1020
	Edge: 16 <--> 27 	 Freq: 7.0 	 Demand: 612
	Edge: 22 <--> 23 	 Freq: 3.5 	 Demand: 1530
	Edge: 18 <--> 16 	 Freq: 7.0 	 Demand: 2550
	Route: 6
	Route length (736.0) and demand (11471)
	Edge: 17 <--> 13 	 Freq: 3.5 	 Demand: 1360
	Edge: 12 <--> 14 	 Freq: 3.5 	 Demand: 2125
	Edge: 14 <--> 25 	 Freq: 3.5 	 Demand: 3910
	Edge: 8 <--> 25 	 Freq: 7.0 	 Demand: 4076

Day 5, number of edges 0, number of routes 0

	Edges:


	Routes:


Day 6, number of edges 0, number of routes 0

	Edges:


	Routes:


Day 7, number of edges 25, number of routes 7

	Edges:

	Edge: 2 <--> 3 	 Freq: 2.3 	 Demand: 2040
	Edge: 5 <--> 6 	 Freq: 2.3 	 Demand: 3584
	Edge: 4 <--> 3 	 Freq: 2.3 	 Demand: 3889
	Edge: 14 <--> 25 	 Freq: 2.3 	 Demand: 3060
	Edge: 17 <--> 13 	 Freq: 3.5 	 Demand: 1360
	Edge: 2 <--> 3 	 Freq: 3.5 	 Demand: 4080
	Edge: 22 <--> 23 	 Freq: 3.5 	 Demand: 1530
	Edge: 3 <--> 5 	 Freq: 3.5 	 Demand: 680
	Edge: 19 <--> 20 	 Freq: 3.5 	 Demand: 850
	Edge: 27 <--> 26 	 Freq: 3.5 	 Demand: 1020
	Edge: 18 <--> 16 	 Freq: 3.5 	 Demand: 4245
	Edge: 12 <--> 14 	 Freq: 3.5 	 Demand: 2125
	Edge: 9 <--> 10 	 Freq: 3.5 	 Demand: 3264
	Edge: 25 <--> 11 	 Freq: 3.5 	 Demand: 1938
	Edge: 14 <--> 25 	 Freq: 3.5 	 Demand: 3910
	Edge: 16 <--> 27 	 Freq: 3.5 	 Demand: 1020
	Edge: 18 <--> 26 	 Freq: 3.5 	 Demand: 2040
	Edge: 22 <--> 23 	 Freq: 2.3 	 Demand: 3760
	Edge: 24 <--> 22 	 Freq: 2.3 	 Demand: 4080
	Edge: 6 <--> 24 	 Freq: 2.3 	 Demand: 3060
	Edge: 7 <--> 21 	 Freq: 2.3 	 Demand: 4080
	Edge: 21 <--> 22 	 Freq: 2.3 	 Demand: 4157
	Edge: 25 <--> 11 	 Freq: 7.0 	 Demand: 850
	Edge: 11 <--> 1 	 Freq: 7.0 	 Demand: 3060
	Edge: 14 <--> 25 	 Freq: 7.0 	 Demand: 2550

	Routes:

	Route: 1
	Route length (226.0) and demand (4245)
	Edge: 18 <--> 16 	 Freq: 3.5 	 Demand: 4245
	Route: 2
	Route length (873.0) and demand (11458)
	Edge: 14 <--> 25 	 Freq: 3.5 	 Demand: 3910
	Edge: 25 <--> 11 	 Freq: 3.5 	 Demand: 1938
	Edge: 19 <--> 20 	 Freq: 3.5 	 Demand: 850
	Edge: 7 <--> 21 	 Freq: 2.3 	 Demand: 4080
	Edge: 3 <--> 5 	 Freq: 3.5 	 Demand: 680
	Route: 3
	Route length (1252.0) and demand (11934)
	Edge: 6 <--> 24 	 Freq: 2.3 	 Demand: 3060
	Edge: 22 <--> 23 	 Freq: 3.5 	 Demand: 1530
	Edge: 16 <--> 27 	 Freq: 3.5 	 Demand: 1020
	Edge: 27 <--> 26 	 Freq: 3.5 	 Demand: 1020
	Edge: 18 <--> 26 	 Freq: 3.5 	 Demand: 2040
	Edge: 9 <--> 10 	 Freq: 3.5 	 Demand: 3264
	Route: 4
	Route length (650.0) and demand (10044)
	Edge: 14 <--> 25 	 Freq: 7.0 	 Demand: 2550
	Edge: 25 <--> 11 	 Freq: 7.0 	 Demand: 850
	Edge: 11 <--> 1 	 Freq: 7.0 	 Demand: 3060
	Edge: 5 <--> 6 	 Freq: 2.3 	 Demand: 3584
	Route: 5
	Route length (214.0) and demand (10009)
	Edge: 2 <--> 3 	 Freq: 2.3 	 Demand: 2040
	Edge: 4 <--> 3 	 Freq: 2.3 	 Demand: 3889
	Edge: 2 <--> 3 	 Freq: 3.5 	 Demand: 4080
	Route: 6
	Route length (940.0) and demand (11997)
	Edge: 22 <--> 23 	 Freq: 2.3 	 Demand: 3760
	Edge: 21 <--> 22 	 Freq: 2.3 	 Demand: 4157
	Edge: 24 <--> 22 	 Freq: 2.3 	 Demand: 4080
	Route: 7
	Route length (664.0) and demand (6545)
	Edge: 14 <--> 25 	 Freq: 2.3 	 Demand: 3060
	Edge: 12 <--> 14 	 Freq: 3.5 	 Demand: 2125
	Edge: 17 <--> 13 	 Freq: 3.5 	 Demand: 1360

Day 8, number of edges 1, number of routes 1

	Edges:

	Edge: 15 <--> 8 	 Freq: 7.0 	 Demand: 1700

	Routes:

	Route: 1
	Route length (196.0) and demand (1700)
	Edge: 15 <--> 8 	 Freq: 7.0 	 Demand: 1700

Day 9, number of edges 9, number of routes 4

	Edges:

	Edge: 5 <--> 6 	 Freq: 2.3 	 Demand: 3584
	Edge: 2 <--> 3 	 Freq: 2.3 	 Demand: 2040
	Edge: 22 <--> 23 	 Freq: 2.3 	 Demand: 3760
	Edge: 4 <--> 3 	 Freq: 2.3 	 Demand: 3889
	Edge: 24 <--> 22 	 Freq: 2.3 	 Demand: 4080
	Edge: 14 <--> 25 	 Freq: 2.3 	 Demand: 3060
	Edge: 7 <--> 21 	 Freq: 2.3 	 Demand: 4080
	Edge: 21 <--> 22 	 Freq: 2.3 	 Demand: 4157
	Edge: 6 <--> 24 	 Freq: 2.3 	 Demand: 3060

	Routes:

	Route: 1
	Route length (850.0) and demand (11997)
	Edge: 7 <--> 21 	 Freq: 2.3 	 Demand: 4080
	Edge: 21 <--> 22 	 Freq: 2.3 	 Demand: 4157
	Edge: 22 <--> 23 	 Freq: 2.3 	 Demand: 3760
	Route: 2
	Route length (214.0) and demand (5929)
	Edge: 2 <--> 3 	 Freq: 2.3 	 Demand: 2040
	Edge: 4 <--> 3 	 Freq: 2.3 	 Demand: 3889
	Route: 3
	Route length (665.0) and demand (10724)
	Edge: 5 <--> 6 	 Freq: 2.3 	 Demand: 3584
	Edge: 6 <--> 24 	 Freq: 2.3 	 Demand: 3060
	Edge: 24 <--> 22 	 Freq: 2.3 	 Demand: 4080
	Route: 4
	Route length (402.0) and demand (3060)
	Edge: 14 <--> 25 	 Freq: 2.3 	 Demand: 3060

Day 10, number of edges 16, number of routes 4

	Edges:

	Edge: 17 <--> 13 	 Freq: 3.5 	 Demand: 1360
	Edge: 2 <--> 3 	 Freq: 3.5 	 Demand: 4080
	Edge: 22 <--> 23 	 Freq: 3.5 	 Demand: 1530
	Edge: 3 <--> 5 	 Freq: 3.5 	 Demand: 680
	Edge: 19 <--> 20 	 Freq: 3.5 	 Demand: 850
	Edge: 27 <--> 26 	 Freq: 3.5 	 Demand: 1020
	Edge: 18 <--> 16 	 Freq: 3.5 	 Demand: 4245
	Edge: 12 <--> 14 	 Freq: 3.5 	 Demand: 2125
	Edge: 9 <--> 10 	 Freq: 3.5 	 Demand: 3264
	Edge: 25 <--> 11 	 Freq: 3.5 	 Demand: 1938
	Edge: 14 <--> 25 	 Freq: 3.5 	 Demand: 3910
	Edge: 16 <--> 27 	 Freq: 3.5 	 Demand: 1020
	Edge: 18 <--> 26 	 Freq: 3.5 	 Demand: 2040
	Edge: 6 <--> 24 	 Freq: 2.3 	 Demand: 3060
	Edge: 24 <--> 22 	 Freq: 2.3 	 Demand: 4080
	Edge: 21 <--> 22 	 Freq: 2.3 	 Demand: 4157

	Routes:

	Route: 1
	Route length (1113.0) and demand (8874)
	Edge: 9 <--> 10 	 Freq: 3.5 	 Demand: 3264
	Edge: 18 <--> 26 	 Freq: 3.5 	 Demand: 2040
	Edge: 27 <--> 26 	 Freq: 3.5 	 Demand: 1020
	Edge: 16 <--> 27 	 Freq: 3.5 	 Demand: 1020
	Edge: 22 <--> 23 	 Freq: 3.5 	 Demand: 1530
	Route: 2
	Route length (933.0) and demand (11297)
	Edge: 21 <--> 22 	 Freq: 2.3 	 Demand: 4157
	Edge: 24 <--> 22 	 Freq: 2.3 	 Demand: 4080
	Edge: 6 <--> 24 	 Freq: 2.3 	 Demand: 3060
	Route: 3
	Route length (1004.0) and demand (10863)
	Edge: 17 <--> 13 	 Freq: 3.5 	 Demand: 1360
	Edge: 12 <--> 14 	 Freq: 3.5 	 Demand: 2125
	Edge: 14 <--> 25 	 Freq: 3.5 	 Demand: 3910
	Edge: 25 <--> 11 	 Freq: 3.5 	 Demand: 1938
	Edge: 19 <--> 20 	 Freq: 3.5 	 Demand: 850
	Edge: 3 <--> 5 	 Freq: 3.5 	 Demand: 680
	Route: 4
	Route length (281.0) and demand (8325)
	Edge: 2 <--> 3 	 Freq: 3.5 	 Demand: 4080
	Edge: 18 <--> 16 	 Freq: 3.5 	 Demand: 4245

Day 11, number of edges 13, number of routes 4

	Edges:

	Edge: 26 <--> 9 	 Freq: 7.0 	 Demand: 6338
	Edge: 18 <--> 16 	 Freq: 7.0 	 Demand: 2550
	Edge: 0 <--> 9 	 Freq: 7.0 	 Demand: 204
	Edge: 16 <--> 27 	 Freq: 7.0 	 Demand: 612
	Edge: 5 <--> 6 	 Freq: 2.3 	 Demand: 3584
	Edge: 2 <--> 3 	 Freq: 2.3 	 Demand: 2040
	Edge: 4 <--> 3 	 Freq: 2.3 	 Demand: 3889
	Edge: 14 <--> 25 	 Freq: 2.3 	 Demand: 3060
	Edge: 6 <--> 24 	 Freq: 2.3 	 Demand: 3060
	Edge: 7 <--> 21 	 Freq: 2.3 	 Demand: 4080
	Edge: 8 <--> 25 	 Freq: 7.0 	 Demand: 4076
	Edge: 8 <--> 11 	 Freq: 7.0 	 Demand: 1020
	Edge: 22 <--> 23 	 Freq: 2.3 	 Demand: 3760

	Routes:

	Route: 1
	Route length (347.0) and demand (9513)
	Edge: 5 <--> 6 	 Freq: 2.3 	 Demand: 3584
	Edge: 4 <--> 3 	 Freq: 2.3 	 Demand: 3889
	Edge: 2 <--> 3 	 Freq: 2.3 	 Demand: 2040
	Route: 2
	Route length (668.0) and demand (8156)
	Edge: 8 <--> 11 	 Freq: 7.0 	 Demand: 1020
	Edge: 8 <--> 25 	 Freq: 7.0 	 Demand: 4076
	Edge: 14 <--> 25 	 Freq: 2.3 	 Demand: 3060
	Route: 3
	Route length (830.0) and demand (10900)
	Edge: 7 <--> 21 	 Freq: 2.3 	 Demand: 4080
	Edge: 6 <--> 24 	 Freq: 2.3 	 Demand: 3060
	Edge: 22 <--> 23 	 Freq: 2.3 	 Demand: 3760
	Route: 4
	Route length (607.0) and demand (9704)
	Edge: 18 <--> 16 	 Freq: 7.0 	 Demand: 2550
	Edge: 16 <--> 27 	 Freq: 7.0 	 Demand: 612
	Edge: 26 <--> 9 	 Freq: 7.0 	 Demand: 6338
	Edge: 0 <--> 9 	 Freq: 7.0 	 Demand: 204

Day 12, number of edges 0, number of routes 0

	Edges:


	Routes:


Day 13, number of edges 0, number of routes 0

	Edges:


	Routes:


Day 14, number of edges 22, number of routes 6

	Edges:

	Edge: 2 <--> 3 	 Freq: 2.3 	 Demand: 2040
	Edge: 5 <--> 6 	 Freq: 2.3 	 Demand: 3584
	Edge: 4 <--> 3 	 Freq: 2.3 	 Demand: 3889
	Edge: 14 <--> 25 	 Freq: 2.3 	 Demand: 3060
	Edge: 17 <--> 13 	 Freq: 3.5 	 Demand: 1360
	Edge: 2 <--> 3 	 Freq: 3.5 	 Demand: 4080
	Edge: 22 <--> 23 	 Freq: 3.5 	 Demand: 1530
	Edge: 3 <--> 5 	 Freq: 3.5 	 Demand: 680
	Edge: 19 <--> 20 	 Freq: 3.5 	 Demand: 850
	Edge: 27 <--> 26 	 Freq: 3.5 	 Demand: 1020
	Edge: 18 <--> 16 	 Freq: 3.5 	 Demand: 4245
	Edge: 12 <--> 14 	 Freq: 3.5 	 Demand: 2125
	Edge: 9 <--> 10 	 Freq: 3.5 	 Demand: 3264
	Edge: 25 <--> 11 	 Freq: 3.5 	 Demand: 1938
	Edge: 14 <--> 25 	 Freq: 3.5 	 Demand: 3910
	Edge: 16 <--> 27 	 Freq: 3.5 	 Demand: 1020
	Edge: 18 <--> 26 	 Freq: 3.5 	 Demand: 2040
	Edge: 22 <--> 23 	 Freq: 2.3 	 Demand: 3760
	Edge: 24 <--> 22 	 Freq: 2.3 	 Demand: 4080
	Edge: 6 <--> 24 	 Freq: 2.3 	 Demand: 3060
	Edge: 7 <--> 21 	 Freq: 2.3 	 Demand: 4080
	Edge: 21 <--> 22 	 Freq: 2.3 	 Demand: 4157

	Routes:

	Route: 1
	Route length (873.0) and demand (11458)
	Edge: 14 <--> 25 	 Freq: 3.5 	 Demand: 3910
	Edge: 25 <--> 11 	 Freq: 3.5 	 Demand: 1938
	Edge: 19 <--> 20 	 Freq: 3.5 	 Demand: 850
	Edge: 7 <--> 21 	 Freq: 2.3 	 Demand: 4080
	Edge: 3 <--> 5 	 Freq: 3.5 	 Demand: 680
	Route: 2
	Route length (1252.0) and demand (11934)
	Edge: 9 <--> 10 	 Freq: 3.5 	 Demand: 3264
	Edge: 18 <--> 26 	 Freq: 3.5 	 Demand: 2040
	Edge: 27 <--> 26 	 Freq: 3.5 	 Demand: 1020
	Edge: 16 <--> 27 	 Freq: 3.5 	 Demand: 1020
	Edge: 22 <--> 23 	 Freq: 3.5 	 Demand: 1530
	Edge: 6 <--> 24 	 Freq: 2.3 	 Demand: 3060
	Route: 3
	Route length (347.0) and demand (9513)
	Edge: 2 <--> 3 	 Freq: 2.3 	 Demand: 2040
	Edge: 4 <--> 3 	 Freq: 2.3 	 Demand: 3889
	Edge: 5 <--> 6 	 Freq: 2.3 	 Demand: 3584
	Route: 4
	Route length (281.0) and demand (8325)
	Edge: 2 <--> 3 	 Freq: 3.5 	 Demand: 4080
	Edge: 18 <--> 16 	 Freq: 3.5 	 Demand: 4245
	Route: 5
	Route length (940.0) and demand (11997)
	Edge: 22 <--> 23 	 Freq: 2.3 	 Demand: 3760
	Edge: 21 <--> 22 	 Freq: 2.3 	 Demand: 4157
	Edge: 24 <--> 22 	 Freq: 2.3 	 Demand: 4080
	Route: 6
	Route length (664.0) and demand (6545)
	Edge: 14 <--> 25 	 Freq: 2.3 	 Demand: 3060
	Edge: 12 <--> 14 	 Freq: 3.5 	 Demand: 2125
	Edge: 17 <--> 13 	 Freq: 3.5 	 Demand: 1360

Day 15, number of edges 10, number of routes 2

	Edges:

	Edge: 5 <--> 6 	 Freq: 14.0 	 Demand: 2550
	Edge: 17 <--> 13 	 Freq: 14.0 	 Demand: 408
	Edge: 7 <--> 1 	 Freq: 14.0 	 Demand: 3825
	Edge: 16 <--> 27 	 Freq: 14.0 	 Demand: 2380
	Edge: 11 <--> 1 	 Freq: 7.0 	 Demand: 3060
	Edge: 18 <--> 16 	 Freq: 7.0 	 Demand: 2550
	Edge: 25 <--> 11 	 Freq: 7.0 	 Demand: 850
	Edge: 14 <--> 25 	 Freq: 7.0 	 Demand: 2550
	Edge: 15 <--> 8 	 Freq: 7.0 	 Demand: 1700
	Edge: 8 <--> 11 	 Freq: 7.0 	 Demand: 1020

	Routes:

	Route: 1
	Route length (801.0) and demand (11305)
	Edge: 7 <--> 1 	 Freq: 14.0 	 Demand: 3825
	Edge: 5 <--> 6 	 Freq: 14.0 	 Demand: 2550
	Edge: 18 <--> 16 	 Freq: 7.0 	 Demand: 2550
	Edge: 16 <--> 27 	 Freq: 14.0 	 Demand: 2380
	Route: 2
	Route length (1003.0) and demand (9588)
	Edge: 17 <--> 13 	 Freq: 14.0 	 Demand: 408
	Edge: 14 <--> 25 	 Freq: 7.0 	 Demand: 2550
	Edge: 25 <--> 11 	 Freq: 7.0 	 Demand: 850
	Edge: 11 <--> 1 	 Freq: 7.0 	 Demand: 3060
	Edge: 8 <--> 11 	 Freq: 7.0 	 Demand: 1020
	Edge: 15 <--> 8 	 Freq: 7.0 	 Demand: 1700

Day 16, number of edges 9, number of routes 4

	Edges:

	Edge: 5 <--> 6 	 Freq: 2.3 	 Demand: 3584
	Edge: 2 <--> 3 	 Freq: 2.3 	 Demand: 2040
	Edge: 4 <--> 3 	 Freq: 2.3 	 Demand: 3889
	Edge: 24 <--> 22 	 Freq: 2.3 	 Demand: 4080
	Edge: 14 <--> 25 	 Freq: 2.3 	 Demand: 3060
	Edge: 6 <--> 24 	 Freq: 2.3 	 Demand: 3060
	Edge: 7 <--> 21 	 Freq: 2.3 	 Demand: 4080
	Edge: 21 <--> 22 	 Freq: 2.3 	 Demand: 4157
	Edge: 22 <--> 23 	 Freq: 2.3 	 Demand: 3760

	Routes:

	Route: 1
	Route length (850.0) and demand (11997)
	Edge: 7 <--> 21 	 Freq: 2.3 	 Demand: 4080
	Edge: 21 <--> 22 	 Freq: 2.3 	 Demand: 4157
	Edge: 22 <--> 23 	 Freq: 2.3 	 Demand: 3760
	Route: 2
	Route length (214.0) and demand (5929)
	Edge: 2 <--> 3 	 Freq: 2.3 	 Demand: 2040
	Edge: 4 <--> 3 	 Freq: 2.3 	 Demand: 3889
	Route: 3
	Route length (665.0) and demand (10724)
	Edge: 5 <--> 6 	 Freq: 2.3 	 Demand: 3584
	Edge: 6 <--> 24 	 Freq: 2.3 	 Demand: 3060
	Edge: 24 <--> 22 	 Freq: 2.3 	 Demand: 4080
	Route: 4
	Route length (402.0) and demand (3060)
	Edge: 14 <--> 25 	 Freq: 2.3 	 Demand: 3060

Day 17, number of edges 16, number of routes 4

	Edges:

	Edge: 17 <--> 13 	 Freq: 3.5 	 Demand: 1360
	Edge: 2 <--> 3 	 Freq: 3.5 	 Demand: 4080
	Edge: 22 <--> 23 	 Freq: 3.5 	 Demand: 1530
	Edge: 3 <--> 5 	 Freq: 3.5 	 Demand: 680
	Edge: 19 <--> 20 	 Freq: 3.5 	 Demand: 850
	Edge: 27 <--> 26 	 Freq: 3.5 	 Demand: 1020
	Edge: 18 <--> 16 	 Freq: 3.5 	 Demand: 4245
	Edge: 12 <--> 14 	 Freq: 3.5 	 Demand: 2125
	Edge: 9 <--> 10 	 Freq: 3.5 	 Demand: 3264
	Edge: 25 <--> 11 	 Freq: 3.5 	 Demand: 1938
	Edge: 14 <--> 25 	 Freq: 3.5 	 Demand: 3910
	Edge: 16 <--> 27 	 Freq: 3.5 	 Demand: 1020
	Edge: 18 <--> 26 	 Freq: 3.5 	 Demand: 2040
	Edge: 22 <--> 23 	 Freq: 2.3 	 Demand: 3760
	Edge: 24 <--> 22 	 Freq: 2.3 	 Demand: 4080
	Edge: 21 <--> 22 	 Freq: 2.3 	 Demand: 4157

	Routes:

	Route: 1
	Route length (1004.0) and demand (10863)
	Edge: 17 <--> 13 	 Freq: 3.5 	 Demand: 1360
	Edge: 12 <--> 14 	 Freq: 3.5 	 Demand: 2125
	Edge: 14 <--> 25 	 Freq: 3.5 	 Demand: 3910
	Edge: 25 <--> 11 	 Freq: 3.5 	 Demand: 1938
	Edge: 19 <--> 20 	 Freq: 3.5 	 Demand: 850
	Edge: 3 <--> 5 	 Freq: 3.5 	 Demand: 680
	Route: 2
	Route length (281.0) and demand (8325)
	Edge: 2 <--> 3 	 Freq: 3.5 	 Demand: 4080
	Edge: 18 <--> 16 	 Freq: 3.5 	 Demand: 4245
	Route: 3
	Route length (940.0) and demand (11997)
	Edge: 22 <--> 23 	 Freq: 2.3 	 Demand: 3760
	Edge: 21 <--> 22 	 Freq: 2.3 	 Demand: 4157
	Edge: 24 <--> 22 	 Freq: 2.3 	 Demand: 4080
	Route: 4
	Route length (1113.0) and demand (8874)
	Edge: 9 <--> 10 	 Freq: 3.5 	 Demand: 3264
	Edge: 18 <--> 26 	 Freq: 3.5 	 Demand: 2040
	Edge: 27 <--> 26 	 Freq: 3.5 	 Demand: 1020
	Edge: 16 <--> 27 	 Freq: 3.5 	 Demand: 1020
	Edge: 22 <--> 23 	 Freq: 3.5 	 Demand: 1530

Day 18, number of edges 9, number of routes 4

	Edges:

	Edge: 5 <--> 6 	 Freq: 2.3 	 Demand: 3584
	Edge: 2 <--> 3 	 Freq: 2.3 	 Demand: 2040
	Edge: 22 <--> 23 	 Freq: 2.3 	 Demand: 3760
	Edge: 4 <--> 3 	 Freq: 2.3 	 Demand: 3889
	Edge: 24 <--> 22 	 Freq: 2.3 	 Demand: 4080
	Edge: 14 <--> 25 	 Freq: 2.3 	 Demand: 3060
	Edge: 6 <--> 24 	 Freq: 2.3 	 Demand: 3060
	Edge: 7 <--> 21 	 Freq: 2.3 	 Demand: 4080
	Edge: 21 <--> 22 	 Freq: 2.3 	 Demand: 4157

	Routes:

	Route: 1
	Route length (850.0) and demand (11997)
	Edge: 7 <--> 21 	 Freq: 2.3 	 Demand: 4080
	Edge: 21 <--> 22 	 Freq: 2.3 	 Demand: 4157
	Edge: 22 <--> 23 	 Freq: 2.3 	 Demand: 3760
	Route: 2
	Route length (214.0) and demand (5929)
	Edge: 2 <--> 3 	 Freq: 2.3 	 Demand: 2040
	Edge: 4 <--> 3 	 Freq: 2.3 	 Demand: 3889
	Route: 3
	Route length (665.0) and demand (10724)
	Edge: 5 <--> 6 	 Freq: 2.3 	 Demand: 3584
	Edge: 6 <--> 24 	 Freq: 2.3 	 Demand: 3060
	Edge: 24 <--> 22 	 Freq: 2.3 	 Demand: 4080
	Route: 4
	Route length (402.0) and demand (3060)
	Edge: 14 <--> 25 	 Freq: 2.3 	 Demand: 3060

Day 19, number of edges 0, number of routes 0

	Edges:


	Routes:


Day 20, number of edges 0, number of routes 0

	Edges:


	Routes:


Day 21, number of edges 22, number of routes 6

	Edges:

	Edge: 2 <--> 3 	 Freq: 2.3 	 Demand: 2040
	Edge: 5 <--> 6 	 Freq: 2.3 	 Demand: 3584
	Edge: 4 <--> 3 	 Freq: 2.3 	 Demand: 3889
	Edge: 14 <--> 25 	 Freq: 2.3 	 Demand: 3060
	Edge: 17 <--> 13 	 Freq: 3.5 	 Demand: 1360
	Edge: 2 <--> 3 	 Freq: 3.5 	 Demand: 4080
	Edge: 22 <--> 23 	 Freq: 3.5 	 Demand: 1530
	Edge: 3 <--> 5 	 Freq: 3.5 	 Demand: 680
	Edge: 19 <--> 20 	 Freq: 3.5 	 Demand: 850
	Edge: 27 <--> 26 	 Freq: 3.5 	 Demand: 1020
	Edge: 18 <--> 16 	 Freq: 3.5 	 Demand: 4245
	Edge: 12 <--> 14 	 Freq: 3.5 	 Demand: 2125
	Edge: 9 <--> 10 	 Freq: 3.5 	 Demand: 3264
	Edge: 25 <--> 11 	 Freq: 3.5 	 Demand: 1938
	Edge: 14 <--> 25 	 Freq: 3.5 	 Demand: 3910
	Edge: 16 <--> 27 	 Freq: 3.5 	 Demand: 1020
	Edge: 18 <--> 26 	 Freq: 3.5 	 Demand: 2040
	Edge: 22 <--> 23 	 Freq: 2.3 	 Demand: 3760
	Edge: 24 <--> 22 	 Freq: 2.3 	 Demand: 4080
	Edge: 6 <--> 24 	 Freq: 2.3 	 Demand: 3060
	Edge: 7 <--> 21 	 Freq: 2.3 	 Demand: 4080
	Edge: 21 <--> 22 	 Freq: 2.3 	 Demand: 4157

	Routes:

	Route: 1
	Route length (873.0) and demand (11458)
	Edge: 14 <--> 25 	 Freq: 3.5 	 Demand: 3910
	Edge: 25 <--> 11 	 Freq: 3.5 	 Demand: 1938
	Edge: 19 <--> 20 	 Freq: 3.5 	 Demand: 850
	Edge: 7 <--> 21 	 Freq: 2.3 	 Demand: 4080
	Edge: 3 <--> 5 	 Freq: 3.5 	 Demand: 680
	Route: 2
	Route length (1252.0) and demand (11934)
	Edge: 9 <--> 10 	 Freq: 3.5 	 Demand: 3264
	Edge: 18 <--> 26 	 Freq: 3.5 	 Demand: 2040
	Edge: 27 <--> 26 	 Freq: 3.5 	 Demand: 1020
	Edge: 16 <--> 27 	 Freq: 3.5 	 Demand: 1020
	Edge: 22 <--> 23 	 Freq: 3.5 	 Demand: 1530
	Edge: 6 <--> 24 	 Freq: 2.3 	 Demand: 3060
	Route: 3
	Route length (347.0) and demand (9513)
	Edge: 2 <--> 3 	 Freq: 2.3 	 Demand: 2040
	Edge: 4 <--> 3 	 Freq: 2.3 	 Demand: 3889
	Edge: 5 <--> 6 	 Freq: 2.3 	 Demand: 3584
	Route: 4
	Route length (281.0) and demand (8325)
	Edge: 2 <--> 3 	 Freq: 3.5 	 Demand: 4080
	Edge: 18 <--> 16 	 Freq: 3.5 	 Demand: 4245
	Route: 5
	Route length (940.0) and demand (11997)
	Edge: 22 <--> 23 	 Freq: 2.3 	 Demand: 3760
	Edge: 21 <--> 22 	 Freq: 2.3 	 Demand: 4157
	Edge: 24 <--> 22 	 Freq: 2.3 	 Demand: 4080
	Route: 6
	Route length (664.0) and demand (6545)
	Edge: 14 <--> 25 	 Freq: 2.3 	 Demand: 3060
	Edge: 12 <--> 14 	 Freq: 3.5 	 Demand: 2125
	Edge: 17 <--> 13 	 Freq: 3.5 	 Demand: 1360

Day 22, number of edges 10, number of routes 3

	Edges:

	Edge: 15 <--> 8 	 Freq: 7.0 	 Demand: 1700
	Edge: 11 <--> 1 	 Freq: 7.0 	 Demand: 3060
	Edge: 26 <--> 9 	 Freq: 7.0 	 Demand: 6338
	Edge: 18 <--> 16 	 Freq: 7.0 	 Demand: 2550
	Edge: 8 <--> 25 	 Freq: 7.0 	 Demand: 4076
	Edge: 25 <--> 11 	 Freq: 7.0 	 Demand: 850
	Edge: 14 <--> 25 	 Freq: 7.0 	 Demand: 2550
	Edge: 0 <--> 9 	 Freq: 7.0 	 Demand: 204
	Edge: 16 <--> 27 	 Freq: 7.0 	 Demand: 612
	Edge: 8 <--> 11 	 Freq: 7.0 	 Demand: 1020

	Routes:

	Route: 1
	Route length (196.0) and demand (1700)
	Edge: 15 <--> 8 	 Freq: 7.0 	 Demand: 1700
	Route: 2
	Route length (813.0) and demand (11556)
	Edge: 8 <--> 25 	 Freq: 7.0 	 Demand: 4076
	Edge: 14 <--> 25 	 Freq: 7.0 	 Demand: 2550
	Edge: 25 <--> 11 	 Freq: 7.0 	 Demand: 850
	Edge: 11 <--> 1 	 Freq: 7.0 	 Demand: 3060
	Edge: 8 <--> 11 	 Freq: 7.0 	 Demand: 1020
	Route: 3
	Route length (607.0) and demand (9704)
	Edge: 18 <--> 16 	 Freq: 7.0 	 Demand: 2550
	Edge: 16 <--> 27 	 Freq: 7.0 	 Demand: 612
	Edge: 26 <--> 9 	 Freq: 7.0 	 Demand: 6338
	Edge: 0 <--> 9 	 Freq: 7.0 	 Demand: 204

Day 23, number of edges 9, number of routes 4

	Edges:

	Edge: 5 <--> 6 	 Freq: 2.3 	 Demand: 3584
	Edge: 2 <--> 3 	 Freq: 2.3 	 Demand: 2040
	Edge: 22 <--> 23 	 Freq: 2.3 	 Demand: 3760
	Edge: 4 <--> 3 	 Freq: 2.3 	 Demand: 3889
	Edge: 24 <--> 22 	 Freq: 2.3 	 Demand: 4080
	Edge: 14 <--> 25 	 Freq: 2.3 	 Demand: 3060
	Edge: 6 <--> 24 	 Freq: 2.3 	 Demand: 3060
	Edge: 21 <--> 22 	 Freq: 2.3 	 Demand: 4157
	Edge: 7 <--> 21 	 Freq: 2.3 	 Demand: 4080

	Routes:

	Route: 1
	Route length (850.0) and demand (11997)
	Edge: 7 <--> 21 	 Freq: 2.3 	 Demand: 4080
	Edge: 21 <--> 22 	 Freq: 2.3 	 Demand: 4157
	Edge: 22 <--> 23 	 Freq: 2.3 	 Demand: 3760
	Route: 2
	Route length (214.0) and demand (5929)
	Edge: 2 <--> 3 	 Freq: 2.3 	 Demand: 2040
	Edge: 4 <--> 3 	 Freq: 2.3 	 Demand: 3889
	Route: 3
	Route length (665.0) and demand (10724)
	Edge: 5 <--> 6 	 Freq: 2.3 	 Demand: 3584
	Edge: 6 <--> 24 	 Freq: 2.3 	 Demand: 3060
	Edge: 24 <--> 22 	 Freq: 2.3 	 Demand: 4080
	Route: 4
	Route length (402.0) and demand (3060)
	Edge: 14 <--> 25 	 Freq: 2.3 	 Demand: 3060

Day 24, number of edges 12, number of routes 4

	Edges:

	Edge: 17 <--> 13 	 Freq: 3.5 	 Demand: 1360
	Edge: 22 <--> 23 	 Freq: 3.5 	 Demand: 1530
	Edge: 3 <--> 5 	 Freq: 3.5 	 Demand: 680
	Edge: 19 <--> 20 	 Freq: 3.5 	 Demand: 850
	Edge: 27 <--> 26 	 Freq: 3.5 	 Demand: 1020
	Edge: 12 <--> 14 	 Freq: 3.5 	 Demand: 2125
	Edge: 25 <--> 11 	 Freq: 3.5 	 Demand: 1938
	Edge: 14 <--> 25 	 Freq: 3.5 	 Demand: 3910
	Edge: 16 <--> 27 	 Freq: 3.5 	 Demand: 1020
	Edge: 7 <--> 21 	 Freq: 2.3 	 Demand: 4080
	Edge: 2 <--> 3 	 Freq: 3.5 	 Demand: 4080
	Edge: 9 <--> 10 	 Freq: 3.5 	 Demand: 3264

	Routes:

	Route: 1
	Route length (957.0) and demand (6834)
	Edge: 9 <--> 10 	 Freq: 3.5 	 Demand: 3264
	Edge: 27 <--> 26 	 Freq: 3.5 	 Demand: 1020
	Edge: 16 <--> 27 	 Freq: 3.5 	 Demand: 1020
	Edge: 22 <--> 23 	 Freq: 3.5 	 Demand: 1530
	Route: 2
	Route length (97.0) and demand (4080)
	Edge: 2 <--> 3 	 Freq: 3.5 	 Demand: 4080
	Route: 3
	Route length (540.0) and demand (3485)
	Edge: 12 <--> 14 	 Freq: 3.5 	 Demand: 2125
	Edge: 17 <--> 13 	 Freq: 3.5 	 Demand: 1360
	Route: 4
	Route length (873.0) and demand (11458)
	Edge: 14 <--> 25 	 Freq: 3.5 	 Demand: 3910
	Edge: 25 <--> 11 	 Freq: 3.5 	 Demand: 1938
	Edge: 19 <--> 20 	 Freq: 3.5 	 Demand: 850
	Edge: 7 <--> 21 	 Freq: 2.3 	 Demand: 4080
	Edge: 3 <--> 5 	 Freq: 3.5 	 Demand: 680

Day 25, number of edges 11, number of routes 5

	Edges:

	Edge: 5 <--> 6 	 Freq: 2.3 	 Demand: 3584
	Edge: 2 <--> 3 	 Freq: 2.3 	 Demand: 2040
	Edge: 22 <--> 23 	 Freq: 2.3 	 Demand: 3760
	Edge: 4 <--> 3 	 Freq: 2.3 	 Demand: 3889
	Edge: 24 <--> 22 	 Freq: 2.3 	 Demand: 4080
	Edge: 14 <--> 25 	 Freq: 2.3 	 Demand: 3060
	Edge: 6 <--> 24 	 Freq: 2.3 	 Demand: 3060
	Edge: 21 <--> 22 	 Freq: 2.3 	 Demand: 4157
	Edge: 7 <--> 21 	 Freq: 2.3 	 Demand: 4080
	Edge: 18 <--> 16 	 Freq: 3.5 	 Demand: 4245
	Edge: 18 <--> 26 	 Freq: 3.5 	 Demand: 2040

	Routes:

	Route: 1
	Route length (850.0) and demand (11997)
	Edge: 7 <--> 21 	 Freq: 2.3 	 Demand: 4080
	Edge: 21 <--> 22 	 Freq: 2.3 	 Demand: 4157
	Edge: 22 <--> 23 	 Freq: 2.3 	 Demand: 3760
	Route: 2
	Route length (665.0) and demand (10724)
	Edge: 5 <--> 6 	 Freq: 2.3 	 Demand: 3584
	Edge: 6 <--> 24 	 Freq: 2.3 	 Demand: 3060
	Edge: 24 <--> 22 	 Freq: 2.3 	 Demand: 4080
	Route: 3
	Route length (402.0) and demand (3060)
	Edge: 14 <--> 25 	 Freq: 2.3 	 Demand: 3060
	Route: 4
	Route length (382.0) and demand (6285)
	Edge: 18 <--> 26 	 Freq: 3.5 	 Demand: 2040
	Edge: 18 <--> 16 	 Freq: 3.5 	 Demand: 4245
	Route: 5
	Route length (214.0) and demand (5929)
	Edge: 2 <--> 3 	 Freq: 2.3 	 Demand: 2040
	Edge: 4 <--> 3 	 Freq: 2.3 	 Demand: 3889

Day 26, number of edges 0, number of routes 0

	Edges:


	Routes:


Day 27, number of edges 0, number of routes 0

	Edges:


	Routes:





Phase 1 ended! Current time: 2026-08-09 01:35:16.037464
Phase 1 Report:
Iteration count: 1
Last iteration time: 0.0
Average iteration time: 0.0
Current score: 31554494.0


Phase 2 (only move_services) mid-report:
Iteration count: 1
Last iteration time: 0.0781240463256836
Average iteration time: 0.0781240463256836
Current score: 30554816.0


Phase 2 (only move_services) ended! Current time: 2026-08-09 01:35:16.834342
Phase 2 (only move_services) Report:
Iteration count: 6
Last iteration time: 0.046875
Average iteration time: 0.10416666666666667
Current score: 26556361.0


Phase 3 (using only swap_services) mid-report:
Iteration count: 1
Last iteration time: 0.04687929153442383
Average iteration time: 0.04687929153442383
Current score: 26556361.0


Phase 3 (using only swap_services) ended! Current time: 2026-08-09 01:35:17.006217
Phase 3 (using only swap_services) Report:
Iteration count: 1
Last iteration time: 0.04687929153442383
Average iteration time: 0.04687929153442383
Current score: 26556361.0


Phase 4 (routing operators) mid-report:
Current day: 0
Iteration count: 1
Last iteration time: 0.015625476837158203
Average iteration time: 0.015625476837158203
Current score: 26556361.0


Phase 4 (routing operators) day 0 ended!
Phase 4 (routing operators) day report:
Current Iteration count: 1
Last iteration time: 0.015625476837158203
Average iteration time: 0.015625476837158203
Current score: 26556361.0


Phase 4 (routing operators) day 1 ended!
Phase 4 (routing operators) day report:
Current Iteration count: 2
Last iteration time: 0.015631675720214844
Average iteration time: 0.015628576278686523
Current score: 26556361.0


Phase 4 (routing operators) day 2 ended!
Phase 4 (routing operators) day report:
Current Iteration count: 3
Last iteration time: 0.0
Average iteration time: 0.010419050852457682
Current score: 26556361.0


Phase 4 (routing operators) day 3 ended!
Phase 4 (routing operators) day report:
Current Iteration count: 4
Last iteration time: 0.0
Average iteration time: 0.007814288139343262
Current score: 26556361.0


Phase 4 (routing operators) day 4 ended!
Phase 4 (routing operators) day report:
Current Iteration count: 8
Last iteration time: 0.015622138977050781
Average iteration time: 0.029297292232513428
Current score: 26555757.0


Phase 4 (routing operators) day 7 ended!
Phase 4 (routing operators) day report:
Current Iteration count: 9
Last iteration time: 0.015629053115844727
Average iteration time: 0.027778598997328017
Current score: 26555757.0


Phase 4 (routing operators) day 8 ended!
Phase 4 (routing operators) day report:
Current Iteration count: 10
Last iteration time: 0.0
Average iteration time: 0.025000739097595214
Current score: 26555757.0


Phase 4 (routing operators) day 9 ended!
Phase 4 (routing operators) day report:
Current Iteration count: 11
Last iteration time: 0.0
Average iteration time: 0.022727944634177467
Current score: 26555757.0


Phase 4 (routing operators) day 10 ended!
Phase 4 (routing operators) day report:
Current Iteration count: 14
Last iteration time: 0.0
Average iteration time: 0.022322092737470354
Current score: 26555338.0


Phase 4 (routing operators) day 11 ended!
Phase 4 (routing operators) day report:
Current Iteration count: 18
Last iteration time: 0.015624523162841797
Average iteration time: 0.024305793974134658
Current score: 26554391.0


Phase 4 (routing operators) day 14 ended!
Phase 4 (routing operators) day report:
Current Iteration count: 19
Last iteration time: 0.0
Average iteration time: 0.023026541659706516
Current score: 26554391.0


Phase 4 (routing operators) day 15 ended!
Phase 4 (routing operators) day report:
Current Iteration count: 20
Last iteration time: 0.0
Average iteration time: 0.021875214576721192
Current score: 26554391.0


Phase 4 (routing operators) day 16 ended!
Phase 4 (routing operators) day report:
Current Iteration count: 21
Last iteration time: 0.0
Average iteration time: 0.02083353769211542
Current score: 26554391.0


Phase 4 (routing operators) day 17 ended!
Phase 4 (routing operators) day report:
Current Iteration count: 22
Last iteration time: 0.0
Average iteration time: 0.019886558706110172
Current score: 26554391.0


Phase 4 (routing operators) day 18 ended!
Phase 4 (routing operators) day report:
Current Iteration count: 23
Last iteration time: 0.0
Average iteration time: 0.01902192571888799
Current score: 26554391.0


Phase 4 (routing operators) day 21 ended!
Phase 4 (routing operators) day report:
Current Iteration count: 24
Last iteration time: 0.0
Average iteration time: 0.01822934548060099
Current score: 26554391.0


Phase 4 (routing operators) day 22 ended!
Phase 4 (routing operators) day report:
Current Iteration count: 25
Last iteration time: 0.0
Average iteration time: 0.01750017166137695
Current score: 26554391.0


Phase 4 (routing operators) day 23 ended!
Phase 4 (routing operators) day report:
Current Iteration count: 26
Last iteration time: 0.0
Average iteration time: 0.016827088135939375
Current score: 26554391.0


Phase 4 (routing operators) day 24 ended!
Phase 4 (routing operators) day report:
Current Iteration count: 28
Last iteration time: 0.0
Average iteration time: 0.016183086803981235
Current score: 26554113.0


Phase 4 (routing operators) day 25 ended!
Phase 4 (routing operators) day report:
Current Iteration count: 29
Last iteration time: 0.0
Average iteration time: 0.015625049327981883
Current score: 26554113.0


Phase 4 (routing operators) ended! Current time: 2026-08-09 01:35:18.334339
Phase 4 (routing operators) Report:
Iteration count: 29
Last iteration time: 0.0
Average iteration time: 0.015625049327981883
Current score: 26554113.0


Local search report:
Iteration count: 2 iterations
Last iteration time: 2.3125007152557373 seconds
Iteration average time: 5.562499165534973 seconds
Current score: 26554113.0

Phase 1 ended! Current time: 2026-08-09 01:35:18.349965
Phase 1 Report:
Iteration count: 1
Last iteration time: 0.0
Average iteration time: 0.0
Current score: 26554113.0


Phase 2 (only move_services) mid-report:
Iteration count: 1
Last iteration time: 0.07812833786010742
Average iteration time: 0.07812833786010742
Current score: 25554688.0


Phase 2 (only move_services) ended! Current time: 2026-08-09 01:35:18.928091
Phase 2 (only move_services) Report:
Iteration count: 3
Last iteration time: 0.0781245231628418
Average iteration time: 0.14062587420145672
Current score: 24555223.0


Phase 3 (using only swap_services) mid-report:
Iteration count: 1
Last iteration time: 0.046874284744262695
Average iteration time: 0.046874284744262695
Current score: 24555223.0


Phase 3 (using only swap_services) ended! Current time: 2026-08-09 01:35:19.146839
Phase 3 (using only swap_services) Report:
Iteration count: 1
Last iteration time: 0.046874284744262695
Average iteration time: 0.046874284744262695
Current score: 24555223.0


Phase 4 (routing operators) mid-report:
Current day: 0
Iteration count: 1
Last iteration time: 0.031247854232788086
Average iteration time: 0.031247854232788086
Current score: 24555223.0


Phase 4 (routing operators) day 0 ended!
Phase 4 (routing operators) day report:
Current Iteration count: 1
Last iteration time: 0.031247854232788086
Average iteration time: 0.031247854232788086
Current score: 24555223.0


Phase 4 (routing operators) day 1 ended!
Phase 4 (routing operators) day report:
Current Iteration count: 2
Last iteration time: 0.01560831069946289
Average iteration time: 0.02342808246612549
Current score: 24555223.0


Phase 4 (routing operators) day 2 ended!
Phase 4 (routing operators) day report:
Current Iteration count: 3
Last iteration time: 0.0
Average iteration time: 0.015618721644083658
Current score: 24555223.0


Phase 4 (routing operators) day 3 ended!
Phase 4 (routing operators) day report:
Current Iteration count: 4
Last iteration time: 0.0
Average iteration time: 0.011714041233062744
Current score: 24555223.0


Phase 4 (routing operators) day 4 ended!
Phase 4 (routing operators) day report:
Current Iteration count: 9
Last iteration time: 0.015624523162841797
Average iteration time: 0.04166420300801596
Current score: 24554236.0


Phase 4 (routing operators) day 7 ended!
Phase 4 (routing operators) day report:
Current Iteration count: 10
Last iteration time: 0.0
Average iteration time: 0.037497782707214364
Current score: 24554236.0


Phase 4 (routing operators) day 8 ended!
Phase 4 (routing operators) day report:
Current Iteration count: 11
Last iteration time: 0.0
Average iteration time: 0.03408889337019488
Current score: 24554236.0


Phase 4 (routing operators) day 9 ended!
Phase 4 (routing operators) day report:
Current Iteration count: 12
Last iteration time: 0.0
Average iteration time: 0.031248152256011973
Current score: 24554236.0


Phase 4 (routing operators) day 10 ended!
Phase 4 (routing operators) day report:
Current Iteration count: 14
Last iteration time: 0.015627622604370117
Average iteration time: 0.030132344790867405
Current score: 24554158.0


Phase 4 (routing operators) day 11 ended!
Phase 4 (routing operators) day report:
Current Iteration count: 15
Last iteration time: 0.015624284744262695
Average iteration time: 0.029165140787760425
Current score: 24554158.0


Phase 4 (routing operators) day 14 ended!
Phase 4 (routing operators) day report:
Current Iteration count: 16
Last iteration time: 0.01563096046447754
Average iteration time: 0.028319254517555244
Current score: 24554158.0


Phase 4 (routing operators) day 15 ended!
Phase 4 (routing operators) day report:
Current Iteration count: 17
Last iteration time: 0.0
Average iteration time: 0.02665341601652258
Current score: 24554158.0


Phase 4 (routing operators) day 16 ended!
Phase 4 (routing operators) day report:
Current Iteration count: 18
Last iteration time: 0.0
Average iteration time: 0.025172670682271327
Current score: 24554158.0


Phase 4 (routing operators) day 17 ended!
Phase 4 (routing operators) day report:
Current Iteration count: 19
Last iteration time: 0.0
Average iteration time: 0.02384779327794126
Current score: 24554158.0


Phase 4 (routing operators) day 18 ended!
Phase 4 (routing operators) day report:
Current Iteration count: 20
Last iteration time: 0.0
Average iteration time: 0.022655403614044195
Current score: 24554158.0


Phase 4 (routing operators) day 21 ended!
Phase 4 (routing operators) day report:
Current Iteration count: 21
Last iteration time: 0.01562976837158203
Average iteration time: 0.02232084955487933
Current score: 24554158.0


Phase 4 (routing operators) day 22 ended!
Phase 4 (routing operators) day report:
Current Iteration count: 22
Last iteration time: 0.015619993209838867
Average iteration time: 0.02201626517555931
Current score: 24554158.0


Phase 4 (routing operators) day 23 ended!
Phase 4 (routing operators) day report:
Current Iteration count: 23
Last iteration time: 0.015630722045898438
Average iteration time: 0.02173863286557405
Current score: 24554158.0


Phase 4 (routing operators) day 24 ended!
Phase 4 (routing operators) day report:
Current Iteration count: 24
Last iteration time: 0.0
Average iteration time: 0.020832856496175133
Current score: 24554158.0


Phase 4 (routing operators) day 25 ended!
Phase 4 (routing operators) day report:
Current Iteration count: 25
Last iteration time: 0.0
Average iteration time: 0.019999542236328126
Current score: 24554158.0


Phase 4 (routing operators) ended! Current time: 2026-08-09 01:35:20.849962
Phase 4 (routing operators) Report:
Iteration count: 25
Last iteration time: 0.0
Average iteration time: 0.019999542236328126
Current score: 24554158.0


Local search report:
Iteration count: 3 iterations
Last iteration time: 2.499997138977051 seconds
Iteration average time: 4.541665156682332 seconds
Current score: 24554158.0

Phase 1 ended! Current time: 2026-08-09 01:35:20.849962
Phase 1 Report:
Iteration count: 1
Last iteration time: 0.0
Average iteration time: 0.0
Current score: 24554158.0


Phase 2 (only move_services) mid-report:
Iteration count: 1
Last iteration time: 0.2656254768371582
Average iteration time: 0.2656254768371582
Current score: 24054200.0


Phase 2 (only move_services) ended! Current time: 2026-08-09 01:35:21.381217
Phase 2 (only move_services) Report:
Iteration count: 2
Last iteration time: 0.062499046325683594
Average iteration time: 0.1640622615814209
Current score: 24054200.0


Phase 3 (using only swap_services) mid-report:
Iteration count: 1
Last iteration time: 0.04687142372131348
Average iteration time: 0.04687142372131348
Current score: 24054200.0


Phase 3 (using only swap_services) ended! Current time: 2026-08-09 01:35:21.599969
Phase 3 (using only swap_services) Report:
Iteration count: 1
Last iteration time: 0.04687142372131348
Average iteration time: 0.04687142372131348
Current score: 24054200.0


Phase 4 (routing operators) mid-report:
Current day: 0
Iteration count: 1
Last iteration time: 0.015594720840454102
Average iteration time: 0.015594720840454102
Current score: 24054200.0


Phase 4 (routing operators) day 0 ended!
Phase 4 (routing operators) day report:
Current Iteration count: 1
Last iteration time: 0.015594720840454102
Average iteration time: 0.015594720840454102
Current score: 24054200.0


Phase 4 (routing operators) day 1 ended!
Phase 4 (routing operators) day report:
Current Iteration count: 2
Last iteration time: 0.0
Average iteration time: 0.007797360420227051
Current score: 24054200.0


Phase 4 (routing operators) day 2 ended!
Phase 4 (routing operators) day report:
Current Iteration count: 3
Last iteration time: 0.0
Average iteration time: 0.005198240280151367
Current score: 24054200.0


Phase 4 (routing operators) day 3 ended!
Phase 4 (routing operators) day report:
Current Iteration count: 4
Last iteration time: 0.0
Average iteration time: 0.0038986802101135254
Current score: 24054200.0


Phase 4 (routing operators) day 4 ended!
Phase 4 (routing operators) day report:
Current Iteration count: 6
Last iteration time: 0.01561880111694336
Average iteration time: 0.020827412605285645
Current score: 24054052.0


Phase 4 (routing operators) day 7 ended!
Phase 4 (routing operators) day report:
Current Iteration count: 7
Last iteration time: 0.015627622604370117
Average iteration time: 0.020084585462297713
Current score: 24054052.0


Phase 4 (routing operators) day 8 ended!
Phase 4 (routing operators) day report:
Current Iteration count: 8
Last iteration time: 0.0
Average iteration time: 0.017574012279510498
Current score: 24054052.0


Phase 4 (routing operators) day 9 ended!
Phase 4 (routing operators) day report:
Current Iteration count: 9
Last iteration time: 0.0
Average iteration time: 0.015621344248453775
Current score: 24054052.0


Phase 4 (routing operators) day 10 ended!
Phase 4 (routing operators) day report:
Current Iteration count: 10
Last iteration time: 0.0
Average iteration time: 0.014059209823608398
Current score: 24054052.0


Phase 4 (routing operators) day 11 ended!
Phase 4 (routing operators) day report:
Current Iteration count: 11
Last iteration time: 0.01562643051147461
Average iteration time: 0.014201684431596237
Current score: 24054052.0


Phase 4 (routing operators) day 14 ended!
Phase 4 (routing operators) day report:
Current Iteration count: 12
Last iteration time: 0.015619277954101562
Average iteration time: 0.014319817225138348
Current score: 24054052.0


Phase 4 (routing operators) day 15 ended!
Phase 4 (routing operators) day report:
Current Iteration count: 13
Last iteration time: 0.0
Average iteration time: 0.013218292823204627
Current score: 24054052.0


Phase 4 (routing operators) day 16 ended!
Phase 4 (routing operators) day report:
Current Iteration count: 14
Last iteration time: 0.0
Average iteration time: 0.012274129050118583
Current score: 24054052.0


Phase 4 (routing operators) day 17 ended!
Phase 4 (routing operators) day report:
Current Iteration count: 15
Last iteration time: 0.0
Average iteration time: 0.011455853780110678
Current score: 24054052.0


Phase 4 (routing operators) day 18 ended!
Phase 4 (routing operators) day report:
Current Iteration count: 16
Last iteration time: 0.01562786102294922
Average iteration time: 0.011716604232788086
Current score: 24054052.0


Phase 4 (routing operators) day 21 ended!
Phase 4 (routing operators) day report:
Current Iteration count: 17
Last iteration time: 0.015619993209838867
Average iteration time: 0.011946215349085191
Current score: 24054052.0


Phase 4 (routing operators) day 22 ended!
Phase 4 (routing operators) day report:
Current Iteration count: 18
Last iteration time: 0.0
Average iteration time: 0.011282536718580458
Current score: 24054052.0


Phase 4 (routing operators) day 23 ended!
Phase 4 (routing operators) day report:
Current Iteration count: 19
Last iteration time: 0.0
Average iteration time: 0.010688718996549907
Current score: 24054052.0


Phase 4 (routing operators) day 24 ended!
Phase 4 (routing operators) day report:
Current Iteration count: 20
Last iteration time: 0.0
Average iteration time: 0.01015428304672241
Current score: 24054052.0


Phase 4 (routing operators) day 25 ended!
Phase 4 (routing operators) day report:
Current Iteration count: 21
Last iteration time: 0.015623092651367188
Average iteration time: 0.010414702551705495
Current score: 24054052.0


Phase 4 (routing operators) ended! Current time: 2026-08-09 01:35:22.959340
Phase 4 (routing operators) Report:
Iteration count: 21
Last iteration time: 0.015623092651367188
Average iteration time: 0.010414702551705495
Current score: 24054052.0


Local search report:
Iteration count: 4 iterations
Last iteration time: 2.10937762260437 seconds
Iteration average time: 3.933593273162842 seconds
Current score: 24054052.0

Phase 1 ended! Current time: 2026-08-09 01:35:22.959340
Phase 1 Report:
Iteration count: 1
Last iteration time: 0.0
Average iteration time: 0.0
Current score: 24054052.0


Phase 2 (only move_services) mid-report:
Iteration count: 1
Last iteration time: 0.06249403953552246
Average iteration time: 0.06249403953552246
Current score: 24054052.0


Phase 2 (only move_services) ended! Current time: 2026-08-09 01:35:23.209337
Phase 2 (only move_services) Report:
Iteration count: 1
Last iteration time: 0.06249403953552246
Average iteration time: 0.06249403953552246
Current score: 24054052.0


Phase 3 (using only swap_services) mid-report:
Iteration count: 1
Last iteration time: 0.046875
Average iteration time: 0.046875
Current score: 24054052.0


Phase 3 (using only swap_services) ended! Current time: 2026-08-09 01:35:23.443718
Phase 3 (using only swap_services) Report:
Iteration count: 1
Last iteration time: 0.046875
Average iteration time: 0.046875
Current score: 24054052.0


Phase 4 (routing operators) mid-report:
Current day: 0
Iteration count: 1
Last iteration time: 0.015623807907104492
Average iteration time: 0.015623807907104492
Current score: 24054052.0


Phase 4 (routing operators) day 0 ended!
Phase 4 (routing operators) day report:
Current Iteration count: 1
Last iteration time: 0.015623807907104492
Average iteration time: 0.015623807907104492
Current score: 24054052.0


Phase 4 (routing operators) day 1 ended!
Phase 4 (routing operators) day report:
Current Iteration count: 2
Last iteration time: 0.0
Average iteration time: 0.007811903953552246
Current score: 24054052.0


Phase 4 (routing operators) day 2 ended!
Phase 4 (routing operators) day report:
Current Iteration count: 3
Last iteration time: 0.0
Average iteration time: 0.005207935969034831
Current score: 24054052.0


Phase 4 (routing operators) day 3 ended!
Phase 4 (routing operators) day report:
Current Iteration count: 4
Last iteration time: 0.0
Average iteration time: 0.003905951976776123
Current score: 24054052.0


Phase 4 (routing operators) day 4 ended!
Phase 4 (routing operators) day report:
Current Iteration count: 5
Last iteration time: 0.015624523162841797
Average iteration time: 0.006249666213989258
Current score: 24054052.0


Phase 4 (routing operators) day 7 ended!
Phase 4 (routing operators) day report:
Current Iteration count: 6
Last iteration time: 0.0156252384185791
Average iteration time: 0.0078122615814208984
Current score: 24054052.0


Phase 4 (routing operators) day 8 ended!
Phase 4 (routing operators) day report:
Current Iteration count: 7
Last iteration time: 0.0
Average iteration time: 0.006696224212646484
Current score: 24054052.0


Phase 4 (routing operators) day 9 ended!
Phase 4 (routing operators) day report:
Current Iteration count: 8
Last iteration time: 0.015622854232788086
Average iteration time: 0.007812052965164185
Current score: 24054052.0


Phase 4 (routing operators) day 10 ended!
Phase 4 (routing operators) day report:
Current Iteration count: 9
Last iteration time: 0.015633344650268555
Average iteration time: 0.008681085374620225
Current score: 24054052.0


Phase 4 (routing operators) day 11 ended!
Phase 4 (routing operators) day report:
Current Iteration count: 10
Last iteration time: 0.0
Average iteration time: 0.007812976837158203
Current score: 24054052.0


Phase 4 (routing operators) day 14 ended!
Phase 4 (routing operators) day report:
Current Iteration count: 11
Last iteration time: 0.0
Average iteration time: 0.007102706215598367
Current score: 24054052.0


Phase 4 (routing operators) day 15 ended!
Phase 4 (routing operators) day report:
Current Iteration count: 12
Last iteration time: 0.0
Average iteration time: 0.006510814030965169
Current score: 24054052.0


Phase 4 (routing operators) day 16 ended!
Phase 4 (routing operators) day report:
Current Iteration count: 13
Last iteration time: 0.0
Average iteration time: 0.006009982182429387
Current score: 24054052.0


Phase 4 (routing operators) day 17 ended!
Phase 4 (routing operators) day report:
Current Iteration count: 14
Last iteration time: 0.015623807907104492
Average iteration time: 0.0066966840199061805
Current score: 24054052.0


Phase 4 (routing operators) day 18 ended!
Phase 4 (routing operators) day report:
Current Iteration count: 15
Last iteration time: 0.015624523162841797
Average iteration time: 0.007291873296101889
Current score: 24054052.0


Phase 4 (routing operators) day 21 ended!
Phase 4 (routing operators) day report:
Current Iteration count: 16
Last iteration time: 0.0
Average iteration time: 0.006836131215095521
Current score: 24054052.0


Phase 4 (routing operators) day 22 ended!
Phase 4 (routing operators) day report:
Current Iteration count: 17
Last iteration time: 0.0
Average iteration time: 0.0064340058495016665
Current score: 24054052.0


Phase 4 (routing operators) day 23 ended!
Phase 4 (routing operators) day report:
Current Iteration count: 18
Last iteration time: 0.0
Average iteration time: 0.006076561080084908
Current score: 24054052.0


Phase 4 (routing operators) day 24 ended!
Phase 4 (routing operators) day report:
Current Iteration count: 19
Last iteration time: 0.015624046325683594
Average iteration time: 0.00657906030353747
Current score: 24054052.0


Phase 4 (routing operators) day 25 ended!
Phase 4 (routing operators) day report:
Current Iteration count: 20
Last iteration time: 0.0
Average iteration time: 0.006250107288360595
Current score: 24054052.0


Phase 4 (routing operators) ended! Current time: 2026-08-09 01:35:24.631213
Phase 4 (routing operators) Report:
Iteration count: 20
Last iteration time: 0.0
Average iteration time: 0.006250107288360595
Current score: 24054052.0


Local search report:
Iteration count: 5 iterations
Last iteration time: 1.6718735694885254 seconds
Iteration average time: 3.4812493324279785 seconds
Current score: 24054052.0

Local search ended after 5 iterations.
Last iteration time: 1.6718735694885254 seconds
Iteration average time: 3.4812493324279785 seconds
Original score: 148278567.0
Current score: 24054052.0

----- MARKER - SOLUTION PRINTED BELOW -------

Day 0, number of edges 42, number of routes 9

	Edges:

	Edge: 18 <--> 26 	 Freq: 28.0 	 Demand: 3264
	Edge: 8 <--> 11 	 Freq: 28.0 	 Demand: 544
	Edge: 16 <--> 27 	 Freq: 28.0 	 Demand: 1530
	Edge: 5 <--> 6 	 Freq: 14.0 	 Demand: 2550
	Edge: 17 <--> 13 	 Freq: 14.0 	 Demand: 408
	Edge: 21 <--> 22 	 Freq: 28.0 	 Demand: 3400
	Edge: 16 <--> 27 	 Freq: 14.0 	 Demand: 2380
	Edge: 7 <--> 1 	 Freq: 14.0 	 Demand: 3825
	Edge: 7 <--> 21 	 Freq: 28.0 	 Demand: 2040
	Edge: 25 <--> 11 	 Freq: 28.0 	 Demand: 1428
	Edge: 0 <--> 9 	 Freq: 28.0 	 Demand: 3230
	Edge: 14 <--> 25 	 Freq: 28.0 	 Demand: 3162
	Edge: 9 <--> 10 	 Freq: 28.0 	 Demand: 2550
	Edge: 24 <--> 22 	 Freq: 28.0 	 Demand: 2890
	Edge: 17 <--> 13 	 Freq: 28.0 	 Demand: 408
	Edge: 2 <--> 3 	 Freq: 28.0 	 Demand: 1530
	Edge: 22 <--> 23 	 Freq: 28.0 	 Demand: 2108
	Edge: 4 <--> 3 	 Freq: 28.0 	 Demand: 2754
	Edge: 26 <--> 9 	 Freq: 28.0 	 Demand: 2890
	Edge: 12 <--> 14 	 Freq: 28.0 	 Demand: 680
	Edge: 27 <--> 26 	 Freq: 28.0 	 Demand: 4420
	Edge: 18 <--> 16 	 Freq: 28.0 	 Demand: 2448
	Edge: 8 <--> 25 	 Freq: 28.0 	 Demand: 2226
	Edge: 5 <--> 6 	 Freq: 28.0 	 Demand: 5434
	Edge: 26 <--> 9 	 Freq: 7.0 	 Demand: 6338
	Edge: 25 <--> 11 	 Freq: 7.0 	 Demand: 850
	Edge: 0 <--> 9 	 Freq: 7.0 	 Demand: 204
	Edge: 16 <--> 27 	 Freq: 7.0 	 Demand: 612
	Edge: 17 <--> 13 	 Freq: 3.5 	 Demand: 1360
	Edge: 2 <--> 3 	 Freq: 3.5 	 Demand: 4080
	Edge: 22 <--> 23 	 Freq: 3.5 	 Demand: 1530
	Edge: 3 <--> 5 	 Freq: 3.5 	 Demand: 680
	Edge: 19 <--> 20 	 Freq: 3.5 	 Demand: 850
	Edge: 27 <--> 26 	 Freq: 3.5 	 Demand: 1020
	Edge: 12 <--> 14 	 Freq: 3.5 	 Demand: 2125
	Edge: 25 <--> 11 	 Freq: 3.5 	 Demand: 1938
	Edge: 14 <--> 25 	 Freq: 3.5 	 Demand: 3910
	Edge: 16 <--> 27 	 Freq: 3.5 	 Demand: 1020
	Edge: 8 <--> 25 	 Freq: 7.0 	 Demand: 4076
	Edge: 9 <--> 10 	 Freq: 3.5 	 Demand: 3264
	Edge: 14 <--> 25 	 Freq: 7.0 	 Demand: 2550
	Edge: 11 <--> 1 	 Freq: 7.0 	 Demand: 3060

	Routes:

	Route: 1
	Route length (1121.0) and demand (11458)
	Edge: 16 <--> 27 	 Freq: 28.0 	 Demand: 1530
	Edge: 22 <--> 23 	 Freq: 3.5 	 Demand: 1530
	Edge: 21 <--> 22 	 Freq: 28.0 	 Demand: 3400
	Edge: 24 <--> 22 	 Freq: 28.0 	 Demand: 2890
	Edge: 22 <--> 23 	 Freq: 28.0 	 Demand: 2108
	Route: 2
	Route length (876.0) and demand (11441)
	Edge: 14 <--> 25 	 Freq: 3.5 	 Demand: 3910
	Edge: 14 <--> 25 	 Freq: 7.0 	 Demand: 2550
	Edge: 12 <--> 14 	 Freq: 3.5 	 Demand: 2125
	Edge: 17 <--> 13 	 Freq: 14.0 	 Demand: 408
	Edge: 17 <--> 13 	 Freq: 3.5 	 Demand: 1360
	Edge: 17 <--> 13 	 Freq: 28.0 	 Demand: 408
	Edge: 12 <--> 14 	 Freq: 28.0 	 Demand: 680
	Route: 3
	Route length (740.0) and demand (10008)
	Edge: 8 <--> 25 	 Freq: 7.0 	 Demand: 4076
	Edge: 14 <--> 25 	 Freq: 28.0 	 Demand: 3162
	Edge: 8 <--> 25 	 Freq: 28.0 	 Demand: 2226
	Edge: 8 <--> 11 	 Freq: 28.0 	 Demand: 544
	Route: 4
	Route length (943.0) and demand (11900)
	Edge: 18 <--> 16 	 Freq: 28.0 	 Demand: 2448
	Edge: 16 <--> 27 	 Freq: 7.0 	 Demand: 612
	Edge: 27 <--> 26 	 Freq: 28.0 	 Demand: 4420
	Edge: 27 <--> 26 	 Freq: 3.5 	 Demand: 1020
	Edge: 16 <--> 27 	 Freq: 3.5 	 Demand: 1020
	Edge: 16 <--> 27 	 Freq: 14.0 	 Demand: 2380
	Route: 5
	Route length (666.0) and demand (11968)
	Edge: 9 <--> 10 	 Freq: 28.0 	 Demand: 2550
	Edge: 9 <--> 10 	 Freq: 3.5 	 Demand: 3264
	Edge: 26 <--> 9 	 Freq: 28.0 	 Demand: 2890
	Edge: 18 <--> 26 	 Freq: 28.0 	 Demand: 3264
	Route: 6
	Route length (453.0) and demand (10704)
	Edge: 5 <--> 6 	 Freq: 28.0 	 Demand: 5434
	Edge: 7 <--> 21 	 Freq: 28.0 	 Demand: 2040
	Edge: 5 <--> 6 	 Freq: 14.0 	 Demand: 2550
	Edge: 3 <--> 5 	 Freq: 3.5 	 Demand: 680
	Route: 7
	Route length (363.0) and demand (9772)
	Edge: 0 <--> 9 	 Freq: 28.0 	 Demand: 3230
	Edge: 26 <--> 9 	 Freq: 7.0 	 Demand: 6338
	Edge: 0 <--> 9 	 Freq: 7.0 	 Demand: 204
	Route: 8
	Route length (214.0) and demand (8364)
	Edge: 2 <--> 3 	 Freq: 28.0 	 Demand: 1530
	Edge: 4 <--> 3 	 Freq: 28.0 	 Demand: 2754
	Edge: 2 <--> 3 	 Freq: 3.5 	 Demand: 4080
	Route: 9
	Route length (914.0) and demand (11951)
	Edge: 7 <--> 1 	 Freq: 14.0 	 Demand: 3825
	Edge: 19 <--> 20 	 Freq: 3.5 	 Demand: 850
	Edge: 11 <--> 1 	 Freq: 7.0 	 Demand: 3060
	Edge: 25 <--> 11 	 Freq: 28.0 	 Demand: 1428
	Edge: 25 <--> 11 	 Freq: 3.5 	 Demand: 1938
	Edge: 25 <--> 11 	 Freq: 7.0 	 Demand: 850

Day 1, number of edges 12, number of routes 5

	Edges:

	Edge: 5 <--> 6 	 Freq: 2.3 	 Demand: 3584
	Edge: 2 <--> 3 	 Freq: 2.3 	 Demand: 2040
	Edge: 22 <--> 23 	 Freq: 2.3 	 Demand: 3760
	Edge: 4 <--> 3 	 Freq: 2.3 	 Demand: 3889
	Edge: 24 <--> 22 	 Freq: 2.3 	 Demand: 4080
	Edge: 14 <--> 25 	 Freq: 2.3 	 Demand: 3060
	Edge: 6 <--> 24 	 Freq: 2.3 	 Demand: 3060
	Edge: 7 <--> 21 	 Freq: 2.3 	 Demand: 4080
	Edge: 21 <--> 22 	 Freq: 2.3 	 Demand: 4157
	Edge: 18 <--> 16 	 Freq: 3.5 	 Demand: 4245
	Edge: 15 <--> 8 	 Freq: 7.0 	 Demand: 1700
	Edge: 18 <--> 26 	 Freq: 3.5 	 Demand: 2040

	Routes:

	Route: 1
	Route length (214.0) and demand (5929)
	Edge: 2 <--> 3 	 Freq: 2.3 	 Demand: 2040
	Edge: 4 <--> 3 	 Freq: 2.3 	 Demand: 3889
	Route: 2
	Route length (382.0) and demand (6285)
	Edge: 18 <--> 26 	 Freq: 3.5 	 Demand: 2040
	Edge: 18 <--> 16 	 Freq: 3.5 	 Demand: 4245
	Route: 3
	Route length (665.0) and demand (10724)
	Edge: 5 <--> 6 	 Freq: 2.3 	 Demand: 3584
	Edge: 6 <--> 24 	 Freq: 2.3 	 Demand: 3060
	Edge: 24 <--> 22 	 Freq: 2.3 	 Demand: 4080
	Route: 4
	Route length (434.0) and demand (4760)
	Edge: 14 <--> 25 	 Freq: 2.3 	 Demand: 3060
	Edge: 15 <--> 8 	 Freq: 7.0 	 Demand: 1700
	Route: 5
	Route length (850.0) and demand (11997)
	Edge: 7 <--> 21 	 Freq: 2.3 	 Demand: 4080
	Edge: 21 <--> 22 	 Freq: 2.3 	 Demand: 4157
	Edge: 22 <--> 23 	 Freq: 2.3 	 Demand: 3760

Day 2, number of edges 0, number of routes 0

	Edges:


	Routes:


Day 3, number of edges 9, number of routes 4

	Edges:

	Edge: 5 <--> 6 	 Freq: 2.3 	 Demand: 3584
	Edge: 2 <--> 3 	 Freq: 2.3 	 Demand: 2040
	Edge: 22 <--> 23 	 Freq: 2.3 	 Demand: 3760
	Edge: 4 <--> 3 	 Freq: 2.3 	 Demand: 3889
	Edge: 24 <--> 22 	 Freq: 2.3 	 Demand: 4080
	Edge: 14 <--> 25 	 Freq: 2.3 	 Demand: 3060
	Edge: 6 <--> 24 	 Freq: 2.3 	 Demand: 3060
	Edge: 7 <--> 21 	 Freq: 2.3 	 Demand: 4080
	Edge: 21 <--> 22 	 Freq: 2.3 	 Demand: 4157

	Routes:

	Route: 1
	Route length (665.0) and demand (10724)
	Edge: 24 <--> 22 	 Freq: 2.3 	 Demand: 4080
	Edge: 6 <--> 24 	 Freq: 2.3 	 Demand: 3060
	Edge: 5 <--> 6 	 Freq: 2.3 	 Demand: 3584
	Route: 2
	Route length (402.0) and demand (3060)
	Edge: 14 <--> 25 	 Freq: 2.3 	 Demand: 3060
	Route: 3
	Route length (850.0) and demand (11997)
	Edge: 22 <--> 23 	 Freq: 2.3 	 Demand: 3760
	Edge: 21 <--> 22 	 Freq: 2.3 	 Demand: 4157
	Edge: 7 <--> 21 	 Freq: 2.3 	 Demand: 4080
	Route: 4
	Route length (214.0) and demand (5929)
	Edge: 2 <--> 3 	 Freq: 2.3 	 Demand: 2040
	Edge: 4 <--> 3 	 Freq: 2.3 	 Demand: 3889

Day 4, number of edges 28, number of routes 7

	Edges:

	Edge: 5 <--> 6 	 Freq: 2.3 	 Demand: 3584
	Edge: 2 <--> 3 	 Freq: 2.3 	 Demand: 2040
	Edge: 22 <--> 23 	 Freq: 2.3 	 Demand: 3760
	Edge: 4 <--> 3 	 Freq: 2.3 	 Demand: 3889
	Edge: 14 <--> 25 	 Freq: 2.3 	 Demand: 3060
	Edge: 6 <--> 24 	 Freq: 2.3 	 Demand: 3060
	Edge: 7 <--> 21 	 Freq: 2.3 	 Demand: 4080
	Edge: 24 <--> 22 	 Freq: 2.3 	 Demand: 4080
	Edge: 21 <--> 22 	 Freq: 2.3 	 Demand: 4157
	Edge: 17 <--> 13 	 Freq: 3.5 	 Demand: 1360
	Edge: 2 <--> 3 	 Freq: 3.5 	 Demand: 4080
	Edge: 22 <--> 23 	 Freq: 3.5 	 Demand: 1530
	Edge: 3 <--> 5 	 Freq: 3.5 	 Demand: 680
	Edge: 19 <--> 20 	 Freq: 3.5 	 Demand: 850
	Edge: 27 <--> 26 	 Freq: 3.5 	 Demand: 1020
	Edge: 18 <--> 16 	 Freq: 3.5 	 Demand: 4245
	Edge: 12 <--> 14 	 Freq: 3.5 	 Demand: 2125
	Edge: 9 <--> 10 	 Freq: 3.5 	 Demand: 3264
	Edge: 25 <--> 11 	 Freq: 3.5 	 Demand: 1938
	Edge: 14 <--> 25 	 Freq: 3.5 	 Demand: 3910
	Edge: 16 <--> 27 	 Freq: 3.5 	 Demand: 1020
	Edge: 18 <--> 26 	 Freq: 3.5 	 Demand: 2040
	Edge: 26 <--> 9 	 Freq: 7.0 	 Demand: 6338
	Edge: 18 <--> 16 	 Freq: 7.0 	 Demand: 2550
	Edge: 0 <--> 9 	 Freq: 7.0 	 Demand: 204
	Edge: 16 <--> 27 	 Freq: 7.0 	 Demand: 612
	Edge: 8 <--> 25 	 Freq: 7.0 	 Demand: 4076
	Edge: 8 <--> 11 	 Freq: 7.0 	 Demand: 1020

	Routes:

	Route: 1
	Route length (736.0) and demand (11471)
	Edge: 17 <--> 13 	 Freq: 3.5 	 Demand: 1360
	Edge: 12 <--> 14 	 Freq: 3.5 	 Demand: 2125
	Edge: 14 <--> 25 	 Freq: 3.5 	 Demand: 3910
	Edge: 8 <--> 25 	 Freq: 7.0 	 Demand: 4076
	Route: 2
	Route length (946.0) and demand (10977)
	Edge: 18 <--> 16 	 Freq: 3.5 	 Demand: 4245
	Edge: 16 <--> 27 	 Freq: 3.5 	 Demand: 1020
	Edge: 27 <--> 26 	 Freq: 3.5 	 Demand: 1020
	Edge: 16 <--> 27 	 Freq: 7.0 	 Demand: 612
	Edge: 22 <--> 23 	 Freq: 3.5 	 Demand: 1530
	Edge: 18 <--> 16 	 Freq: 7.0 	 Demand: 2550
	Route: 3
	Route length (631.0) and demand (11846)
	Edge: 18 <--> 26 	 Freq: 3.5 	 Demand: 2040
	Edge: 9 <--> 10 	 Freq: 3.5 	 Demand: 3264
	Edge: 26 <--> 9 	 Freq: 7.0 	 Demand: 6338
	Edge: 0 <--> 9 	 Freq: 7.0 	 Demand: 204
	Route: 4
	Route length (683.0) and demand (6018)
	Edge: 8 <--> 11 	 Freq: 7.0 	 Demand: 1020
	Edge: 25 <--> 11 	 Freq: 3.5 	 Demand: 1938
	Edge: 14 <--> 25 	 Freq: 2.3 	 Demand: 3060
	Route: 5
	Route length (940.0) and demand (11997)
	Edge: 24 <--> 22 	 Freq: 2.3 	 Demand: 4080
	Edge: 21 <--> 22 	 Freq: 2.3 	 Demand: 4157
	Edge: 22 <--> 23 	 Freq: 2.3 	 Demand: 3760
	Route: 6
	Route length (788.0) and demand (11574)
	Edge: 19 <--> 20 	 Freq: 3.5 	 Demand: 850
	Edge: 7 <--> 21 	 Freq: 2.3 	 Demand: 4080
	Edge: 6 <--> 24 	 Freq: 2.3 	 Demand: 3060
	Edge: 5 <--> 6 	 Freq: 2.3 	 Demand: 3584
	Route: 7
	Route length (271.0) and demand (10689)
	Edge: 2 <--> 3 	 Freq: 2.3 	 Demand: 2040
	Edge: 4 <--> 3 	 Freq: 2.3 	 Demand: 3889
	Edge: 3 <--> 5 	 Freq: 3.5 	 Demand: 680
	Edge: 2 <--> 3 	 Freq: 3.5 	 Demand: 4080

Day 5, number of edges 0, number of routes 0

	Edges:


	Routes:


Day 6, number of edges 0, number of routes 0

	Edges:


	Routes:


Day 7, number of edges 25, number of routes 7

	Edges:

	Edge: 2 <--> 3 	 Freq: 2.3 	 Demand: 2040
	Edge: 5 <--> 6 	 Freq: 2.3 	 Demand: 3584
	Edge: 4 <--> 3 	 Freq: 2.3 	 Demand: 3889
	Edge: 14 <--> 25 	 Freq: 2.3 	 Demand: 3060
	Edge: 7 <--> 21 	 Freq: 2.3 	 Demand: 4080
	Edge: 6 <--> 24 	 Freq: 2.3 	 Demand: 3060
	Edge: 22 <--> 23 	 Freq: 2.3 	 Demand: 3760
	Edge: 24 <--> 22 	 Freq: 2.3 	 Demand: 4080
	Edge: 21 <--> 22 	 Freq: 2.3 	 Demand: 4157
	Edge: 17 <--> 13 	 Freq: 3.5 	 Demand: 1360
	Edge: 2 <--> 3 	 Freq: 3.5 	 Demand: 4080
	Edge: 22 <--> 23 	 Freq: 3.5 	 Demand: 1530
	Edge: 3 <--> 5 	 Freq: 3.5 	 Demand: 680
	Edge: 19 <--> 20 	 Freq: 3.5 	 Demand: 850
	Edge: 27 <--> 26 	 Freq: 3.5 	 Demand: 1020
	Edge: 18 <--> 16 	 Freq: 3.5 	 Demand: 4245
	Edge: 12 <--> 14 	 Freq: 3.5 	 Demand: 2125
	Edge: 9 <--> 10 	 Freq: 3.5 	 Demand: 3264
	Edge: 25 <--> 11 	 Freq: 3.5 	 Demand: 1938
	Edge: 14 <--> 25 	 Freq: 3.5 	 Demand: 3910
	Edge: 16 <--> 27 	 Freq: 3.5 	 Demand: 1020
	Edge: 18 <--> 26 	 Freq: 3.5 	 Demand: 2040
	Edge: 25 <--> 11 	 Freq: 7.0 	 Demand: 850
	Edge: 14 <--> 25 	 Freq: 7.0 	 Demand: 2550
	Edge: 11 <--> 1 	 Freq: 7.0 	 Demand: 3060

	Routes:

	Route: 1
	Route length (650.0) and demand (10044)
	Edge: 14 <--> 25 	 Freq: 7.0 	 Demand: 2550
	Edge: 25 <--> 11 	 Freq: 7.0 	 Demand: 850
	Edge: 11 <--> 1 	 Freq: 7.0 	 Demand: 3060
	Edge: 5 <--> 6 	 Freq: 2.3 	 Demand: 3584
	Route: 2
	Route length (214.0) and demand (10009)
	Edge: 2 <--> 3 	 Freq: 2.3 	 Demand: 2040
	Edge: 4 <--> 3 	 Freq: 2.3 	 Demand: 3889
	Edge: 2 <--> 3 	 Freq: 3.5 	 Demand: 4080
	Route: 3
	Route length (664.0) and demand (6545)
	Edge: 14 <--> 25 	 Freq: 2.3 	 Demand: 3060
	Edge: 12 <--> 14 	 Freq: 3.5 	 Demand: 2125
	Edge: 17 <--> 13 	 Freq: 3.5 	 Demand: 1360
	Route: 4
	Route length (940.0) and demand (11997)
	Edge: 22 <--> 23 	 Freq: 2.3 	 Demand: 3760
	Edge: 21 <--> 22 	 Freq: 2.3 	 Demand: 4157
	Edge: 24 <--> 22 	 Freq: 2.3 	 Demand: 4080
	Route: 5
	Route length (226.0) and demand (4245)
	Edge: 18 <--> 16 	 Freq: 3.5 	 Demand: 4245
	Route: 6
	Route length (873.0) and demand (11458)
	Edge: 14 <--> 25 	 Freq: 3.5 	 Demand: 3910
	Edge: 25 <--> 11 	 Freq: 3.5 	 Demand: 1938
	Edge: 19 <--> 20 	 Freq: 3.5 	 Demand: 850
	Edge: 7 <--> 21 	 Freq: 2.3 	 Demand: 4080
	Edge: 3 <--> 5 	 Freq: 3.5 	 Demand: 680
	Route: 7
	Route length (1252.0) and demand (11934)
	Edge: 6 <--> 24 	 Freq: 2.3 	 Demand: 3060
	Edge: 22 <--> 23 	 Freq: 3.5 	 Demand: 1530
	Edge: 16 <--> 27 	 Freq: 3.5 	 Demand: 1020
	Edge: 27 <--> 26 	 Freq: 3.5 	 Demand: 1020
	Edge: 18 <--> 26 	 Freq: 3.5 	 Demand: 2040
	Edge: 9 <--> 10 	 Freq: 3.5 	 Demand: 3264

Day 8, number of edges 1, number of routes 1

	Edges:

	Edge: 15 <--> 8 	 Freq: 7.0 	 Demand: 1700

	Routes:

	Route: 1
	Route length (196.0) and demand (1700)
	Edge: 15 <--> 8 	 Freq: 7.0 	 Demand: 1700

Day 9, number of edges 9, number of routes 4

	Edges:

	Edge: 5 <--> 6 	 Freq: 2.3 	 Demand: 3584
	Edge: 2 <--> 3 	 Freq: 2.3 	 Demand: 2040
	Edge: 22 <--> 23 	 Freq: 2.3 	 Demand: 3760
	Edge: 4 <--> 3 	 Freq: 2.3 	 Demand: 3889
	Edge: 24 <--> 22 	 Freq: 2.3 	 Demand: 4080
	Edge: 14 <--> 25 	 Freq: 2.3 	 Demand: 3060
	Edge: 6 <--> 24 	 Freq: 2.3 	 Demand: 3060
	Edge: 7 <--> 21 	 Freq: 2.3 	 Demand: 4080
	Edge: 21 <--> 22 	 Freq: 2.3 	 Demand: 4157

	Routes:

	Route: 1
	Route length (665.0) and demand (10724)
	Edge: 5 <--> 6 	 Freq: 2.3 	 Demand: 3584
	Edge: 6 <--> 24 	 Freq: 2.3 	 Demand: 3060
	Edge: 24 <--> 22 	 Freq: 2.3 	 Demand: 4080
	Route: 2
	Route length (402.0) and demand (3060)
	Edge: 14 <--> 25 	 Freq: 2.3 	 Demand: 3060
	Route: 3
	Route length (850.0) and demand (11997)
	Edge: 7 <--> 21 	 Freq: 2.3 	 Demand: 4080
	Edge: 21 <--> 22 	 Freq: 2.3 	 Demand: 4157
	Edge: 22 <--> 23 	 Freq: 2.3 	 Demand: 3760
	Route: 4
	Route length (214.0) and demand (5929)
	Edge: 2 <--> 3 	 Freq: 2.3 	 Demand: 2040
	Edge: 4 <--> 3 	 Freq: 2.3 	 Demand: 3889

Day 10, number of edges 13, number of routes 4

	Edges:

	Edge: 17 <--> 13 	 Freq: 3.5 	 Demand: 1360
	Edge: 2 <--> 3 	 Freq: 3.5 	 Demand: 4080
	Edge: 22 <--> 23 	 Freq: 3.5 	 Demand: 1530
	Edge: 3 <--> 5 	 Freq: 3.5 	 Demand: 680
	Edge: 19 <--> 20 	 Freq: 3.5 	 Demand: 850
	Edge: 27 <--> 26 	 Freq: 3.5 	 Demand: 1020
	Edge: 18 <--> 16 	 Freq: 3.5 	 Demand: 4245
	Edge: 12 <--> 14 	 Freq: 3.5 	 Demand: 2125
	Edge: 9 <--> 10 	 Freq: 3.5 	 Demand: 3264
	Edge: 25 <--> 11 	 Freq: 3.5 	 Demand: 1938
	Edge: 14 <--> 25 	 Freq: 3.5 	 Demand: 3910
	Edge: 16 <--> 27 	 Freq: 3.5 	 Demand: 1020
	Edge: 18 <--> 26 	 Freq: 3.5 	 Demand: 2040

	Routes:

	Route: 1
	Route length (97.0) and demand (4080)
	Edge: 2 <--> 3 	 Freq: 3.5 	 Demand: 4080
	Route: 2
	Route length (398.0) and demand (3264)
	Edge: 9 <--> 10 	 Freq: 3.5 	 Demand: 3264
	Route: 3
	Route length (937.0) and demand (9855)
	Edge: 18 <--> 26 	 Freq: 3.5 	 Demand: 2040
	Edge: 27 <--> 26 	 Freq: 3.5 	 Demand: 1020
	Edge: 16 <--> 27 	 Freq: 3.5 	 Demand: 1020
	Edge: 18 <--> 16 	 Freq: 3.5 	 Demand: 4245
	Edge: 22 <--> 23 	 Freq: 3.5 	 Demand: 1530
	Route: 4
	Route length (1004.0) and demand (10863)
	Edge: 17 <--> 13 	 Freq: 3.5 	 Demand: 1360
	Edge: 12 <--> 14 	 Freq: 3.5 	 Demand: 2125
	Edge: 14 <--> 25 	 Freq: 3.5 	 Demand: 3910
	Edge: 25 <--> 11 	 Freq: 3.5 	 Demand: 1938
	Edge: 19 <--> 20 	 Freq: 3.5 	 Demand: 850
	Edge: 3 <--> 5 	 Freq: 3.5 	 Demand: 680

Day 11, number of edges 15, number of routes 5

	Edges:

	Edge: 5 <--> 6 	 Freq: 2.3 	 Demand: 3584
	Edge: 2 <--> 3 	 Freq: 2.3 	 Demand: 2040
	Edge: 22 <--> 23 	 Freq: 2.3 	 Demand: 3760
	Edge: 4 <--> 3 	 Freq: 2.3 	 Demand: 3889
	Edge: 24 <--> 22 	 Freq: 2.3 	 Demand: 4080
	Edge: 14 <--> 25 	 Freq: 2.3 	 Demand: 3060
	Edge: 6 <--> 24 	 Freq: 2.3 	 Demand: 3060
	Edge: 7 <--> 21 	 Freq: 2.3 	 Demand: 4080
	Edge: 21 <--> 22 	 Freq: 2.3 	 Demand: 4157
	Edge: 26 <--> 9 	 Freq: 7.0 	 Demand: 6338
	Edge: 18 <--> 16 	 Freq: 7.0 	 Demand: 2550
	Edge: 0 <--> 9 	 Freq: 7.0 	 Demand: 204
	Edge: 16 <--> 27 	 Freq: 7.0 	 Demand: 612
	Edge: 8 <--> 25 	 Freq: 7.0 	 Demand: 4076
	Edge: 8 <--> 11 	 Freq: 7.0 	 Demand: 1020

	Routes:

	Route: 1
	Route length (940.0) and demand (11997)
	Edge: 24 <--> 22 	 Freq: 2.3 	 Demand: 4080
	Edge: 21 <--> 22 	 Freq: 2.3 	 Demand: 4157
	Edge: 22 <--> 23 	 Freq: 2.3 	 Demand: 3760
	Route: 2
	Route length (214.0) and demand (5929)
	Edge: 4 <--> 3 	 Freq: 2.3 	 Demand: 3889
	Edge: 2 <--> 3 	 Freq: 2.3 	 Demand: 2040
	Route: 3
	Route length (668.0) and demand (8156)
	Edge: 8 <--> 11 	 Freq: 7.0 	 Demand: 1020
	Edge: 8 <--> 25 	 Freq: 7.0 	 Demand: 4076
	Edge: 14 <--> 25 	 Freq: 2.3 	 Demand: 3060
	Route: 4
	Route length (607.0) and demand (9704)
	Edge: 18 <--> 16 	 Freq: 7.0 	 Demand: 2550
	Edge: 16 <--> 27 	 Freq: 7.0 	 Demand: 612
	Edge: 26 <--> 9 	 Freq: 7.0 	 Demand: 6338
	Edge: 0 <--> 9 	 Freq: 7.0 	 Demand: 204
	Route: 5
	Route length (584.0) and demand (10724)
	Edge: 5 <--> 6 	 Freq: 2.3 	 Demand: 3584
	Edge: 7 <--> 21 	 Freq: 2.3 	 Demand: 4080
	Edge: 6 <--> 24 	 Freq: 2.3 	 Demand: 3060

Day 12, number of edges 0, number of routes 0

	Edges:


	Routes:


Day 13, number of edges 0, number of routes 0

	Edges:


	Routes:


Day 14, number of edges 22, number of routes 6

	Edges:

	Edge: 2 <--> 3 	 Freq: 2.3 	 Demand: 2040
	Edge: 5 <--> 6 	 Freq: 2.3 	 Demand: 3584
	Edge: 4 <--> 3 	 Freq: 2.3 	 Demand: 3889
	Edge: 14 <--> 25 	 Freq: 2.3 	 Demand: 3060
	Edge: 7 <--> 21 	 Freq: 2.3 	 Demand: 4080
	Edge: 6 <--> 24 	 Freq: 2.3 	 Demand: 3060
	Edge: 22 <--> 23 	 Freq: 2.3 	 Demand: 3760
	Edge: 24 <--> 22 	 Freq: 2.3 	 Demand: 4080
	Edge: 21 <--> 22 	 Freq: 2.3 	 Demand: 4157
	Edge: 17 <--> 13 	 Freq: 3.5 	 Demand: 1360
	Edge: 2 <--> 3 	 Freq: 3.5 	 Demand: 4080
	Edge: 22 <--> 23 	 Freq: 3.5 	 Demand: 1530
	Edge: 3 <--> 5 	 Freq: 3.5 	 Demand: 680
	Edge: 19 <--> 20 	 Freq: 3.5 	 Demand: 850
	Edge: 27 <--> 26 	 Freq: 3.5 	 Demand: 1020
	Edge: 18 <--> 16 	 Freq: 3.5 	 Demand: 4245
	Edge: 12 <--> 14 	 Freq: 3.5 	 Demand: 2125
	Edge: 9 <--> 10 	 Freq: 3.5 	 Demand: 3264
	Edge: 25 <--> 11 	 Freq: 3.5 	 Demand: 1938
	Edge: 14 <--> 25 	 Freq: 3.5 	 Demand: 3910
	Edge: 16 <--> 27 	 Freq: 3.5 	 Demand: 1020
	Edge: 18 <--> 26 	 Freq: 3.5 	 Demand: 2040

	Routes:

	Route: 1
	Route length (347.0) and demand (9513)
	Edge: 2 <--> 3 	 Freq: 2.3 	 Demand: 2040
	Edge: 4 <--> 3 	 Freq: 2.3 	 Demand: 3889
	Edge: 5 <--> 6 	 Freq: 2.3 	 Demand: 3584
	Route: 2
	Route length (281.0) and demand (8325)
	Edge: 2 <--> 3 	 Freq: 3.5 	 Demand: 4080
	Edge: 18 <--> 16 	 Freq: 3.5 	 Demand: 4245
	Route: 3
	Route length (940.0) and demand (11997)
	Edge: 22 <--> 23 	 Freq: 2.3 	 Demand: 3760
	Edge: 21 <--> 22 	 Freq: 2.3 	 Demand: 4157
	Edge: 24 <--> 22 	 Freq: 2.3 	 Demand: 4080
	Route: 4
	Route length (664.0) and demand (6545)
	Edge: 14 <--> 25 	 Freq: 2.3 	 Demand: 3060
	Edge: 12 <--> 14 	 Freq: 3.5 	 Demand: 2125
	Edge: 17 <--> 13 	 Freq: 3.5 	 Demand: 1360
	Route: 5
	Route length (873.0) and demand (11458)
	Edge: 14 <--> 25 	 Freq: 3.5 	 Demand: 3910
	Edge: 25 <--> 11 	 Freq: 3.5 	 Demand: 1938
	Edge: 19 <--> 20 	 Freq: 3.5 	 Demand: 850
	Edge: 7 <--> 21 	 Freq: 2.3 	 Demand: 4080
	Edge: 3 <--> 5 	 Freq: 3.5 	 Demand: 680
	Route: 6
	Route length (1252.0) and demand (11934)
	Edge: 9 <--> 10 	 Freq: 3.5 	 Demand: 3264
	Edge: 18 <--> 26 	 Freq: 3.5 	 Demand: 2040
	Edge: 27 <--> 26 	 Freq: 3.5 	 Demand: 1020
	Edge: 16 <--> 27 	 Freq: 3.5 	 Demand: 1020
	Edge: 22 <--> 23 	 Freq: 3.5 	 Demand: 1530
	Edge: 6 <--> 24 	 Freq: 2.3 	 Demand: 3060

Day 15, number of edges 10, number of routes 2

	Edges:

	Edge: 5 <--> 6 	 Freq: 14.0 	 Demand: 2550
	Edge: 17 <--> 13 	 Freq: 14.0 	 Demand: 408
	Edge: 7 <--> 1 	 Freq: 14.0 	 Demand: 3825
	Edge: 16 <--> 27 	 Freq: 14.0 	 Demand: 2380
	Edge: 11 <--> 1 	 Freq: 7.0 	 Demand: 3060
	Edge: 18 <--> 16 	 Freq: 7.0 	 Demand: 2550
	Edge: 25 <--> 11 	 Freq: 7.0 	 Demand: 850
	Edge: 14 <--> 25 	 Freq: 7.0 	 Demand: 2550
	Edge: 8 <--> 11 	 Freq: 7.0 	 Demand: 1020
	Edge: 15 <--> 8 	 Freq: 7.0 	 Demand: 1700

	Routes:

	Route: 1
	Route length (801.0) and demand (11305)
	Edge: 7 <--> 1 	 Freq: 14.0 	 Demand: 3825
	Edge: 5 <--> 6 	 Freq: 14.0 	 Demand: 2550
	Edge: 18 <--> 16 	 Freq: 7.0 	 Demand: 2550
	Edge: 16 <--> 27 	 Freq: 14.0 	 Demand: 2380
	Route: 2
	Route length (1003.0) and demand (9588)
	Edge: 17 <--> 13 	 Freq: 14.0 	 Demand: 408
	Edge: 14 <--> 25 	 Freq: 7.0 	 Demand: 2550
	Edge: 25 <--> 11 	 Freq: 7.0 	 Demand: 850
	Edge: 11 <--> 1 	 Freq: 7.0 	 Demand: 3060
	Edge: 8 <--> 11 	 Freq: 7.0 	 Demand: 1020
	Edge: 15 <--> 8 	 Freq: 7.0 	 Demand: 1700

Day 16, number of edges 9, number of routes 4

	Edges:

	Edge: 5 <--> 6 	 Freq: 2.3 	 Demand: 3584
	Edge: 2 <--> 3 	 Freq: 2.3 	 Demand: 2040
	Edge: 22 <--> 23 	 Freq: 2.3 	 Demand: 3760
	Edge: 4 <--> 3 	 Freq: 2.3 	 Demand: 3889
	Edge: 24 <--> 22 	 Freq: 2.3 	 Demand: 4080
	Edge: 14 <--> 25 	 Freq: 2.3 	 Demand: 3060
	Edge: 6 <--> 24 	 Freq: 2.3 	 Demand: 3060
	Edge: 7 <--> 21 	 Freq: 2.3 	 Demand: 4080
	Edge: 21 <--> 22 	 Freq: 2.3 	 Demand: 4157

	Routes:

	Route: 1
	Route length (665.0) and demand (10724)
	Edge: 5 <--> 6 	 Freq: 2.3 	 Demand: 3584
	Edge: 6 <--> 24 	 Freq: 2.3 	 Demand: 3060
	Edge: 24 <--> 22 	 Freq: 2.3 	 Demand: 4080
	Route: 2
	Route length (402.0) and demand (3060)
	Edge: 14 <--> 25 	 Freq: 2.3 	 Demand: 3060
	Route: 3
	Route length (850.0) and demand (11997)
	Edge: 7 <--> 21 	 Freq: 2.3 	 Demand: 4080
	Edge: 21 <--> 22 	 Freq: 2.3 	 Demand: 4157
	Edge: 22 <--> 23 	 Freq: 2.3 	 Demand: 3760
	Route: 4
	Route length (214.0) and demand (5929)
	Edge: 2 <--> 3 	 Freq: 2.3 	 Demand: 2040
	Edge: 4 <--> 3 	 Freq: 2.3 	 Demand: 3889

Day 17, number of edges 13, number of routes 3

	Edges:

	Edge: 17 <--> 13 	 Freq: 3.5 	 Demand: 1360
	Edge: 2 <--> 3 	 Freq: 3.5 	 Demand: 4080
	Edge: 22 <--> 23 	 Freq: 3.5 	 Demand: 1530
	Edge: 3 <--> 5 	 Freq: 3.5 	 Demand: 680
	Edge: 19 <--> 20 	 Freq: 3.5 	 Demand: 850
	Edge: 27 <--> 26 	 Freq: 3.5 	 Demand: 1020
	Edge: 18 <--> 16 	 Freq: 3.5 	 Demand: 4245
	Edge: 12 <--> 14 	 Freq: 3.5 	 Demand: 2125
	Edge: 9 <--> 10 	 Freq: 3.5 	 Demand: 3264
	Edge: 25 <--> 11 	 Freq: 3.5 	 Demand: 1938
	Edge: 14 <--> 25 	 Freq: 3.5 	 Demand: 3910
	Edge: 16 <--> 27 	 Freq: 3.5 	 Demand: 1020
	Edge: 18 <--> 26 	 Freq: 3.5 	 Demand: 2040

	Routes:

	Route: 1
	Route length (1113.0) and demand (8874)
	Edge: 9 <--> 10 	 Freq: 3.5 	 Demand: 3264
	Edge: 18 <--> 26 	 Freq: 3.5 	 Demand: 2040
	Edge: 27 <--> 26 	 Freq: 3.5 	 Demand: 1020
	Edge: 16 <--> 27 	 Freq: 3.5 	 Demand: 1020
	Edge: 22 <--> 23 	 Freq: 3.5 	 Demand: 1530
	Route: 2
	Route length (1004.0) and demand (10863)
	Edge: 17 <--> 13 	 Freq: 3.5 	 Demand: 1360
	Edge: 12 <--> 14 	 Freq: 3.5 	 Demand: 2125
	Edge: 14 <--> 25 	 Freq: 3.5 	 Demand: 3910
	Edge: 25 <--> 11 	 Freq: 3.5 	 Demand: 1938
	Edge: 19 <--> 20 	 Freq: 3.5 	 Demand: 850
	Edge: 3 <--> 5 	 Freq: 3.5 	 Demand: 680
	Route: 3
	Route length (281.0) and demand (8325)
	Edge: 2 <--> 3 	 Freq: 3.5 	 Demand: 4080
	Edge: 18 <--> 16 	 Freq: 3.5 	 Demand: 4245

Day 18, number of edges 9, number of routes 4

	Edges:

	Edge: 5 <--> 6 	 Freq: 2.3 	 Demand: 3584
	Edge: 2 <--> 3 	 Freq: 2.3 	 Demand: 2040
	Edge: 22 <--> 23 	 Freq: 2.3 	 Demand: 3760
	Edge: 4 <--> 3 	 Freq: 2.3 	 Demand: 3889
	Edge: 24 <--> 22 	 Freq: 2.3 	 Demand: 4080
	Edge: 14 <--> 25 	 Freq: 2.3 	 Demand: 3060
	Edge: 6 <--> 24 	 Freq: 2.3 	 Demand: 3060
	Edge: 7 <--> 21 	 Freq: 2.3 	 Demand: 4080
	Edge: 21 <--> 22 	 Freq: 2.3 	 Demand: 4157

	Routes:

	Route: 1
	Route length (665.0) and demand (10724)
	Edge: 5 <--> 6 	 Freq: 2.3 	 Demand: 3584
	Edge: 6 <--> 24 	 Freq: 2.3 	 Demand: 3060
	Edge: 24 <--> 22 	 Freq: 2.3 	 Demand: 4080
	Route: 2
	Route length (402.0) and demand (3060)
	Edge: 14 <--> 25 	 Freq: 2.3 	 Demand: 3060
	Route: 3
	Route length (850.0) and demand (11997)
	Edge: 7 <--> 21 	 Freq: 2.3 	 Demand: 4080
	Edge: 21 <--> 22 	 Freq: 2.3 	 Demand: 4157
	Edge: 22 <--> 23 	 Freq: 2.3 	 Demand: 3760
	Route: 4
	Route length (214.0) and demand (5929)
	Edge: 2 <--> 3 	 Freq: 2.3 	 Demand: 2040
	Edge: 4 <--> 3 	 Freq: 2.3 	 Demand: 3889

Day 19, number of edges 0, number of routes 0

	Edges:


	Routes:


Day 20, number of edges 0, number of routes 0

	Edges:


	Routes:


Day 21, number of edges 22, number of routes 6

	Edges:

	Edge: 2 <--> 3 	 Freq: 2.3 	 Demand: 2040
	Edge: 5 <--> 6 	 Freq: 2.3 	 Demand: 3584
	Edge: 4 <--> 3 	 Freq: 2.3 	 Demand: 3889
	Edge: 14 <--> 25 	 Freq: 2.3 	 Demand: 3060
	Edge: 7 <--> 21 	 Freq: 2.3 	 Demand: 4080
	Edge: 6 <--> 24 	 Freq: 2.3 	 Demand: 3060
	Edge: 22 <--> 23 	 Freq: 2.3 	 Demand: 3760
	Edge: 24 <--> 22 	 Freq: 2.3 	 Demand: 4080
	Edge: 21 <--> 22 	 Freq: 2.3 	 Demand: 4157
	Edge: 17 <--> 13 	 Freq: 3.5 	 Demand: 1360
	Edge: 2 <--> 3 	 Freq: 3.5 	 Demand: 4080
	Edge: 22 <--> 23 	 Freq: 3.5 	 Demand: 1530
	Edge: 3 <--> 5 	 Freq: 3.5 	 Demand: 680
	Edge: 19 <--> 20 	 Freq: 3.5 	 Demand: 850
	Edge: 27 <--> 26 	 Freq: 3.5 	 Demand: 1020
	Edge: 18 <--> 16 	 Freq: 3.5 	 Demand: 4245
	Edge: 12 <--> 14 	 Freq: 3.5 	 Demand: 2125
	Edge: 9 <--> 10 	 Freq: 3.5 	 Demand: 3264
	Edge: 25 <--> 11 	 Freq: 3.5 	 Demand: 1938
	Edge: 14 <--> 25 	 Freq: 3.5 	 Demand: 3910
	Edge: 16 <--> 27 	 Freq: 3.5 	 Demand: 1020
	Edge: 18 <--> 26 	 Freq: 3.5 	 Demand: 2040

	Routes:

	Route: 1
	Route length (347.0) and demand (9513)
	Edge: 2 <--> 3 	 Freq: 2.3 	 Demand: 2040
	Edge: 4 <--> 3 	 Freq: 2.3 	 Demand: 3889
	Edge: 5 <--> 6 	 Freq: 2.3 	 Demand: 3584
	Route: 2
	Route length (281.0) and demand (8325)
	Edge: 2 <--> 3 	 Freq: 3.5 	 Demand: 4080
	Edge: 18 <--> 16 	 Freq: 3.5 	 Demand: 4245
	Route: 3
	Route length (940.0) and demand (11997)
	Edge: 22 <--> 23 	 Freq: 2.3 	 Demand: 3760
	Edge: 21 <--> 22 	 Freq: 2.3 	 Demand: 4157
	Edge: 24 <--> 22 	 Freq: 2.3 	 Demand: 4080
	Route: 4
	Route length (664.0) and demand (6545)
	Edge: 14 <--> 25 	 Freq: 2.3 	 Demand: 3060
	Edge: 12 <--> 14 	 Freq: 3.5 	 Demand: 2125
	Edge: 17 <--> 13 	 Freq: 3.5 	 Demand: 1360
	Route: 5
	Route length (873.0) and demand (11458)
	Edge: 14 <--> 25 	 Freq: 3.5 	 Demand: 3910
	Edge: 25 <--> 11 	 Freq: 3.5 	 Demand: 1938
	Edge: 19 <--> 20 	 Freq: 3.5 	 Demand: 850
	Edge: 7 <--> 21 	 Freq: 2.3 	 Demand: 4080
	Edge: 3 <--> 5 	 Freq: 3.5 	 Demand: 680
	Route: 6
	Route length (1252.0) and demand (11934)
	Edge: 9 <--> 10 	 Freq: 3.5 	 Demand: 3264
	Edge: 18 <--> 26 	 Freq: 3.5 	 Demand: 2040
	Edge: 27 <--> 26 	 Freq: 3.5 	 Demand: 1020
	Edge: 16 <--> 27 	 Freq: 3.5 	 Demand: 1020
	Edge: 22 <--> 23 	 Freq: 3.5 	 Demand: 1530
	Edge: 6 <--> 24 	 Freq: 2.3 	 Demand: 3060

Day 22, number of edges 10, number of routes 3

	Edges:

	Edge: 15 <--> 8 	 Freq: 7.0 	 Demand: 1700
	Edge: 11 <--> 1 	 Freq: 7.0 	 Demand: 3060
	Edge: 26 <--> 9 	 Freq: 7.0 	 Demand: 6338
	Edge: 18 <--> 16 	 Freq: 7.0 	 Demand: 2550
	Edge: 8 <--> 25 	 Freq: 7.0 	 Demand: 4076
	Edge: 25 <--> 11 	 Freq: 7.0 	 Demand: 850
	Edge: 14 <--> 25 	 Freq: 7.0 	 Demand: 2550
	Edge: 0 <--> 9 	 Freq: 7.0 	 Demand: 204
	Edge: 16 <--> 27 	 Freq: 7.0 	 Demand: 612
	Edge: 8 <--> 11 	 Freq: 7.0 	 Demand: 1020

	Routes:

	Route: 1
	Route length (196.0) and demand (1700)
	Edge: 15 <--> 8 	 Freq: 7.0 	 Demand: 1700
	Route: 2
	Route length (813.0) and demand (11556)
	Edge: 8 <--> 25 	 Freq: 7.0 	 Demand: 4076
	Edge: 14 <--> 25 	 Freq: 7.0 	 Demand: 2550
	Edge: 25 <--> 11 	 Freq: 7.0 	 Demand: 850
	Edge: 11 <--> 1 	 Freq: 7.0 	 Demand: 3060
	Edge: 8 <--> 11 	 Freq: 7.0 	 Demand: 1020
	Route: 3
	Route length (607.0) and demand (9704)
	Edge: 18 <--> 16 	 Freq: 7.0 	 Demand: 2550
	Edge: 16 <--> 27 	 Freq: 7.0 	 Demand: 612
	Edge: 26 <--> 9 	 Freq: 7.0 	 Demand: 6338
	Edge: 0 <--> 9 	 Freq: 7.0 	 Demand: 204

Day 23, number of edges 9, number of routes 4

	Edges:

	Edge: 5 <--> 6 	 Freq: 2.3 	 Demand: 3584
	Edge: 2 <--> 3 	 Freq: 2.3 	 Demand: 2040
	Edge: 22 <--> 23 	 Freq: 2.3 	 Demand: 3760
	Edge: 4 <--> 3 	 Freq: 2.3 	 Demand: 3889
	Edge: 24 <--> 22 	 Freq: 2.3 	 Demand: 4080
	Edge: 14 <--> 25 	 Freq: 2.3 	 Demand: 3060
	Edge: 6 <--> 24 	 Freq: 2.3 	 Demand: 3060
	Edge: 7 <--> 21 	 Freq: 2.3 	 Demand: 4080
	Edge: 21 <--> 22 	 Freq: 2.3 	 Demand: 4157

	Routes:

	Route: 1
	Route length (665.0) and demand (10724)
	Edge: 5 <--> 6 	 Freq: 2.3 	 Demand: 3584
	Edge: 6 <--> 24 	 Freq: 2.3 	 Demand: 3060
	Edge: 24 <--> 22 	 Freq: 2.3 	 Demand: 4080
	Route: 2
	Route length (402.0) and demand (3060)
	Edge: 14 <--> 25 	 Freq: 2.3 	 Demand: 3060
	Route: 3
	Route length (850.0) and demand (11997)
	Edge: 7 <--> 21 	 Freq: 2.3 	 Demand: 4080
	Edge: 21 <--> 22 	 Freq: 2.3 	 Demand: 4157
	Edge: 22 <--> 23 	 Freq: 2.3 	 Demand: 3760
	Route: 4
	Route length (214.0) and demand (5929)
	Edge: 2 <--> 3 	 Freq: 2.3 	 Demand: 2040
	Edge: 4 <--> 3 	 Freq: 2.3 	 Demand: 3889

Day 24, number of edges 11, number of routes 3

	Edges:

	Edge: 17 <--> 13 	 Freq: 3.5 	 Demand: 1360
	Edge: 2 <--> 3 	 Freq: 3.5 	 Demand: 4080
	Edge: 22 <--> 23 	 Freq: 3.5 	 Demand: 1530
	Edge: 3 <--> 5 	 Freq: 3.5 	 Demand: 680
	Edge: 19 <--> 20 	 Freq: 3.5 	 Demand: 850
	Edge: 27 <--> 26 	 Freq: 3.5 	 Demand: 1020
	Edge: 12 <--> 14 	 Freq: 3.5 	 Demand: 2125
	Edge: 25 <--> 11 	 Freq: 3.5 	 Demand: 1938
	Edge: 14 <--> 25 	 Freq: 3.5 	 Demand: 3910
	Edge: 16 <--> 27 	 Freq: 3.5 	 Demand: 1020
	Edge: 9 <--> 10 	 Freq: 3.5 	 Demand: 3264

	Routes:

	Route: 1
	Route length (97.0) and demand (4080)
	Edge: 2 <--> 3 	 Freq: 3.5 	 Demand: 4080
	Route: 2
	Route length (1004.0) and demand (10863)
	Edge: 17 <--> 13 	 Freq: 3.5 	 Demand: 1360
	Edge: 12 <--> 14 	 Freq: 3.5 	 Demand: 2125
	Edge: 14 <--> 25 	 Freq: 3.5 	 Demand: 3910
	Edge: 25 <--> 11 	 Freq: 3.5 	 Demand: 1938
	Edge: 19 <--> 20 	 Freq: 3.5 	 Demand: 850
	Edge: 3 <--> 5 	 Freq: 3.5 	 Demand: 680
	Route: 3
	Route length (957.0) and demand (6834)
	Edge: 9 <--> 10 	 Freq: 3.5 	 Demand: 3264
	Edge: 27 <--> 26 	 Freq: 3.5 	 Demand: 1020
	Edge: 16 <--> 27 	 Freq: 3.5 	 Demand: 1020
	Edge: 22 <--> 23 	 Freq: 3.5 	 Demand: 1530

Day 25, number of edges 11, number of routes 5

	Edges:

	Edge: 5 <--> 6 	 Freq: 2.3 	 Demand: 3584
	Edge: 2 <--> 3 	 Freq: 2.3 	 Demand: 2040
	Edge: 22 <--> 23 	 Freq: 2.3 	 Demand: 3760
	Edge: 4 <--> 3 	 Freq: 2.3 	 Demand: 3889
	Edge: 24 <--> 22 	 Freq: 2.3 	 Demand: 4080
	Edge: 14 <--> 25 	 Freq: 2.3 	 Demand: 3060
	Edge: 6 <--> 24 	 Freq: 2.3 	 Demand: 3060
	Edge: 7 <--> 21 	 Freq: 2.3 	 Demand: 4080
	Edge: 21 <--> 22 	 Freq: 2.3 	 Demand: 4157
	Edge: 18 <--> 16 	 Freq: 3.5 	 Demand: 4245
	Edge: 18 <--> 26 	 Freq: 3.5 	 Demand: 2040

	Routes:

	Route: 1
	Route length (850.0) and demand (11997)
	Edge: 7 <--> 21 	 Freq: 2.3 	 Demand: 4080
	Edge: 21 <--> 22 	 Freq: 2.3 	 Demand: 4157
	Edge: 22 <--> 23 	 Freq: 2.3 	 Demand: 3760
	Route: 2
	Route length (665.0) and demand (10724)
	Edge: 5 <--> 6 	 Freq: 2.3 	 Demand: 3584
	Edge: 6 <--> 24 	 Freq: 2.3 	 Demand: 3060
	Edge: 24 <--> 22 	 Freq: 2.3 	 Demand: 4080
	Route: 3
	Route length (402.0) and demand (3060)
	Edge: 14 <--> 25 	 Freq: 2.3 	 Demand: 3060
	Route: 4
	Route length (382.0) and demand (6285)
	Edge: 18 <--> 26 	 Freq: 3.5 	 Demand: 2040
	Edge: 18 <--> 16 	 Freq: 3.5 	 Demand: 4245
	Route: 5
	Route length (214.0) and demand (5929)
	Edge: 2 <--> 3 	 Freq: 2.3 	 Demand: 2040
	Edge: 4 <--> 3 	 Freq: 2.3 	 Demand: 3889

Day 26, number of edges 0, number of routes 0

	Edges:


	Routes:


Day 27, number of edges 0, number of routes 0

	Edges:


	Routes:


----- MARKER - SOLUTION PRINTED ABOVE -------

Printing greedy algorithm time to avoid scrolling or ctrl+f
Greedy algorithm time: 0:00:00.001876 seconds
LS time: 0:00:17.406247
Greedy algorithm score: 148278567.0
LS return score: 24054052.0
Final solution score: 24054052.0
Maximum routes among all days: 9
Minimum routes among all days: 0

Penalties count:
Overloaded route count: 0
Irregular services count: 0
Irregular spacing count: 30
